Component: ARM Compiler 5.06 update 6 (build 750) Tool: armlink [4d35ed]

==============================================================================

Section Cross References

    startup_stm32f103xb.o(STACK) refers (Special) to heapauxi.o(.text) for __use_two_region_memory
    startup_stm32f103xb.o(HEAP) refers (Special) to heapauxi.o(.text) for __use_two_region_memory
    startup_stm32f103xb.o(RESET) refers (Special) to heapauxi.o(.text) for __use_two_region_memory
    startup_stm32f103xb.o(RESET) refers to startup_stm32f103xb.o(STACK) for __initial_sp
    startup_stm32f103xb.o(RESET) refers to startup_stm32f103xb.o(.text) for Reset_Handler
    startup_stm32f103xb.o(RESET) refers to stm32f1xx_it.o(i.NMI_Handler) for NMI_Handler
    startup_stm32f103xb.o(RESET) refers to stm32f1xx_it.o(i.HardFault_Handler) for HardFault_Handler
    startup_stm32f103xb.o(RESET) refers to stm32f1xx_it.o(i.MemManage_Handler) for MemManage_Handler
    startup_stm32f103xb.o(RESET) refers to stm32f1xx_it.o(i.BusFault_Handler) for BusFault_Handler
    startup_stm32f103xb.o(RESET) refers to stm32f1xx_it.o(i.UsageFault_Handler) for UsageFault_Handler
    startup_stm32f103xb.o(RESET) refers to stm32f1xx_it.o(i.SVC_Handler) for SVC_Handler
    startup_stm32f103xb.o(RESET) refers to stm32f1xx_it.o(i.DebugMon_Handler) for DebugMon_Handler
    startup_stm32f103xb.o(RESET) refers to stm32f1xx_it.o(i.PendSV_Handler) for PendSV_Handler
    startup_stm32f103xb.o(RESET) refers to stm32f1xx_it.o(i.SysTick_Handler) for SysTick_Handler
    startup_stm32f103xb.o(RESET) refers to stm32f1xx_it.o(i.DMA1_Channel3_IRQHandler) for DMA1_Channel3_IRQHandler
    startup_stm32f103xb.o(RESET) refers to stm32f1xx_it.o(i.DMA1_Channel5_IRQHandler) for DMA1_Channel5_IRQHandler
    startup_stm32f103xb.o(RESET) refers to stm32f1xx_it.o(i.TIM4_IRQHandler) for TIM4_IRQHandler
    startup_stm32f103xb.o(RESET) refers to stm32f1xx_it.o(i.USART1_IRQHandler) for USART1_IRQHandler
    startup_stm32f103xb.o(RESET) refers to stm32f1xx_it.o(i.USART3_IRQHandler) for USART3_IRQHandler
    startup_stm32f103xb.o(.text) refers (Special) to heapauxi.o(.text) for __use_two_region_memory
    startup_stm32f103xb.o(.text) refers to system_stm32f1xx.o(i.SystemInit) for SystemInit
    startup_stm32f103xb.o(.text) refers to __main.o(!!!main) for __main
    startup_stm32f103xb.o(.text) refers to startup_stm32f103xb.o(HEAP) for Heap_Mem
    startup_stm32f103xb.o(.text) refers to startup_stm32f103xb.o(STACK) for Stack_Mem
    mymain.o(i.buffer_hadle_USART1) refers to _printf_percent.o(.ARM.Collect$$_printf_percent$$00000000) for _printf_percent
    mymain.o(i.buffer_hadle_USART1) refers to _printf_s.o(.ARM.Collect$$_printf_percent$$00000014) for _printf_s
    mymain.o(i.buffer_hadle_USART1) refers to _printf_str.o(.text) for _printf_str
    mymain.o(i.buffer_hadle_USART1) refers to noretval__2printf.o(.text) for __2printf
    mymain.o(i.buffer_hadle_USART3) refers to _printf_percent.o(.ARM.Collect$$_printf_percent$$00000000) for _printf_percent
    mymain.o(i.buffer_hadle_USART3) refers to _printf_s.o(.ARM.Collect$$_printf_percent$$00000014) for _printf_s
    mymain.o(i.buffer_hadle_USART3) refers to _printf_str.o(.text) for _printf_str
    mymain.o(i.buffer_hadle_USART3) refers to noretval__2printf.o(.text) for __2printf
    mymain.o(i.mymain) refers to stm32f1xx_hal.o(i.HAL_Delay) for HAL_Delay
    mymain.o(i.mymain) refers to tim.o(.bss) for htim3
    steer.o(i.steer_init) refers to steer.o(.data) for .data
    steer.o(i.steer_rotate_x) refers to fmul.o(x$fpl$fmul) for __aeabi_fmul
    steer.o(i.steer_rotate_x) refers to faddsub_clz.o(x$fpl$fadd) for __aeabi_fadd
    steer.o(i.steer_rotate_x) refers to ffixu.o(x$fpl$ffixu) for __aeabi_f2uiz
    steer.o(i.steer_rotate_x) refers to tim.o(.bss) for htim3
    steer.o(i.steer_rotate_y) refers to fmul.o(x$fpl$fmul) for __aeabi_fmul
    steer.o(i.steer_rotate_y) refers to faddsub_clz.o(x$fpl$fadd) for __aeabi_fadd
    steer.o(i.steer_rotate_y) refers to ffixu.o(x$fpl$ffixu) for __aeabi_f2uiz
    steer.o(i.steer_rotate_y) refers to tim.o(.bss) for htim3
    led.o(i.led1_off) refers to stm32f1xx_hal_gpio.o(i.HAL_GPIO_WritePin) for HAL_GPIO_WritePin
    led.o(i.led1_on) refers to stm32f1xx_hal_gpio.o(i.HAL_GPIO_WritePin) for HAL_GPIO_WritePin
    led.o(i.led2_off) refers to stm32f1xx_hal_gpio.o(i.HAL_GPIO_WritePin) for HAL_GPIO_WritePin
    led.o(i.led2_on) refers to noretval__2printf.o(.text) for __2printf
    led.o(i.led2_on) refers to stm32f1xx_hal_gpio.o(i.HAL_GPIO_WritePin) for HAL_GPIO_WritePin
    main.o(i.Error_Handler) refers to stm32f1xx_hal.o(i.HAL_Delay) for HAL_Delay
    main.o(i.Error_Handler) refers to tim.o(.bss) for htim3
    main.o(i.SystemClock_Config) refers to rt_memclr_w.o(.text) for __aeabi_memclr4
    main.o(i.SystemClock_Config) refers to stm32f1xx_hal_rcc.o(i.HAL_RCC_OscConfig) for HAL_RCC_OscConfig
    main.o(i.SystemClock_Config) refers to stm32f1xx_hal_rcc.o(i.HAL_RCC_ClockConfig) for HAL_RCC_ClockConfig
[...]
    .ARM.Collect$$libinit$$00000011          0x0800017a   Section        0  libinit2.o(.ARM.Collect$$libinit$$00000011)
    .ARM.Collect$$libinit$$00000013          0x0800017a   Section        0  libinit2.o(.ARM.Collect$$libinit$$00000013)
    .ARM.Collect$$libinit$$00000015          0x0800017a   Section        0  libinit2.o(.ARM.Collect$$libinit$$00000015)
    .ARM.Collect$$libinit$$00000017          0x0800017a   Section        0  libinit2.o(.ARM.Collect$$libinit$$00000017)
    .ARM.Collect$$libinit$$00000019          0x0800017a   Section        0  libinit2.o(.ARM.Collect$$libinit$$00000019)
    .ARM.Collect$$libinit$$0000001B          0x0800017a   Section        0  libinit2.o(.ARM.Collect$$libinit$$0000001B)
    .ARM.Collect$$libinit$$0000001D          0x0800017a   Section        0  libinit2.o(.ARM.Collect$$libinit$$0000001D)
    .ARM.Collect$$libinit$$0000001F          0x0800017a   Section        0  libinit2.o(.ARM.Collect$$libinit$$0000001F)
    .ARM.Collect$$libinit$$00000021          0x0800017a   Section        0  libinit2.o(.ARM.Collect$$libinit$$00000021)
    .ARM.Collect$$libinit$$00000023          0x0800017a   Section        0  libinit2.o(.ARM.Collect$$libinit$$00000023)
    .ARM.Collect$$libinit$$00000024          0x0800017a   Section        4  libinit2.o(.ARM.Collect$$libinit$$00000024)
    .ARM.Collect$$libinit$$00000025          0x0800017e   Section        0  libinit2.o(.ARM.Collect$$libinit$$00000025)
    .ARM.Collect$$libinit$$0000002C          0x0800017e   Section        0  libinit2.o(.ARM.Collect$$libinit$$0000002C)
    .ARM.Collect$$libinit$$0000002E          0x0800017e   Section        0  libinit2.o(.ARM.Collect$$libinit$$0000002E)
    .ARM.Collect$$libinit$$00000030          0x0800017e   Section        0  libinit2.o(.ARM.Collect$$libinit$$00000030)
    .ARM.Collect$$libinit$$00000032          0x0800017e   Section        0  libinit2.o(.ARM.Collect$$libinit$$00000032)
    .ARM.Collect$$libinit$$00000033          0x0800017e   Section        2  libinit2.o(.ARM.Collect$$libinit$$00000033)
    .ARM.Collect$$libshutdown$$00000000      0x08000180   Section        2  libshutdown.o(.ARM.Collect$$libshutdown$$00000000)
    .ARM.Collect$$libshutdown$$00000002      0x08000182   Section        0  libshutdown2.o(.ARM.Collect$$libshutdown$$00000002)
    .ARM.Collect$$libshutdown$$00000003      0x08000182   Section        4  libshutdown2.o(.ARM.Collect$$libshutdown$$00000003)
    .ARM.Collect$$libshutdown$$00000004      0x08000186   Section        0  libshutdown2.o(.ARM.Collect$$libshutdown$$00000004)
    .ARM.Collect$$libshutdown$$00000007      0x08000186   Section        0  libshutdown2.o(.ARM.Collect$$libshutdown$$00000007)
    .ARM.Collect$$libshutdown$$0000000A      0x08000186   Section        0  libshutdown2.o(.ARM.Collect$$libshutdown$$0000000A)
    .ARM.Collect$$libshutdown$$0000000C      0x08000186   Section        0  libshutdown2.o(.ARM.Collect$$libshutdown$$0000000C)
    .ARM.Collect$$libshutdown$$0000000F      0x08000186   Section        0  libshutdown2.o(.ARM.Collect$$libshutdown$$0000000F)
    .ARM.Collect$$libshutdown$$00000010      0x08000186   Section        2  libshutdown2.o(.ARM.Collect$$libshutdown$$00000010)
    .ARM.Collect$$rtentry$$00000000          0x08000188   Section        0  __rtentry.o(.ARM.Collect$$rtentry$$00000000)
    .ARM.Collect$$rtentry$$00000002          0x08000188   Section        0  __rtentry2.o(.ARM.Collect$$rtentry$$00000002)
    .ARM.Collect$$rtentry$$00000004          0x08000188   Section        6  __rtentry4.o(.ARM.Collect$$rtentry$$00000004)
    .ARM.Collect$$rtentry$$00000009          0x0800018e   Section        0  __rtentry2.o(.ARM.Collect$$rtentry$$00000009)
    .ARM.Collect$$rtentry$$0000000A          0x0800018e   Section        4  __rtentry2.o(.ARM.Collect$$rtentry$$0000000A)
    .ARM.Collect$$rtentry$$0000000C          0x08000192   Section        0  __rtentry2.o(.ARM.Collect$$rtentry$$0000000C)
    .ARM.Collect$$rtentry$$0000000D          0x08000192   Section        8  __rtentry2.o(.ARM.Collect$$rtentry$$0000000D)
    .ARM.Collect$$rtexit$$00000000           0x0800019a   Section        2  rtexit.o(.ARM.Collect$$rtexit$$00000000)
    .ARM.Collect$$rtexit$$00000002           0x0800019c   Section        0  rtexit2.o(.ARM.Collect$$rtexit$$00000002)
    .ARM.Collect$$rtexit$$00000003           0x0800019c   Section        4  rtexit2.o(.ARM.Collect$$rtexit$$00000003)
    .ARM.Collect$$rtexit$$00000004           0x080001a0   Section        6  rtexit2.o(.ARM.Collect$$rtexit$$00000004)
    .emb_text                                0x080001a8   Section        0  maybetermalloc1.o(.emb_text)
    .text                                    0x080001a8   Section       64  startup_stm32f103xb.o(.text)
    .text                                    0x080001e8   Section        0  noretval__2printf.o(.text)
    .text                                    0x08000200   Section        0  __printf.o(.text)
    .text                                    0x08000268   Section        0  _printf_str.o(.text)
    .text                                    0x080002bc   Section        0  _printf_dec.o(.text)
    .text                                    0x08000334   Section      138  rt_memcpy_v6.o(.text)
    .text                                    0x080003be   Section       78  rt_memclr_w.o(.text)
    .text                                    0x0800040c   Section        0  heapauxi.o(.text)
    .text                                    0x08000412   Section        0  _printf_intcommon.o(.text)
    .text                                    0x080004c4   Section        0  _printf_char.o(.text)
    .text                                    0x080004f0   Section        0  _printf_char_file.o(.text)
    .text                                    0x08000514   Section      100  rt_memcpy_w.o(.text)
    .text                                    0x08000578   Section        0  _printf_char_common.o(.text)
    _printf_input_char                       0x08000579   Thumb Code    10  _printf_char_common.o(.text)
    .text                                    0x080005a8   Section        0  ferror.o(.text)
    .text                                    0x080005b0   Section        0  initio.o(.text)
    .text                                    0x080006e8   Section        0  sys_io.o(.text)
    .text                                    0x0800074e   Section       74  sys_stackheap_outer.o(.text)
    .text                                    0x08000798   Section        0  h1_free.o(.text)
    .text                                    0x080007e6   Section        0  setvbuf.o(.text)
    .text                                    0x0800082c   Section        0  fopen.o(.text)
    _freopen_locked                          0x0800082d   Thumb Code     0  fopen.o(.text)
    .text                                    0x08000918   Section        0  fclose.o(.text)
    .text                                    0x08000964   Section        0  exit.o(.text)
    .text                                    0x08000976   Section        0  defsig_rtred_outer.o(.text)
    .text                                    0x08000984   Section        8  libspace.o(.text)
    .text                                    0x0800098c   Section        2  use_no_semi.o(.text)
    .text                                    0x0800098e   Section        0  indicate_semi.o(.text)
    .text                                    0x08000990   Section        8  rt_heap_descriptor_intlibspace.o(.text)
    .text                                    0x08000998   Section        0  hguard.o(.text)
    .text                                    0x0800099c   Section        0  init_alloc.o(.text)
    .text                                    0x08000a26   Section        0  h1_alloc.o(.text)
    .text                                    0x08000a84   Section        0  fseek.o(.text)
    .text                                    0x08000b7c   Section        0  stdio.o(.text)
    .text                                    0x08000c6c   Section        0  defsig_exit.o(.text)
    .text                                    0x08000c78   Section        0  defsig_rtred_inner.o(.text)
    .text                                    0x08000cac   Section        0  strlen.o(.text)
    .text                                    0x08000cec   Section        0  sys_exit.o(.text)
    .text                                    0x08000cf8   Section        0  h1_init.o(.text)
    .text                                    0x08000d06   Section        0  h1_extend.o(.text)
    .text                                    0x08000d3a   Section        0  ftell.o(.text)
    .text                                    0x08000d7c   Section        0  defsig_general.o(.text)
    .text                                    0x08000dae   Section        0  defsig_rtmem_outer.o(.text)
    .text                                    0x08000dbc   Section        0  sys_wrch.o(.text)
    .text                                    0x08000dcc   Section        8  rt_errno_addr_intlibspace.o(.text)
    .text                                    0x08000dd4   Section        0  defsig_rtmem_inner.o(.text)
    i.Bluetooth_UART_IRQHandler              0x08000e24   Section        0  usart.o(i.Bluetooth_UART_IRQHandler)
    i.BusFault_Handler                       0x08000e74   Section        0  stm32f1xx_it.o(i.BusFault_Handler)
    i.DMA1_Channel3_IRQHandler               0x08000e78   Section        0  stm32f1xx_it.o(i.DMA1_Channel3_IRQHandler)
    i.DMA1_Channel5_IRQHandler               0x08000e84   Section        0  stm32f1xx_it.o(i.DMA1_Channel5_IRQHandler)
    i.DMA_SetConfig                          0x08000e90   Section        0  stm32f1xx_hal_dma.o(i.DMA_SetConfig)
    DMA_SetConfig                            0x08000e91   Thumb Code    42  stm32f1xx_hal_dma.o(i.DMA_SetConfig)
    i.DebugMon_Handler                       0x08000eba   Section        0  stm32f1xx_it.o(i.DebugMon_Handler)
    i.Error_Handler                          0x08000ebc   Section        0  main.o(i.Error_Handler)
    i.HAL_DMA_Abort                          0x08000ee8   Section        0  stm32f1xx_hal_dma.o(i.HAL_DMA_Abort)
    i.HAL_DMA_Abort_IT                       0x08000f30   Section        0  stm32f1xx_hal_dma.o(i.HAL_DMA_Abort_IT)
    i.HAL_DMA_IRQHandler                     0x08000fc8   Section        0  stm32f1xx_hal_dma.o(i.HAL_DMA_IRQHandler)
    i.HAL_DMA_Init                           0x0800111c   Section        0  stm32f1xx_hal_dma.o(i.HAL_DMA_Init)
    i.HAL_DMA_Start_IT                       0x08001178   Section        0  stm32f1xx_hal_dma.o(i.HAL_DMA_Start_IT)
    i.HAL_Delay                              0x080011e8   Section        0  stm32f1xx_hal.o(i.HAL_Delay)
    i.HAL_GPIO_Init                          0x0800120c   Section        0  stm32f1xx_hal_gpio.o(i.HAL_GPIO_Init)
    i.HAL_GPIO_WritePin                      0x080013ec   Section        0  stm32f1xx_hal_gpio.o(i.HAL_GPIO_WritePin)
    i.HAL_GetTick                            0x080013f8   Section        0  stm32f1xx_hal.o(i.HAL_GetTick)
    i.HAL_IncTick                            0x08001404   Section        0  stm32f1xx_hal.o(i.HAL_IncTick)
    i.HAL_Init                               0x08001414   Section        0  stm32f1xx_hal.o(i.HAL_Init)
    i.HAL_InitTick                           0x08001438   Section        0  stm32f1xx_hal.o(i.HAL_InitTick)
    i.HAL_MspInit                            0x08001478   Section        0  stm32f1xx_hal_msp.o(i.HAL_MspInit)
    i.HAL_NVIC_EnableIRQ                     0x080014b4   Section        0  stm32f1xx_hal_cortex.o(i.HAL_NVIC_EnableIRQ)
    i.HAL_NVIC_SetPriority                   0x080014d0   Section        0  stm32f1xx_hal_cortex.o(i.HAL_NVIC_SetPriority)
    i.HAL_NVIC_SetPriorityGrouping           0x08001510   Section        0  stm32f1xx_hal_cortex.o(i.HAL_NVIC_SetPriorityGrouping)
    i.HAL_RCC_ClockConfig                    0x08001534   Section        0  stm32f1xx_hal_rcc.o(i.HAL_RCC_ClockConfig)
    i.HAL_RCC_GetPCLK1Freq                   0x08001660   Section        0  stm32f1xx_hal_rcc.o(i.HAL_RCC_GetPCLK1Freq)
    i.HAL_RCC_GetPCLK2Freq                   0x08001680   Section        0  stm32f1xx_hal_rcc.o(i.HAL_RCC_GetPCLK2Freq)
    i.HAL_RCC_GetSysClockFreq                0x080016a0   Section        0  stm32f1xx_hal_rcc.o(i.HAL_RCC_GetSysClockFreq)
    i.HAL_RCC_OscConfig                      0x080016ec   Section        0  stm32f1xx_hal_rcc.o(i.HAL_RCC_OscConfig)
    i.HAL_SYSTICK_Config                     0x08001a0c   Section        0  stm32f1xx_hal_cortex.o(i.HAL_SYSTICK_Config)
    i.HAL_TIMEx_BreakCallback                0x08001a34   Section        0  stm32f1xx_hal_tim_ex.o(i.HAL_TIMEx_BreakCallback)
    i.HAL_TIMEx_CommutCallback               0x08001a36   Section        0  stm32f1xx_hal_tim_ex.o(i.HAL_TIMEx_CommutCallback)
    i.HAL_TIMEx_MasterConfigSynchronization  0x08001a38   Section        0  stm32f1xx_hal_tim_ex.o(i.HAL_TIMEx_MasterConfigSynchronization)
    i.HAL_TIM_Base_Init                      0x08001aa0   Section        0  stm32f1xx_hal_tim.o(i.HAL_TIM_Base_Init)
    i.HAL_TIM_Base_MspInit                   0x08001afc   Section        0  tim.o(i.HAL_TIM_Base_MspInit)
    i.HAL_TIM_ConfigClockSource              0x08001b50   Section        0  stm32f1xx_hal_tim.o(i.HAL_TIM_ConfigClockSource)
    i.HAL_TIM_IC_CaptureCallback             0x08001c2c   Section        0  stm32f1xx_hal_tim.o(i.HAL_TIM_IC_CaptureCallback)
    i.HAL_TIM_IRQHandler                     0x08001c2e   Section        0  stm32f1xx_hal_tim.o(i.HAL_TIM_IRQHandler)
    i.HAL_TIM_MspPostInit                    0x08001d94   Section        0  tim.o(i.HAL_TIM_MspPostInit)
    i.HAL_TIM_OC_DelayElapsedCallback        0x08001de0   Section        0  stm32f1xx_hal_tim.o(i.HAL_TIM_OC_DelayElapsedCallback)
    i.HAL_TIM_PWM_ConfigChannel              0x08001de2   Section        0  stm32f1xx_hal_tim.o(i.HAL_TIM_PWM_ConfigChannel)
    i.HAL_TIM_PWM_Init                       0x08001eae   Section        0  stm32f1xx_hal_tim.o(i.HAL_TIM_PWM_Init)
    i.HAL_TIM_PWM_MspInit                    0x08001f08   Section        0  stm32f1xx_hal_tim.o(i.HAL_TIM_PWM_MspInit)
    i.HAL_TIM_PWM_PulseFinishedCallback      0x08001f0a   Section        0  stm32f1xx_hal_tim.o(i.HAL_TIM_PWM_PulseFinishedCallback)
    i.HAL_TIM_PWM_Start                      0x08001f0c   Section        0  stm32f1xx_hal_tim.o(i.HAL_TIM_PWM_Start)
    i.HAL_TIM_PeriodElapsedCallback          0x08001fa8   Section        0  stm32f1xx_hal_tim.o(i.HAL_TIM_PeriodElapsedCallback)
    i.HAL_TIM_TriggerCallback                0x08001faa   Section        0  stm32f1xx_hal_tim.o(i.HAL_TIM_TriggerCallback)
    i.HAL_UARTEx_RxEventCallback             0x08001fac   Section        0  stm32f1xx_hal_uart.o(i.HAL_UARTEx_RxEventCallback)
    i.HAL_UART_DMAStop                       0x08001fae   Section        0  stm32f1xx_hal_uart.o(i.HAL_UART_DMAStop)
    i.HAL_UART_ErrorCallback                 0x0800201e   Section        0  stm32f1xx_hal_uart.o(i.HAL_UART_ErrorCallback)
    i.HAL_UART_IRQHandler                    0x08002020   Section        0  stm32f1xx_hal_uart.o(i.HAL_UART_IRQHandler)
    i.HAL_UART_Init                          0x0800228c   Section        0  stm32f1xx_hal_uart.o(i.HAL_UART_Init)
    i.HAL_UART_MspInit                       0x080022f0   Section        0  usart.o(i.HAL_UART_MspInit)
    i.HAL_UART_Receive_DMA                   0x0800242c   Section        0  stm32f1xx_hal_uart.o(i.HAL_UART_Receive_DMA)
    i.HAL_UART_RxCpltCallback                0x08002448   Section        0  stm32f1xx_hal_uart.o(i.HAL_UART_RxCpltCallback)
    i.HAL_UART_RxHalfCpltCallback            0x0800244a   Section        0  stm32f1xx_hal_uart.o(i.HAL_UART_RxHalfCpltCallback)
    i.HAL_UART_Transmit                      0x0800244c   Section        0  stm32f1xx_hal_uart.o(i.HAL_UART_Transmit)
    i.HAL_UART_TxCpltCallback                0x080024e6   Section        0  stm32f1xx_hal_uart.o(i.HAL_UART_TxCpltCallback)
    i.HardFault_Handler                      0x080024e8   Section        0  stm32f1xx_it.o(i.HardFault_Handler)
    i.MX_DMA_Init                            0x080024ec   Section        0  dma.o(i.MX_DMA_Init)
    i.MX_GPIO_Init                           0x08002528   Section        0  gpio.o(i.MX_GPIO_Init)
    i.MX_TIM3_Init                           0x08002598   Section        0  tim.o(i.MX_TIM3_Init)
    i.MX_TIM4_Init                           0x08002644   Section        0  tim.o(i.MX_TIM4_Init)
    i.MX_USART1_UART_Init                    0x080026ac   Section        0  usart.o(i.MX_USART1_UART_Init)
    i.MX_USART3_UART_Init                    0x080026e4   Section        0  usart.o(i.MX_USART3_UART_Init)
    i.MemManage_Handler                      0x0800271c   Section        0  stm32f1xx_it.o(i.MemManage_Handler)
    i.NMI_Handler                            0x0800271e   Section        0  stm32f1xx_it.o(i.NMI_Handler)
    i.PendSV_Handler                         0x08002720   Section        0  stm32f1xx_it.o(i.PendSV_Handler)
    i.SVC_Handler                            0x08002722   Section        0  stm32f1xx_it.o(i.SVC_Handler)
    i.SysTick_Handler                        0x08002724   Section        0  stm32f1xx_it.o(i.SysTick_Handler)
    i.SystemClock_Config                     0x08002728   Section        0  main.o(i.SystemClock_Config)
    i.SystemInit                             0x08002780   Section        0  system_stm32f1xx.o(i.SystemInit)
    i.TIM4_IRQHandler                        0x08002784   Section        0  stm32f1xx_it.o(i.TIM4_IRQHandler)
    i.TIM_Base_SetConfig                     0x08002790   Section        0  stm32f1xx_hal_tim.o(i.TIM_Base_SetConfig)
    i.TIM_CCxChannelCmd                      0x080027fc   Section        0  stm32f1xx_hal_tim.o(i.TIM_CCxChannelCmd)
    i.TIM_ETR_SetConfig                      0x08002816   Section        0  stm32f1xx_hal_tim.o(i.TIM_ETR_SetConfig)
    i.TIM_ITRx_SetConfig                     0x0800282a   Section        0  stm32f1xx_hal_tim.o(i.TIM_ITRx_SetConfig)
    TIM_ITRx_SetConfig                       0x0800282b   Thumb Code    16  stm32f1xx_hal_tim.o(i.TIM_ITRx_SetConfig)
    i.TIM_OC1_SetConfig                      0x0800283c   Section        0  stm32f1xx_hal_tim.o(i.TIM_OC1_SetConfig)
    TIM_OC1_SetConfig                        0x0800283d   Thumb Code    74  stm32f1xx_hal_tim.o(i.TIM_OC1_SetConfig)
    i.TIM_OC2_SetConfig                      0x0800288c   Section        0  stm32f1xx_hal_tim.o(i.TIM_OC2_SetConfig)
    i.TIM_OC3_SetConfig                      0x080028e4   Section        0  stm32f1xx_hal_tim.o(i.TIM_OC3_SetConfig)
    TIM_OC3_SetConfig                        0x080028e5   Thumb Code    82  stm32f1xx_hal_tim.o(i.TIM_OC3_SetConfig)
    i.TIM_OC4_SetConfig                      0x0800293c   Section        0  stm32f1xx_hal_tim.o(i.TIM_OC4_SetConfig)
    TIM_OC4_SetConfig                        0x0800293d   Thumb Code    64  stm32f1xx_hal_tim.o(i.TIM_OC4_SetConfig)
    i.TIM_TI1_ConfigInputStage               0x08002980   Section        0  stm32f1xx_hal_tim.o(i.TIM_TI1_ConfigInputStage)
    TIM_TI1_ConfigInputStage                 0x08002981   Thumb Code    34  stm32f1xx_hal_tim.o(i.TIM_TI1_ConfigInputStage)
    i.TIM_TI2_ConfigInputStage               0x080029a2   Section        0  stm32f1xx_hal_tim.o(i.TIM_TI2_ConfigInputStage)
    TIM_TI2_ConfigInputStage                 0x080029a3   Thumb Code    36  stm32f1xx_hal_tim.o(i.TIM_TI2_ConfigInputStage)
    i.UART_DMAAbortOnError                   0x080029c6   Section        0  stm32f1xx_hal_uart.o(i.UART_DMAAbortOnError)
    UART_DMAAbortOnError                     0x080029c7   Thumb Code    16  stm32f1xx_hal_uart.o(i.UART_DMAAbortOnError)
    i.UART_DMAError                          0x080029d6   Section        0  stm32f1xx_hal_uart.o(i.UART_DMAError)
    UART_DMAError                            0x080029d7   Thumb Code    74  stm32f1xx_hal_uart.o(i.UART_DMAError)
    i.UART_DMAReceiveCplt                    0x08002a20   Section        0  stm32f1xx_hal_uart.o(i.UART_DMAReceiveCplt)
    UART_DMAReceiveCplt                      0x08002a21   Thumb Code   134  stm32f1xx_hal_uart.o(i.UART_DMAReceiveCplt)
    i.UART_DMARxHalfCplt                     0x08002aa6   Section        0  stm32f1xx_hal_uart.o(i.UART_DMARxHalfCplt)
    UART_DMARxHalfCplt                       0x08002aa7   Thumb Code    30  stm32f1xx_hal_uart.o(i.UART_DMARxHalfCplt)
    i.UART_EndRxTransfer                     0x08002ac4   Section        0  stm32f1xx_hal_uart.o(i.UART_EndRxTransfer)
    UART_EndRxTransfer                       0x08002ac5   Thumb Code    78  stm32f1xx_hal_uart.o(i.UART_EndRxTransfer)
    i.UART_EndTxTransfer                     0x08002b12   Section        0  stm32f1xx_hal_uart.o(i.UART_EndTxTransfer)
    UART_EndTxTransfer                       0x08002b13   Thumb Code    28  stm32f1xx_hal_uart.o(i.UART_EndTxTransfer)
    i.UART_Receive_IT                        0x08002b2e   Section        0  stm32f1xx_hal_uart.o(i.UART_Receive_IT)
    UART_Receive_IT                          0x08002b2f   Thumb Code   194  stm32f1xx_hal_uart.o(i.UART_Receive_IT)
    i.UART_SetConfig                         0x08002bf0   Section        0  stm32f1xx_hal_uart.o(i.UART_SetConfig)
    UART_SetConfig                           0x08002bf1   Thumb Code   178  stm32f1xx_hal_uart.o(i.UART_SetConfig)
    i.UART_Start_Receive_DMA                 0x08002ca8   Section        0  stm32f1xx_hal_uart.o(i.UART_Start_Receive_DMA)
    i.UART_WaitOnFlagUntilTimeout            0x08002d38   Section        0  stm32f1xx_hal_uart.o(i.UART_WaitOnFlagUntilTimeout)
    UART_WaitOnFlagUntilTimeout              0x08002d39   Thumb Code   120  stm32f1xx_hal_uart.o(i.UART_WaitOnFlagUntilTimeout)
    i.USART1_IRQHandler                      0x08002db0   Section        0  stm32f1xx_it.o(i.USART1_IRQHandler)
    i.USART3_IRQHandler                      0x08002dc8   Section        0  stm32f1xx_it.o(i.USART3_IRQHandler)
    i.USAR_UART_IDLECallback                 0x08002de0   Section        0  usart.o(i.USAR_UART_IDLECallback)
    i.UsageFault_Handler                     0x08002ebc   Section        0  stm32f1xx_it.o(i.UsageFault_Handler)
    i.__NVIC_SetPriority                     0x08002ebe   Section        0  stm32f1xx_hal_cortex.o(i.__NVIC_SetPriority)
    __NVIC_SetPriority                       0x08002ebf   Thumb Code    32  stm32f1xx_hal_cortex.o(i.__NVIC_SetPriority)
    i.buffer_hadle_USART1                    0x08002ee0   Section        0  mymain.o(i.buffer_hadle_USART1)
    i.buffer_hadle_USART3                    0x08002efc   Section        0  mymain.o(i.buffer_hadle_USART3)
    i.fputc                                  0x08002f18   Section        0  main.o(i.fputc)
    i.main                                   0x08002f30   Section        0  main.o(i.main)
    i.steer_init                             0x08002f8c   Section        0  steer.o(i.steer_init)
    .constdata                               0x08002f9c   Section       18  stm32f1xx_hal_rcc.o(.constdata)
    aPredivFactorTable                       0x08002f9c   Data           2  stm32f1xx_hal_rcc.o(.constdata)
    aPLLMULFactorTable                       0x08002f9e   Data          16  stm32f1xx_hal_rcc.o(.constdata)
    .constdata                               0x08002fae   Section       16  system_stm32f1xx.o(.constdata)
    .constdata                               0x08002fbe   Section        8  system_stm32f1xx.o(.constdata)
    .constdata                               0x08002fc6   Section        4  sys_io.o(.constdata)
    .constdata                               0x08002fca   Section        4  sys_io.o(.constdata)
    .constdata                               0x08002fce   Section        4  sys_io.o(.constdata)
    .data                                    0x20000000   Section        8  steer.o(.data)
    .data                                    0x20000008   Section       12  stm32f1xx_hal.o(.data)
    .data                                    0x20000014   Section        4  system_stm32f1xx.o(.data)
    .data                                    0x20000018   Section        4  stdio_streams.o(.data)
    .data                                    0x2000001c   Section        4  stdio_streams.o(.data)
    .data                                    0x20000020   Section        4  stdio_streams.o(.data)
    .bss                                     0x20000024   Section      144  tim.o(.bss)
    .bss                                     0x200000b4   Section      480  usart.o(.bss)
    .bss                                     0x20000294   Section       84  stdio_streams.o(.bss)
    .bss                                     0x200002e8   Section       84  stdio_streams.o(.bss)
    .bss                                     0x2000033c   Section       84  stdio_streams.o(.bss)
    .bss                                     0x20000390   Section       96  libspace.o(.bss)
    HEAP                                     0x200003f0   Section      512  startup_stm32f103xb.o(HEAP)
    Heap_Mem                                 0x200003f0   Data         512  startup_stm32f103xb.o(HEAP)
    STACK                                    0x200005f0   Section     1024  startup_stm32f103xb.o(STACK)
    Stack_Mem                                0x200005f0   Data        1024  startup_stm32f103xb.o(STACK)
    __initial_sp                             0x200009f0   Data           0  startup_stm32f103xb.o(STACK)

    Global Symbols

    Symbol Name                              Value     Ov Type        Size  Object(Section)

    BuildAttributes$$THM_ISAv4$P$D$K$B$S$PE$A:L22UL41UL21$X:L11$S22US41US21$IEEE1$IW$USESV6$~STKCKD$USESV7$~SHL$OTIME$ROPI$EBA8$UX$STANDARDLIB$REQ8$PRES8$EABIv2 0x00000000   Number         0  anon$$obj.o ABSOLUTE
    __ARM_use_no_argv                        0x00000000   Number         0  main.o ABSOLUTE
    __ARM_exceptions_init                     - Undefined Weak Reference
    __alloca_initialize                       - Undefined Weak Reference
    __arm_preinit_                            - Undefined Weak Reference
    __cpp_initialize__aeabi_                  - Undefined Weak Reference
    __cxa_finalize                            - Undefined Weak Reference
    __rt_locale                               - Undefined Weak Reference
    __sigvec_lookup                           - Undefined Weak Reference
    __user_heap_extent                        - Undefined Weak Reference
    _atexit_init                              - Undefined Weak Reference
    _call_atexit_fns                          - Undefined Weak Reference
    _clock_init                               - Undefined Weak Reference
    _fp_trap_init                             - Undefined Weak Reference
    _fp_trap_shutdown                         - Undefined Weak Reference
    _get_lc_collate                           - Undefined Weak Reference
    _get_lc_ctype                             - Undefined Weak Reference
    _get_lc_monetary                          - Undefined Weak Reference
    _get_lc_numeric                           - Undefined Weak Reference
    _get_lc_time                              - Undefined Weak Reference
    _getenv_init                              - Undefined Weak Reference
    _handle_redirection                       - Undefined Weak Reference
    _mutex_acquire                            - Undefined Weak Reference
    _mutex_free                               - Undefined Weak Reference
    _mutex_release                            - Undefined Weak Reference
    _printf_mbtowc                            - Undefined Weak Reference
    _printf_post_padding                      - Undefined Weak Reference
    _printf_pre_padding                       - Undefined Weak Reference
    _printf_truncate_signed                   - Undefined Weak Reference
    _printf_truncate_unsigned                 - Undefined Weak Reference
    _rand_init                                - Undefined Weak Reference
    _signal_finish                            - Undefined Weak Reference
    _signal_init                              - Undefined Weak Reference
    __Vectors_Size                           0x000000ec   Number         0  startup_stm32f103xb.o ABSOLUTE
    __Vectors                                0x08000000   Data           4  startup_stm32f103xb.o(RESET)
    __Vectors_End                            0x080000ec   Data           0  startup_stm32f103xb.o(RESET)
    __main                                   0x080000ed   Thumb Code     8  __main.o(!!!main)
    __scatterload                            0x080000f5   Thumb Code     0  __scatter.o(!!!scatter)
    __scatterload_rt2                        0x080000f5   Thumb Code    44  __scatter.o(!!!scatter)
    __scatterload_rt2_thumb_only             0x080000f5   Thumb Code     0  __scatter.o(!!!scatter)
    __scatterload_null                       0x08000103   Thumb Code     0  __scatter.o(!!!scatter)
    __scatterload_copy                       0x08000129   Thumb Code    26  __scatter_copy.o(!!handler_copy)
    __scatterload_zeroinit                   0x08000145   Thumb Code    28  __scatter_zi.o(!!handler_zi)
    _printf_d                                0x08000161   Thumb Code     0  _printf_d.o(.ARM.Collect$$_printf_percent$$00000009)
    _printf_percent                          0x08000161   Thumb Code     0  _printf_percent.o(.ARM.Collect$$_printf_percent$$00000000)
    _printf_s                                0x08000167   Thumb Code     0  _printf_s.o(.ARM.Collect$$_printf_percent$$00000014)
    _printf_percent_end                      0x0800016d   Thumb Code     0  _printf_percent_end.o(.ARM.Collect$$_printf_percent$$00000017)
    __rt_lib_init                            0x08000171   Thumb Code     0  libinit.o(.ARM.Collect$$libinit$$00000000)
    __rt_lib_init_fp_1                       0x08000173   Thumb Code     0  libinit2.o(.ARM.Collect$$libinit$$00000002)
    __rt_lib_init_heap_2                     0x08000173   Thumb Code     0  libinit2.o(.ARM.Collect$$libinit$$00000005)
    __rt_lib_init_preinit_1                  0x08000173   Thumb Code     0  libinit2.o(.ARM.Collect$$libinit$$00000004)
    __rt_lib_init_atexit_1                   0x0800017b   Thumb Code     0  libinit2.o(.ARM.Collect$$libinit$$0000001B)
    __rt_lib_init_clock_1                    0x0800017b   Thumb Code     0  libinit2.o(.ARM.Collect$$libinit$$00000021)
    __rt_lib_init_fp_trap_1                  0x0800017b   Thumb Code     0  libinit2.o(.ARM.Collect$$libinit$$0000001F)
    __rt_lib_init_getenv_1                   0x0800017b   Thumb Code     0  libinit2.o(.ARM.Collect$$libinit$$00000023)
    __rt_lib_init_heap_1                     0x0800017b   Thumb Code     0  libinit2.o(.ARM.Collect$$libinit$$0000000A)
    __rt_lib_init_lc_collate_1               0x0800017b   Thumb Code     0  libinit2.o(.ARM.Collect$$libinit$$00000011)
    __rt_lib_init_lc_ctype_1                 0x0800017b   Thumb Code     0  libinit2.o(.ARM.Collect$$libinit$$00000013)
    __rt_lib_init_lc_monetary_1              0x0800017b   Thumb Code     0  libinit2.o(.ARM.Collect$$libinit$$00000015)
    __rt_lib_init_lc_numeric_1               0x0800017b   Thumb Code     0  libinit2.o(.ARM.Collect$$libinit$$00000017)
    __rt_lib_init_lc_time_1                  0x0800017b   Thumb Code     0  libinit2.o(.ARM.Collect$$libinit$$00000019)
    __rt_lib_init_rand_1                     0x0800017b   Thumb Code     0  libinit2.o(.ARM.Collect$$libinit$$0000000E)
    __rt_lib_init_signal_1                   0x0800017b   Thumb Code     0  libinit2.o(.ARM.Collect$$libinit$$0000001D)
    __rt_lib_init_stdio_2                    0x0800017b   Thumb Code     0  libinit2.o(.ARM.Collect$$libinit$$00000024)
    __rt_lib_init_user_alloc_1               0x0800017b   Thumb Code     0  libinit2.o(.ARM.Collect$$libinit$$0000000C)
    __rt_lib_init_alloca_1                   0x0800017f   Thumb Code     0  libinit2.o(.ARM.Collect$$libinit$$0000002E)
    __rt_lib_init_argv_1                     0x0800017f   Thumb Code     0  libinit2.o(.ARM.Collect$$libinit$$0000002C)
    __rt_lib_init_cpp_1                      0x0800017f   Thumb Code     0  libinit2.o(.ARM.Collect$$libinit$$00000032)
    __rt_lib_init_exceptions_1               0x0800017f   Thumb Code     0  libinit2.o(.ARM.Collect$$libinit$$00000030)
    __rt_lib_init_return                     0x0800017f   Thumb Code     0  libinit2.o(.ARM.Collect$$libinit$$00000033)
    __rt_lib_init_stdio_1                    0x0800017f   Thumb Code     0  libinit2.o(.ARM.Collect$$libinit$$00000025)
    __rt_lib_shutdown                        0x08000181   Thumb Code     0  libshutdown.o(.ARM.Collect$$libshutdown$$00000000)
    __rt_lib_shutdown_cpp_1                  0x08000183   Thumb Code     0  libshutdown2.o(.ARM.Collect$$libshutdown$$00000002)
    __rt_lib_shutdown_stdio_2                0x08000183   Thumb Code     0  libshutdown2.o(.ARM.Collect$$libshutdown$$00000003)
    __rt_lib_shutdown_fp_trap_1              0x08000187   Thumb Code     0  libshutdown2.o(.ARM.Collect$$libshutdown$$00000007)
    __rt_lib_shutdown_heap_1                 0x08000187   Thumb Code     0  libshutdown2.o(.ARM.Collect$$libshutdown$$0000000F)
    __rt_lib_shutdown_return                 0x08000187   Thumb Code     0  libshutdown2.o(.ARM.Collect$$libshutdown$$00000010)
    __rt_lib_shutdown_signal_1               0x08000187   Thumb Code     0  libshutdown2.o(.ARM.Collect$$libshutdown$$0000000A)
    __rt_lib_shutdown_stdio_1                0x08000187   Thumb Code     0  libshutdown2.o(.ARM.Collect$$libshutdown$$00000004)
    __rt_lib_shutdown_user_alloc_1           0x08000187   Thumb Code     0  libshutdown2.o(.ARM.Collect$$libshutdown$$0000000C)
    __rt_entry                               0x08000189   Thumb Code     0  __rtentry.o(.ARM.Collect$$rtentry$$00000000)
    __rt_entry_presh_1                       0x08000189   Thumb Code     0  __rtentry2.o(.ARM.Collect$$rtentry$$00000002)
    __rt_entry_sh                            0x08000189   Thumb Code     0  __rtentry4.o(.ARM.Collect$$rtentry$$00000004)
    __rt_entry_li                            0x0800018f   Thumb Code     0  __rtentry2.o(.ARM.Collect$$rtentry$$0000000A)
    __rt_entry_postsh_1                      0x0800018f   Thumb Code     0  __rtentry2.o(.ARM.Collect$$rtentry$$00000009)
    __rt_entry_main                          0x08000193   Thumb Code     0  __rtentry2.o(.ARM.Collect$$rtentry$$0000000D)
    __rt_entry_postli_1                      0x08000193   Thumb Code     0  __rtentry2.o(.ARM.Collect$$rtentry$$0000000C)
    __rt_exit                                0x0800019b   Thumb Code     0  rtexit.o(.ARM.Collect$$rtexit$$00000000)
    __rt_exit_ls                             0x0800019d   Thumb Code     0  rtexit2.o(.ARM.Collect$$rtexit$$00000003)
    __rt_exit_prels_1                        0x0800019d   Thumb Code     0  rtexit2.o(.ARM.Collect$$rtexit$$00000002)
    __rt_exit_exit                           0x080001a1   Thumb Code     0  rtexit2.o(.ARM.Collect$$rtexit$$00000004)
    Reset_Handler                            0x080001a9   Thumb Code     8  startup_stm32f103xb.o(.text)
    _maybe_terminate_alloc                   0x080001a9   Thumb Code     0  maybetermalloc1.o(.emb_text)
    ADC1_2_IRQHandler                        0x080001c3   Thumb Code     0  startup_stm32f103xb.o(.text)
    CAN1_RX1_IRQHandler                      0x080001c3   Thumb Code     0  startup_stm32f103xb.o(.text)
    CAN1_SCE_IRQHandler                      0x080001c3   Thumb Code     0  startup_stm32f103xb.o(.text)
    DMA1_Channel1_IRQHandler                 0x080001c3   Thumb Code     0  startup_stm32f103xb.o(.text)
    DMA1_Channel2_IRQHandler                 0x080001c3   Thumb Code     0  startup_stm32f103xb.o(.text)
    DMA1_Channel4_IRQHandler                 0x080001c3   Thumb Code     0  startup_stm32f103xb.o(.text)
    DMA1_Channel6_IRQHandler                 0x080001c3   Thumb Code     0  startup_stm32f103xb.o(.text)
    DMA1_Channel7_IRQHandler                 0x080001c3   Thumb Code     0  startup_stm32f103xb.o(.text)
    EXTI0_IRQHandler                         0x080001c3   Thumb Code     0  startup_stm32f103xb.o(.text)
    EXTI15_10_IRQHandler                     0x080001c3   Thumb Code     0  startup_stm32f103xb.o(.text)
    EXTI1_IRQHandler                         0x080001c3   Thumb Code     0  startup_stm32f103xb.o(.text)
    EXTI2_IRQHandler                         0x080001c3   Thumb Code     0  startup_stm32f103xb.o(.text)
    EXTI3_IRQHandler                         0x080001c3   Thumb Code     0  startup_stm32f103xb.o(.text)
    EXTI4_IRQHandler                         0x080001c3   Thumb Code     0  startup_stm32f103xb.o(.text)
    EXTI9_5_IRQHandler                       0x080001c3   Thumb Code     0  startup_stm32f103xb.o(.text)
    FLASH_IRQHandler                         0x080001c3   Thumb Code     0  startup_stm32f103xb.o(.text)
    I2C1_ER_IRQHandler                       0x080001c3   Thumb Code     0  startup_stm32f103xb.o(.text)
    I2C1_EV_IRQHandler                       0x080001c3   Thumb Code     0  startup_stm32f103xb.o(.text)
    I2C2_ER_IRQHandler                       0x080001c3   Thumb Code     0  startup_stm32f103xb.o(.text)
    I2C2_EV_IRQHandler                       0x080001c3   Thumb Code     0  startup_stm32f103xb.o(.text)
    PVD_IRQHandler                           0x080001c3   Thumb Code     0  startup_stm32f103xb.o(.text)
    RCC_IRQHandler                           0x080001c3   Thumb Code     0  startup_stm32f103xb.o(.text)
    RTC_Alarm_IRQHandler                     0x080001c3   Thumb Code     0  startup_stm32f103xb.o(.text)
    RTC_IRQHandler                           0x080001c3   Thumb Code     0  startup_stm32f103xb.o(.text)
    SPI1_IRQHandler                          0x080001c3   Thumb Code     0  startup_stm32f103xb.o(.text)
    SPI2_IRQHandler                          0x080001c3   Thumb Code     0  startup_stm32f103xb.o(.text)
    TAMPER_IRQHandler                        0x080001c3   Thumb Code     0  startup_stm32f103xb.o(.text)
    TIM1_BRK_IRQHandler                      0x080001c3   Thumb Code     0  startup_stm32f103xb.o(.text)
    TIM1_CC_IRQHandler                       0x080001c3   Thumb Code     0  startup_stm32f103xb.o(.text)
    TIM1_TRG_COM_IRQHandler                  0x080001c3   Thumb Code     0  startup_stm32f103xb.o(.text)
    TIM1_UP_IRQHandler                       0x080001c3   Thumb Code     0  startup_stm32f103xb.o(.text)
    TIM2_IRQHandler                          0x080001c3   Thumb Code     0  startup_stm32f103xb.o(.text)
    TIM3_IRQHandler                          0x080001c3   Thumb Code     0  startup_stm32f103xb.o(.text)
    USART2_IRQHandler                        0x080001c3   Thumb Code     0  startup_stm32f103xb.o(.text)
    USBWakeUp_IRQHandler                     0x080001c3   Thumb Code     0  startup_stm32f103xb.o(.text)
    USB_HP_CAN1_TX_IRQHandler                0x080001c3   Thumb Code     0  startup_stm32f103xb.o(.text)
    USB_LP_CAN1_RX0_IRQHandler               0x080001c3   Thumb Code     0  startup_stm32f103xb.o(.text)
    WWDG_IRQHandler                          0x080001c3   Thumb Code     0  startup_stm32f103xb.o(.text)
    __user_initial_stackheap                 0x080001c5   Thumb Code     0  startup_stm32f103xb.o(.text)
    __2printf                                0x080001e9   Thumb Code    20  noretval__2printf.o(.text)
    __printf                                 0x08000201   Thumb Code   104  __printf.o(.text)
    _printf_str                              0x08000269   Thumb Code    82  _printf_str.o(.text)
    _printf_int_dec                          0x080002bd   Thumb Code   104  _printf_dec.o(.text)
    __aeabi_memcpy                           0x08000335   Thumb Code     0  rt_memcpy_v6.o(.text)
    __rt_memcpy                              0x08000335   Thumb Code   138  rt_memcpy_v6.o(.text)
    _memcpy_lastbytes                        0x0800039b   Thumb Code     0  rt_memcpy_v6.o(.text)
    __aeabi_memclr4                          0x080003bf   Thumb Code     0  rt_memclr_w.o(.text)
    __aeabi_memclr8                          0x080003bf   Thumb Code     0  rt_memclr_w.o(.text)
    __rt_memclr_w                            0x080003bf   Thumb Code    78  rt_memclr_w.o(.text)
    _memset_w                                0x080003c3   Thumb Code     0  rt_memclr_w.o(.text)
    __use_two_region_memory                  0x0800040d   Thumb Code     2  heapauxi.o(.text)
    __rt_heap_escrow                         0x0800040f   Thumb Code     2  heapauxi.o(.text)
    __rt_heap_expand                         0x08000411   Thumb Code     2  heapauxi.o(.text)
    _printf_int_common                       0x08000413   Thumb Code   178  _printf_intcommon.o(.text)
    _printf_cs_common                        0x080004c5   Thumb Code    20  _printf_char.o(.text)
    _printf_char                             0x080004d9   Thumb Code    16  _printf_char.o(.text)
    _printf_string                           0x080004e9   Thumb Code     8  _printf_char.o(.text)
    _printf_char_file                        0x080004f1   Thumb Code    32  _printf_char_file.o(.text)
    __aeabi_memcpy4                          0x08000515   Thumb Code     0  rt_memcpy_w.o(.text)
    __aeabi_memcpy8                          0x08000515   Thumb Code     0  rt_memcpy_w.o(.text)
    __rt_memcpy_w                            0x08000515   Thumb Code   100  rt_memcpy_w.o(.text)
    _memcpy_lastbytes_aligned                0x0800055d   Thumb Code     0  rt_memcpy_w.o(.text)
    _printf_char_common                      0x08000583   Thumb Code    32  _printf_char_common.o(.text)
    ferror                                   0x080005a9   Thumb Code     8  ferror.o(.text)
    _initio                                  0x080005b1   Thumb Code   210  initio.o(.text)
    _terminateio                             0x08000683   Thumb Code    56  initio.o(.text)
    _sys_open                                0x080006e9   Thumb Code    20  sys_io.o(.text)
    _sys_close                               0x080006fd   Thumb Code    12  sys_io.o(.text)
    _sys_write                               0x08000709   Thumb Code    16  sys_io.o(.text)
    _sys_read                                0x08000719   Thumb Code    14  sys_io.o(.text)
    _sys_istty                               0x08000727   Thumb Code    12  sys_io.o(.text)
    _sys_seek                                0x08000733   Thumb Code    14  sys_io.o(.text)
    _sys_ensure                              0x08000741   Thumb Code     2  sys_io.o(.text)
    _sys_flen                                0x08000743   Thumb Code    12  sys_io.o(.text)
    __user_setup_stackheap                   0x0800074f   Thumb Code    74  sys_stackheap_outer.o(.text)
    free                                     0x08000799   Thumb Code    78  h1_free.o(.text)
    setvbuf                                  0x080007e7   Thumb Code    70  setvbuf.o(.text)
    freopen                                  0x0800082d   Thumb Code   158  fopen.o(.text)
    fopen                                    0x080008cb   Thumb Code    74  fopen.o(.text)
    _fclose_internal                         0x08000919   Thumb Code    76  fclose.o(.text)
    fclose                                   0x08000919   Thumb Code     0  fclose.o(.text)
    exit                                     0x08000965   Thumb Code    18  exit.o(.text)
    __rt_SIGRTRED                            0x08000977   Thumb Code    14  defsig_rtred_outer.o(.text)
    __user_libspace                          0x08000985   Thumb Code     8  libspace.o(.text)
    __user_perproc_libspace                  0x08000985   Thumb Code     0  libspace.o(.text)
    __user_perthread_libspace                0x08000985   Thumb Code     0  libspace.o(.text)
    __I$use$semihosting                      0x0800098d   Thumb Code     0  use_no_semi.o(.text)
    __use_no_semihosting_swi                 0x0800098d   Thumb Code     2  use_no_semi.o(.text)
    __semihosting_library_function           0x0800098f   Thumb Code     0  indicate_semi.o(.text)
    __rt_heap_descriptor                     0x08000991   Thumb Code     8  rt_heap_descriptor_intlibspace.o(.text)
    __use_no_heap                            0x08000999   Thumb Code     2  hguard.o(.text)
    __heap$guard                             0x0800099b   Thumb Code     2  hguard.o(.text)
    _terminate_user_alloc                    0x0800099d   Thumb Code     2  init_alloc.o(.text)
    _init_user_alloc                         0x0800099f   Thumb Code     2  init_alloc.o(.text)
    __Heap_Full                              0x080009a1   Thumb Code    34  init_alloc.o(.text)
    __Heap_Broken                            0x080009c3   Thumb Code     6  init_alloc.o(.text)
    _init_alloc                              0x080009c9   Thumb Code    94  init_alloc.o(.text)
    malloc                                   0x08000a27   Thumb Code    94  h1_alloc.o(.text)
    _fseek                                   0x08000a85   Thumb Code   242  fseek.o(.text)
    fseek                                    0x08000a85   Thumb Code     0  fseek.o(.text)
    _seterr                                  0x08000b7d   Thumb Code    20  stdio.o(.text)
    _writebuf                                0x08000b91   Thumb Code    84  stdio.o(.text)
    _fflush                                  0x08000be5   Thumb Code    70  stdio.o(.text)
    _deferredlazyseek                        0x08000c2b   Thumb Code    60  stdio.o(.text)
    __sig_exit                               0x08000c6d   Thumb Code    10  defsig_exit.o(.text)
    __rt_SIGRTRED_inner                      0x08000c79   Thumb Code    14  defsig_rtred_inner.o(.text)
    strlen                                   0x08000cad   Thumb Code    62  strlen.o(.text)
    _sys_exit                                0x08000ced   Thumb Code     8  sys_exit.o(.text)
    __Heap_Initialize                        0x08000cf9   Thumb Code    10  h1_init.o(.text)
    __Heap_DescSize                          0x08000d03   Thumb Code     4  h1_init.o(.text)
    __Heap_ProvideMemory                     0x08000d07   Thumb Code    52  h1_extend.o(.text)
    _ftell_internal                          0x08000d3b   Thumb Code    66  ftell.o(.text)
    ftell                                    0x08000d3b   Thumb Code     0  ftell.o(.text)
    __default_signal_display                 0x08000d7d   Thumb Code    50  defsig_general.o(.text)
    __rt_SIGRTMEM                            0x08000daf   Thumb Code    14  defsig_rtmem_outer.o(.text)
    _ttywrch                                 0x08000dbd   Thumb Code    14  sys_wrch.o(.text)
    __aeabi_errno_addr                       0x08000dcd   Thumb Code     8  rt_errno_addr_intlibspace.o(.text)
    __errno$intlibspace                      0x08000dcd   Thumb Code     0  rt_errno_addr_intlibspace.o(.text)
    __rt_errno_addr$intlibspace              0x08000dcd   Thumb Code     0  rt_errno_addr_intlibspace.o(.text)
    __rt_SIGRTMEM_inner                      0x08000dd5   Thumb Code    22  defsig_rtmem_inner.o(.text)
    Bluetooth_UART_IRQHandler                0x08000e25   Thumb Code    68  usart.o(i.Bluetooth_UART_IRQHandler)
    BusFault_Handler                         0x08000e75   Thumb Code     2  stm32f1xx_it.o(i.BusFault_Handler)
    DMA1_Channel3_IRQHandler                 0x08000e79   Thumb Code     6  stm32f1xx_it.o(i.DMA1_Channel3_IRQHandler)
    DMA1_Channel5_IRQHandler                 0x08000e85   Thumb Code     6  stm32f1xx_it.o(i.DMA1_Channel5_IRQHandler)
    DebugMon_Handler                         0x08000ebb   Thumb Code     2  stm32f1xx_it.o(i.DebugMon_Handler)
    Error_Handler                            0x08000ebd   Thumb Code    38  main.o(i.Error_Handler)
    HAL_DMA_Abort                            0x08000ee9   Thumb Code    70  stm32f1xx_hal_dma.o(i.HAL_DMA_Abort)
    HAL_DMA_Abort_IT                         0x08000f31   Thumb Code   148  stm32f1xx_hal_dma.o(i.HAL_DMA_Abort_IT)
    HAL_DMA_IRQHandler                       0x08000fc9   Thumb Code   316  stm32f1xx_hal_dma.o(i.HAL_DMA_IRQHandler)
    HAL_DMA_Init                             0x0800111d   Thumb Code    84  stm32f1xx_hal_dma.o(i.HAL_DMA_Init)
    HAL_DMA_Start_IT                         0x08001179   Thumb Code   112  stm32f1xx_hal_dma.o(i.HAL_DMA_Start_IT)
    HAL_Delay                                0x080011e9   Thumb Code    32  stm32f1xx_hal.o(i.HAL_Delay)
    HAL_GPIO_Init                            0x0800120d   Thumb Code   446  stm32f1xx_hal_gpio.o(i.HAL_GPIO_Init)
    HAL_GPIO_WritePin                        0x080013ed   Thumb Code    10  stm32f1xx_hal_gpio.o(i.HAL_GPIO_WritePin)
    HAL_GetTick                              0x080013f9   Thumb Code     6  stm32f1xx_hal.o(i.HAL_GetTick)
    HAL_IncTick                              0x08001405   Thumb Code    12  stm32f1xx_hal.o(i.HAL_IncTick)
    HAL_Init                                 0x08001415   Thumb Code    32  stm32f1xx_hal.o(i.HAL_Init)
    HAL_InitTick                             0x08001439   Thumb Code    54  stm32f1xx_hal.o(i.HAL_InitTick)
    HAL_MspInit                              0x08001479   Thumb Code    52  stm32f1xx_hal_msp.o(i.HAL_MspInit)
    HAL_NVIC_EnableIRQ                       0x080014b5   Thumb Code    26  stm32f1xx_hal_cortex.o(i.HAL_NVIC_EnableIRQ)
    HAL_NVIC_SetPriority                     0x080014d1   Thumb Code    60  stm32f1xx_hal_cortex.o(i.HAL_NVIC_SetPriority)
    HAL_NVIC_SetPriorityGrouping             0x08001511   Thumb Code    26  stm32f1xx_hal_cortex.o(i.HAL_NVIC_SetPriorityGrouping)
    HAL_RCC_ClockConfig                      0x08001535   Thumb Code   280  stm32f1xx_hal_rcc.o(i.HAL_RCC_ClockConfig)
    HAL_RCC_GetPCLK1Freq                     0x08001661   Thumb Code    20  stm32f1xx_hal_rcc.o(i.HAL_RCC_GetPCLK1Freq)
    HAL_RCC_GetPCLK2Freq                     0x08001681   Thumb Code    20  stm32f1xx_hal_rcc.o(i.HAL_RCC_GetPCLK2Freq)
    HAL_RCC_GetSysClockFreq                  0x080016a1   Thumb Code    58  stm32f1xx_hal_rcc.o(i.HAL_RCC_GetSysClockFreq)
    HAL_RCC_OscConfig                        0x080016ed   Thumb Code   778  stm32f1xx_hal_rcc.o(i.HAL_RCC_OscConfig)
    HAL_SYSTICK_Config                       0x08001a0d   Thumb Code    40  stm32f1xx_hal_cortex.o(i.HAL_SYSTICK_Config)
    HAL_TIMEx_BreakCallback                  0x08001a35   Thumb Code     2  stm32f1xx_hal_tim_ex.o(i.HAL_TIMEx_BreakCallback)
    HAL_TIMEx_CommutCallback                 0x08001a37   Thumb Code     2  stm32f1xx_hal_tim_ex.o(i.HAL_TIMEx_CommutCallback)
    HAL_TIMEx_MasterConfigSynchronization    0x08001a39   Thumb Code    92  stm32f1xx_hal_tim_ex.o(i.HAL_TIMEx_MasterConfigSynchronization)
    HAL_TIM_Base_Init                        0x08001aa1   Thumb Code    90  stm32f1xx_hal_tim.o(i.HAL_TIM_Base_Init)
    HAL_TIM_Base_MspInit                     0x08001afd   Thumb Code    72  tim.o(i.HAL_TIM_Base_MspInit)
    HAL_TIM_ConfigClockSource                0x08001b51   Thumb Code   220  stm32f1xx_hal_tim.o(i.HAL_TIM_ConfigClockSource)
    HAL_TIM_IC_CaptureCallback               0x08001c2d   Thumb Code     2  stm32f1xx_hal_tim.o(i.HAL_TIM_IC_CaptureCallback)
    HAL_TIM_IRQHandler                       0x08001c2f   Thumb Code   358  stm32f1xx_hal_tim.o(i.HAL_TIM_IRQHandler)
    HAL_TIM_MspPostInit                      0x08001d95   Thumb Code    62  tim.o(i.HAL_TIM_MspPostInit)
    HAL_TIM_OC_DelayElapsedCallback          0x08001de1   Thumb Code     2  stm32f1xx_hal_tim.o(i.HAL_TIM_OC_DelayElapsedCallback)
    HAL_TIM_PWM_ConfigChannel                0x08001de3   Thumb Code   204  stm32f1xx_hal_tim.o(i.HAL_TIM_PWM_ConfigChannel)
    HAL_TIM_PWM_Init                         0x08001eaf   Thumb Code    90  stm32f1xx_hal_tim.o(i.HAL_TIM_PWM_Init)
    HAL_TIM_PWM_MspInit                      0x08001f09   Thumb Code     2  stm32f1xx_hal_tim.o(i.HAL_TIM_PWM_MspInit)
    HAL_TIM_PWM_PulseFinishedCallback        0x08001f0b   Thumb Code     2  stm32f1xx_hal_tim.o(i.HAL_TIM_PWM_PulseFinishedCallback)
    HAL_TIM_PWM_Start                        0x08001f0d   Thumb Code   144  stm32f1xx_hal_tim.o(i.HAL_TIM_PWM_Start)
    HAL_TIM_PeriodElapsedCallback            0x08001fa9   Thumb Code     2  stm32f1xx_hal_tim.o(i.HAL_TIM_PeriodElapsedCallback)
    HAL_TIM_TriggerCallback                  0x08001fab   Thumb Code     2  stm32f1xx_hal_tim.o(i.HAL_TIM_TriggerCallback)
    HAL_UARTEx_RxEventCallback               0x08001fad   Thumb Code     2  stm32f1xx_hal_uart.o(i.HAL_UARTEx_RxEventCallback)
    HAL_UART_DMAStop                         0x08001faf   Thumb Code   112  stm32f1xx_hal_uart.o(i.HAL_UART_DMAStop)
    HAL_UART_ErrorCallback                   0x0800201f   Thumb Code     2  stm32f1xx_hal_uart.o(i.HAL_UART_ErrorCallback)
    HAL_UART_IRQHandler                      0x08002021   Thumb Code   616  stm32f1xx_hal_uart.o(i.HAL_UART_IRQHandler)
    HAL_UART_Init                            0x0800228d   Thumb Code   100  stm32f1xx_hal_uart.o(i.HAL_UART_Init)
    HAL_UART_MspInit                         0x080022f1   Thumb Code   288  usart.o(i.HAL_UART_MspInit)
    HAL_UART_Receive_DMA                     0x0800242d   Thumb Code    28  stm32f1xx_hal_uart.o(i.HAL_UART_Receive_DMA)
    HAL_UART_RxCpltCallback                  0x08002449   Thumb Code     2  stm32f1xx_hal_uart.o(i.HAL_UART_RxCpltCallback)
    HAL_UART_RxHalfCpltCallback              0x0800244b   Thumb Code     2  stm32f1xx_hal_uart.o(i.HAL_UART_RxHalfCpltCallback)
    HAL_UART_Transmit                        0x0800244d   Thumb Code   154  stm32f1xx_hal_uart.o(i.HAL_UART_Transmit)
    HAL_UART_TxCpltCallback                  0x080024e7   Thumb Code     2  stm32f1xx_hal_uart.o(i.HAL_UART_TxCpltCallback)
    HardFault_Handler                        0x080024e9   Thumb Code     2  stm32f1xx_it.o(i.HardFault_Handler)
    MX_DMA_Init                              0x080024ed   Thumb Code    56  dma.o(i.MX_DMA_Init)
    MX_GPIO_Init                             0x08002529   Thumb Code   102  gpio.o(i.MX_GPIO_Init)
    MX_TIM3_Init                             0x08002599   Thumb Code   164  tim.o(i.MX_TIM3_Init)
    MX_TIM4_Init                             0x08002645   Thumb Code    96  tim.o(i.MX_TIM4_Init)
    MX_USART1_UART_Init                      0x080026ad   Thumb Code    48  usart.o(i.MX_USART1_UART_Init)
    MX_USART3_UART_Init                      0x080026e5   Thumb Code    48  usart.o(i.MX_USART3_UART_Init)
    MemManage_Handler                        0x0800271d   Thumb Code     2  stm32f1xx_it.o(i.MemManage_Handler)
    NMI_Handler                              0x0800271f   Thumb Code     2  stm32f1xx_it.o(i.NMI_Handler)
    PendSV_Handler                           0x08002721   Thumb Code     2  stm32f1xx_it.o(i.PendSV_Handler)
    SVC_Handler                              0x08002723   Thumb Code     2  stm32f1xx_it.o(i.SVC_Handler)
    SysTick_Handler                          0x08002725   Thumb Code     4  stm32f1xx_it.o(i.SysTick_Handler)
    SystemClock_Config                       0x08002729   Thumb Code    88  main.o(i.SystemClock_Config)
    SystemInit                               0x08002781   Thumb Code     2  system_stm32f1xx.o(i.SystemInit)
    TIM4_IRQHandler                          0x08002785   Thumb Code     6  stm32f1xx_it.o(i.TIM4_IRQHandler)
    TIM_Base_SetConfig                       0x08002791   Thumb Code    94  stm32f1xx_hal_tim.o(i.TIM_Base_SetConfig)
    TIM_CCxChannelCmd                        0x080027fd   Thumb Code    26  stm32f1xx_hal_tim.o(i.TIM_CCxChannelCmd)
    TIM_ETR_SetConfig                        0x08002817   Thumb Code    20  stm32f1xx_hal_tim.o(i.TIM_ETR_SetConfig)
    TIM_OC2_SetConfig                        0x0800288d   Thumb Code    84  stm32f1xx_hal_tim.o(i.TIM_OC2_SetConfig)
    UART_Start_Receive_DMA                   0x08002ca9   Thumb Code   130  stm32f1xx_hal_uart.o(i.UART_Start_Receive_DMA)
    USART1_IRQHandler                        0x08002db1   Thumb Code    18  stm32f1xx_it.o(i.USART1_IRQHandler)
    USART3_IRQHandler                        0x08002dc9   Thumb Code    18  stm32f1xx_it.o(i.USART3_IRQHandler)
    USAR_UART_IDLECallback                   0x08002de1   Thumb Code   174  usart.o(i.USAR_UART_IDLECallback)
    UsageFault_Handler                       0x08002ebd   Thumb Code     2  stm32f1xx_it.o(i.UsageFault_Handler)
    buffer_hadle_USART1                      0x08002ee1   Thumb Code     8  mymain.o(i.buffer_hadle_USART1)
    buffer_hadle_USART3                      0x08002efd   Thumb Code     8  mymain.o(i.buffer_hadle_USART3)
    fputc                                    0x08002f19   Thumb Code    20  main.o(i.fputc)
    main                                     0x08002f31   Thumb Code    88  main.o(i.main)
    steer_init                               0x08002f8d   Thumb Code    10  steer.o(i.steer_init)
    AHBPrescTable                            0x08002fae   Data          16  system_stm32f1xx.o(.constdata)
    APBPrescTable                            0x08002fbe   Data           8  system_stm32f1xx.o(.constdata)
    __stdin_name                             0x08002fc6   Data           4  sys_io.o(.constdata)
    __stdout_name                            0x08002fca   Data           4  sys_io.o(.constdata)
    __stderr_name                            0x08002fce   Data           4  sys_io.o(.constdata)
    Region$$Table$$Base                      0x08002fd4   Number         0  anon$$obj.o(Region$$Table)
    Region$$Table$$Limit                     0x08002ff4   Number         0  anon$$obj.o(Region$$Table)
    steer_x                                  0x20000000   Data           4  steer.o(.data)
    steer_y                                  0x20000004   Data           4  steer.o(.data)
    uwTickFreq                               0x20000008   Data           1  stm32f1xx_hal.o(.data)
    uwTickPrio                               0x2000000c   Data           4  stm32f1xx_hal.o(.data)
    uwTick                                   0x20000010   Data           4  stm32f1xx_hal.o(.data)
    SystemCoreClock                          0x20000014   Data           4  system_stm32f1xx.o(.data)
    __aeabi_stdin                            0x20000018   Data           4  stdio_streams.o(.data)
    __aeabi_stdout                           0x2000001c   Data           4  stdio_streams.o(.data)
    __aeabi_stderr                           0x20000020   Data           4  stdio_streams.o(.data)
    htim3                                    0x20000024   Data          72  tim.o(.bss)
    htim4                                    0x2000006c   Data          72  tim.o(.bss)
    receive_buffer_USART1                    0x200000b4   Data          50  usart.o(.bss)
    USART1_buffer                            0x200000e6   Data          50  usart.o(.bss)
    receive_buffer_USART3                    0x20000118   Data          50  usart.o(.bss)
    USART3_buffer                            0x2000014a   Data          50  usart.o(.bss)
    huart1                                   0x2000017c   Data          72  usart.o(.bss)
    huart3                                   0x200001c4   Data          72  usart.o(.bss)
    hdma_usart1_rx                           0x2000020c   Data          68  usart.o(.bss)
    hdma_usart3_rx                           0x20000250   Data          68  usart.o(.bss)
    __stdin                                  0x20000294   Data          84  stdio_streams.o(.bss)
    __stdout                                 0x200002e8   Data          84  stdio_streams.o(.bss)
    __stderr                                 0x2000033c   Data          84  stdio_streams.o(.bss)
    __libspace_start                         0x20000390   Data          96  libspace.o(.bss)
    __temporary_stack_top$libspace           0x200003f0   Data           0  libspace.o(.bss)



==============================================================================

Memory Map of the image

  Image Entry point : 0x080000ed

  Load Region LR_IROM1 (Base: 0x08000000, Size: 0x00003018, Max: 0x00010000, ABSOLUTE)

    Execution Region ER_IROM1 (Exec base: 0x08000000, Load base: 0x08000000, Size: 0x00002ff4, Max: 0x00010000, ABSOLUTE)

    Exec Addr    Load Addr    Size         Type   Attr      Idx    E Section Name        Object

    0x08000000   0x08000000   0x000000ec   Data   RO            3    RESET               startup_stm32f103xb.o
    0x080000ec   0x080000ec   0x00000008   Code   RO         3031  * !!!main             c_w.l(__main.o)
    0x080000f4   0x080000f4   0x00000034   Code   RO         3371    !!!scatter          c_w.l(__scatter.o)
    0x08000128   0x08000128   0x0000001a   Code   RO         3373    !!handler_copy      c_w.l(__scatter_copy.o)
    0x08000142   0x08000142   0x00000002   PAD
    0x08000144   0x08000144   0x0000001c   Code   RO         3375    !!handler_zi        c_w.l(__scatter_zi.o)
    0x08000160   0x08000160   0x00000000   Code   RO         3024    .ARM.Collect$$_printf_percent$$00000000  c_w.l(_printf_percent.o)
    0x08000160   0x08000160   0x00000006   Code   RO         3023    .ARM.Collect$$_printf_percent$$00000009  c_w.l(_printf_d.o)
    0x08000166   0x08000166   0x00000006   Code   RO         3022    .ARM.Collect$$_printf_percent$$00000014  c_w.l(_printf_s.o)
    0x0800016c   0x0800016c   0x00000004   Code   RO         3052    .ARM.Collect$$_printf_percent$$00000017  c_w.l(_printf_percent_end.o)
    0x08000170   0x08000170   0x00000002   Code   RO         3180    .ARM.Collect$$libinit$$00000000  c_w.l(libinit.o)
    0x08000172   0x08000172   0x00000000   Code   RO         3182    .ARM.Collect$$libinit$$00000002  c_w.l(libinit2.o)
    0x08000172   0x08000172   0x00000000   Code   RO         3184    .ARM.Collect$$libinit$$00000004  c_w.l(libinit2.o)
    0x08000172   0x08000172   0x00000008   Code   RO         3185    .ARM.Collect$$libinit$$00000005  c_w.l(libinit2.o)
    0x0800017a   0x0800017a   0x00000000   Code   RO         3187    .ARM.Collect$$libinit$$0000000A  c_w.l(libinit2.o)
    0x0800017a   0x0800017a   0x00000000   Code   RO         3189    .ARM.Collect$$libinit$$0000000C  c_w.l(libinit2.o)
    0x0800017a   0x0800017a   0x00000000   Code   RO         3191    .ARM.Collect$$libinit$$0000000E  c_w.l(libinit2.o)
    0x0800017a   0x0800017a   0x00000000   Code   RO         3194    .ARM.Collect$$libinit$$00000011  c_w.l(libinit2.o)
    0x0800017a   0x0800017a   0x00000000   Code   RO         3196    .ARM.Collect$$libinit$$00000013  c_w.l(libinit2.o)
    0x0800017a   0x0800017a   0x00000000   Code   RO         3198    .ARM.Collect$$libinit$$00000015  c_w.l(libinit2.o)
    0x0800017a   0x0800017a   0x00000000   Code   RO         3200    .ARM.Collect$$libinit$$00000017  c_w.l(libinit2.o)
    0x0800017a   0x0800017a   0x00000000   Code   RO         3202    .ARM.Collect$$libinit$$00000019  c_w.l(libinit2.o)
    0x0800017a   0x0800017a   0x00000000   Code   RO         3204    .ARM.Collect$$libinit$$0000001B  c_w.l(libinit2.o)
    0x0800017a   0x0800017a   0x00000000   Code   RO         3206    .ARM.Collect$$libinit$$0000001D  c_w.l(libinit2.o)
    0x0800017a   0x0800017a   0x00000000   Code   RO         3208    .ARM.Collect$$libinit$$0000001F  c_w.l(libinit2.o)
    0x0800017a   0x0800017a   0x00000000   Code   RO         3210    .ARM.Collect$$libinit$$00000021  c_w.l(libinit2.o)
    0x0800017a   0x0800017a   0x00000000   Code   RO         3212    .ARM.Collect$$libinit$$00000023  c_w.l(libinit2.o)
    0x0800017a   0x0800017a   0x00000004   Code   RO         3213    .ARM.Collect$$libinit$$00000024  c_w.l(libinit2.o)
    0x0800017e   0x0800017e   0x00000000   Code   RO         3214    .ARM.Collect$$libinit$$00000025  c_w.l(libinit2.o)
    0x0800017e   0x0800017e   0x00000000   Code   RO         3218    .ARM.Collect$$libinit$$0000002C  c_w.l(libinit2.o)
    0x0800017e   0x0800017e   0x00000000   Code   RO         3220    .ARM.Collect$$libinit$$0000002E  c_w.l(libinit2.o)
    0x0800017e   0x0800017e   0x00000000   Code   RO         3222    .ARM.Collect$$libinit$$00000030  c_w.l(libinit2.o)
    0x0800017e   0x0800017e   0x00000000   Code   RO         3224    .ARM.Collect$$libinit$$00000032  c_w.l(libinit2.o)
    0x0800017e   0x0800017e   0x00000002   Code   RO         3225    .ARM.Collect$$libinit$$00000033  c_w.l(libinit2.o)
    0x08000180   0x08000180   0x00000002   Code   RO         3350    .ARM.Collect$$libshutdown$$00000000  c_w.l(libshutdown.o)
    0x08000182   0x08000182   0x00000000   Code   RO         3227    .ARM.Collect$$libshutdown$$00000002  c_w.l(libshutdown2.o)
    0x08000182   0x08000182   0x00000004   Code   RO         3228    .ARM.Collect$$libshutdown$$00000003  c_w.l(libshutdown2.o)
    0x08000186   0x08000186   0x00000000   Code   RO         3229    .ARM.Collect$$libshutdown$$00000004  c_w.l(libshutdown2.o)
    0x08000186   0x08000186   0x00000000   Code   RO         3232    .ARM.Collect$$libshutdown$$00000007  c_w.l(libshutdown2.o)
    0x08000186   0x08000186   0x00000000   Code   RO         3235    .ARM.Collect$$libshutdown$$0000000A  c_w.l(libshutdown2.o)
    0x08000186   0x08000186   0x00000000   Code   RO         3237    .ARM.Collect$$libshutdown$$0000000C  c_w.l(libshutdown2.o)
    0x08000186   0x08000186   0x00000000   Code   RO         3240    .ARM.Collect$$libshutdown$$0000000F  c_w.l(libshutdown2.o)
    0x08000186   0x08000186   0x00000002   Code   RO         3241    .ARM.Collect$$libshutdown$$00000010  c_w.l(libshutdown2.o)
    0x08000188   0x08000188   0x00000000   Code   RO         3045    .ARM.Collect$$rtentry$$00000000  c_w.l(__rtentry.o)
    0x08000188   0x08000188   0x00000000   Code   RO         3067    .ARM.Collect$$rtentry$$00000002  c_w.l(__rtentry2.o)
    0x08000188   0x08000188   0x00000006   Code   RO         3079    .ARM.Collect$$rtentry$$00000004  c_w.l(__rtentry4.o)
    0x0800018e   0x0800018e   0x00000000   Code   RO         3069    .ARM.Collect$$rtentry$$00000009  c_w.l(__rtentry2.o)
    0x0800018e   0x0800018e   0x00000004   Code   RO         3070    .ARM.Collect$$rtentry$$0000000A  c_w.l(__rtentry2.o)
    0x08000192   0x08000192   0x00000000   Code   RO         3072    .ARM.Collect$$rtentry$$0000000C  c_w.l(__rtentry2.o)
    0x08000192   0x08000192   0x00000008   Code   RO         3073    .ARM.Collect$$rtentry$$0000000D  c_w.l(__rtentry2.o)
    0x0800019a   0x0800019a   0x00000002   Code   RO         3248    .ARM.Collect$$rtexit$$00000000  c_w.l(rtexit.o)
    0x0800019c   0x0800019c   0x00000000   Code   RO         3296    .ARM.Collect$$rtexit$$00000002  c_w.l(rtexit2.o)
    0x0800019c   0x0800019c   0x00000004   Code   RO         3297    .ARM.Collect$$rtexit$$00000003  c_w.l(rtexit2.o)
    0x080001a0   0x080001a0   0x00000006   Code   RO         3298    .ARM.Collect$$rtexit$$00000004  c_w.l(rtexit2.o)
    0x080001a6   0x080001a6   0x00000002   PAD
    0x080001a8   0x080001a8   0x00000000   Code   RO         3302    .emb_text           c_w.l(maybetermalloc1.o)
    0x080001a8   0x080001a8   0x00000040   Code   RO            4    .text               startup_stm32f103xb.o
    0x080001e8   0x080001e8   0x00000018   Code   RO         2994    .text               c_w.l(noretval__2printf.o)
    0x08000200   0x08000200   0x00000068   Code   RO         2996    .text               c_w.l(__printf.o)
    0x08000268   0x08000268   0x00000052   Code   RO         2998    .text               c_w.l(_printf_str.o)
    0x080002ba   0x080002ba   0x00000002   PAD
    0x080002bc   0x080002bc   0x00000078   Code   RO         3000    .text               c_w.l(_printf_dec.o)
    0x08000334   0x08000334   0x0000008a   Code   RO         3025    .text               c_w.l(rt_memcpy_v6.o)
    0x080003be   0x080003be   0x0000004e   Code   RO         3027    .text               c_w.l(rt_memclr_w.o)
    0x0800040c   0x0800040c   0x00000006   Code   RO         3029    .text               c_w.l(heapauxi.o)
    0x08000412   0x08000412   0x000000b2   Code   RO         3046    .text               c_w.l(_printf_intcommon.o)
    0x080004c4   0x080004c4   0x0000002c   Code   RO         3048    .text               c_w.l(_printf_char.o)
    0x080004f0   0x080004f0   0x00000024   Code   RO         3050    .text               c_w.l(_printf_char_file.o)
    0x08000514   0x08000514   0x00000064   Code   RO         3059    .text               c_w.l(rt_memcpy_w.o)
    0x08000578   0x08000578   0x00000030   Code   RO         3081    .text               c_w.l(_printf_char_common.o)
    0x080005a8   0x080005a8   0x00000008   Code   RO         3083    .text               c_w.l(ferror.o)
    0x080005b0   0x080005b0   0x00000138   Code   RO         3085    .text               c_w.l(initio.o)
    0x080006e8   0x080006e8   0x00000066   Code   RO         3091    .text               c_w.l(sys_io.o)
    0x0800074e   0x0800074e   0x0000004a   Code   RO         3098    .text               c_w.l(sys_stackheap_outer.o)
    0x08000798   0x08000798   0x0000004e   Code   RO         3102    .text               c_w.l(h1_free.o)
    0x080007e6   0x080007e6   0x00000046   Code   RO         3158    .text               c_w.l(setvbuf.o)
    0x0800082c   0x0800082c   0x000000ec   Code   RO         3161    .text               c_w.l(fopen.o)
    0x08000918   0x08000918   0x0000004c   Code   RO         3163    .text               c_w.l(fclose.o)
    0x08000964   0x08000964   0x00000012   Code   RO         3169    .text               c_w.l(exit.o)
    0x08000976   0x08000976   0x0000000e   Code   RO         3171    .text               c_w.l(defsig_rtred_outer.o)
    0x08000984   0x08000984   0x00000008   Code   RO         3242    .text               c_w.l(libspace.o)
    0x0800098c   0x0800098c   0x00000002   Code   RO         3245    .text               c_w.l(use_no_semi.o)
    0x0800098e   0x0800098e   0x00000000   Code   RO         3247    .text               c_w.l(indicate_semi.o)
    0x0800098e   0x0800098e   0x00000002   PAD
    0x08000990   0x08000990   0x00000008   Code   RO         3255    .text               c_w.l(rt_heap_descriptor_intlibspace.o)
    0x08000998   0x08000998   0x00000004   Code   RO         3257    .text               c_w.l(hguard.o)
    0x0800099c   0x0800099c   0x0000008a   Code   RO         3259    .text               c_w.l(init_alloc.o)
    0x08000a26   0x08000a26   0x0000005e   Code   RO         3265    .text               c_w.l(h1_alloc.o)
    0x08000a84   0x08000a84   0x000000f8   Code   RO         3279    .text               c_w.l(fseek.o)
    0x08000b7c   0x08000b7c   0x000000f0   Code   RO         3281    .text               c_w.l(stdio.o)
    0x08000c6c   0x08000c6c   0x0000000a   Code   RO         3283    .text               c_w.l(defsig_exit.o)
    0x08000c76   0x08000c76   0x00000002   PAD
    0x08000c78   0x08000c78   0x00000034   Code   RO         3285    .text               c_w.l(defsig_rtred_inner.o)
    0x08000cac   0x08000cac   0x0000003e   Code   RO         3287    .text               c_w.l(strlen.o)
    0x08000cea   0x08000cea   0x00000002   PAD
    0x08000cec   0x08000cec   0x0000000c   Code   RO         3293    .text               c_w.l(sys_exit.o)
    0x08000cf8   0x08000cf8   0x0000000e   Code   RO         3304    .text               c_w.l(h1_init.o)
    0x08000d06   0x08000d06   0x00000034   Code   RO         3306    .text               c_w.l(h1_extend.o)
    0x08000d3a   0x08000d3a   0x00000042   Code   RO         3312    .text               c_w.l(ftell.o)
    0x08000d7c   0x08000d7c   0x00000032   Code   RO         3316    .text               c_w.l(defsig_general.o)
    0x08000dae   0x08000dae   0x0000000e   Code   RO         3318    .text               c_w.l(defsig_rtmem_outer.o)
    0x08000dbc   0x08000dbc   0x0000000e   Code   RO         3331    .text               c_w.l(sys_wrch.o)
    0x08000dca   0x08000dca   0x00000002   PAD
    0x08000dcc   0x08000dcc   0x00000008   Code   RO         3338    .text               c_w.l(rt_errno_addr_intlibspace.o)
    0x08000dd4   0x08000dd4   0x00000050   Code   RO         3344    .text               c_w.l(defsig_rtmem_inner.o)
    0x08000e24   0x08000e24   0x00000050   Code   RO          409    i.Bluetooth_UART_IRQHandler  usart.o
    0x08000e74   0x08000e74   0x00000002   Code   RO          475    i.BusFault_Handler  stm32f1xx_it.o
    0x08000e76   0x08000e76   0x00000002   PAD
    0x08000e78   0x08000e78   0x0000000c   Code   RO          476    i.DMA1_Channel3_IRQHandler  stm32f1xx_it.o
    0x08000e84   0x08000e84   0x0000000c   Code   RO          477    i.DMA1_Channel5_IRQHandler  stm32f1xx_it.o
    0x08000e90   0x08000e90   0x0000002a   Code   RO         1993    i.DMA_SetConfig     stm32f1xx_hal_dma.o
    0x08000eba   0x08000eba   0x00000002   Code   RO          478    i.DebugMon_Handler  stm32f1xx_it.o
    0x08000ebc   0x08000ebc   0x0000002c   Code   RO          252    i.Error_Handler     main.o
    0x08000ee8   0x08000ee8   0x00000046   Code   RO         1994    i.HAL_DMA_Abort     stm32f1xx_hal_dma.o
    0x08000f2e   0x08000f2e   0x00000002   PAD
    0x08000f30   0x08000f30   0x00000098   Code   RO         1995    i.HAL_DMA_Abort_IT  stm32f1xx_hal_dma.o
    0x08000fc8   0x08000fc8   0x00000154   Code   RO         1999    i.HAL_DMA_IRQHandler  stm32f1xx_hal_dma.o
    0x0800111c   0x0800111c   0x0000005c   Code   RO         2000    i.HAL_DMA_Init      stm32f1xx_hal_dma.o
    0x08001178   0x08001178   0x00000070   Code   RO         2004    i.HAL_DMA_Start_IT  stm32f1xx_hal_dma.o
    0x080011e8   0x080011e8   0x00000024   Code   RO         1620    i.HAL_Delay         stm32f1xx_hal.o
    0x0800120c   0x0800120c   0x000001e0   Code   RO         1930    i.HAL_GPIO_Init     stm32f1xx_hal_gpio.o
    0x080013ec   0x080013ec   0x0000000a   Code   RO         1934    i.HAL_GPIO_WritePin  stm32f1xx_hal_gpio.o
    0x080013f6   0x080013f6   0x00000002   PAD
    0x080013f8   0x080013f8   0x0000000c   Code   RO         1624    i.HAL_GetTick       stm32f1xx_hal.o
    0x08001404   0x08001404   0x00000010   Code   RO         1630    i.HAL_IncTick       stm32f1xx_hal.o
    0x08001414   0x08001414   0x00000024   Code   RO         1631    i.HAL_Init          stm32f1xx_hal.o
    0x08001438   0x08001438   0x00000040   Code   RO         1632    i.HAL_InitTick      stm32f1xx_hal.o
    0x08001478   0x08001478   0x0000003c   Code   RO          580    i.HAL_MspInit       stm32f1xx_hal_msp.o
    0x080014b4   0x080014b4   0x0000001a   Code   RO         2090    i.HAL_NVIC_EnableIRQ  stm32f1xx_hal_cortex.o
    0x080014ce   0x080014ce   0x00000002   PAD
    0x080014d0   0x080014d0   0x00000040   Code   RO         2096    i.HAL_NVIC_SetPriority  stm32f1xx_hal_cortex.o
    0x08001510   0x08001510   0x00000024   Code   RO         2097    i.HAL_NVIC_SetPriorityGrouping  stm32f1xx_hal_cortex.o
    0x08001534   0x08001534   0x0000012c   Code   RO         1788    i.HAL_RCC_ClockConfig  stm32f1xx_hal_rcc.o
    0x08001660   0x08001660   0x00000020   Code   RO         1795    i.HAL_RCC_GetPCLK1Freq  stm32f1xx_hal_rcc.o
    0x08001680   0x08001680   0x00000020   Code   RO         1796    i.HAL_RCC_GetPCLK2Freq  stm32f1xx_hal_rcc.o
    0x080016a0   0x080016a0   0x0000004c   Code   RO         1797    i.HAL_RCC_GetSysClockFreq  stm32f1xx_hal_rcc.o
    0x080016ec   0x080016ec   0x00000320   Code   RO         1800    i.HAL_RCC_OscConfig  stm32f1xx_hal_rcc.o
    0x08001a0c   0x08001a0c   0x00000028   Code   RO         2101    i.HAL_SYSTICK_Config  stm32f1xx_hal_cortex.o
    0x08001a34   0x08001a34   0x00000002   Code   RO         1346    i.HAL_TIMEx_BreakCallback  stm32f1xx_hal_tim_ex.o
    0x08001a36   0x08001a36   0x00000002   Code   RO         1347    i.HAL_TIMEx_CommutCallback  stm32f1xx_hal_tim_ex.o
    0x08001a38   0x08001a38   0x00000068   Code   RO         1365    i.HAL_TIMEx_MasterConfigSynchronization  stm32f1xx_hal_tim_ex.o
    0x08001aa0   0x08001aa0   0x0000005a   Code   RO          642    i.HAL_TIM_Base_Init  stm32f1xx_hal_tim.o
    0x08001afa   0x08001afa   0x00000002   PAD
    0x08001afc   0x08001afc   0x00000054   Code   RO          356    i.HAL_TIM_Base_MspInit  tim.o
    0x08001b50   0x08001b50   0x000000dc   Code   RO          651    i.HAL_TIM_ConfigClockSource  stm32f1xx_hal_tim.o
    0x08001c2c   0x08001c2c   0x00000002   Code   RO          676    i.HAL_TIM_IC_CaptureCallback  stm32f1xx_hal_tim.o
    0x08001c2e   0x08001c2e   0x00000166   Code   RO          690    i.HAL_TIM_IRQHandler  stm32f1xx_hal_tim.o
    0x08001d94   0x08001d94   0x0000004c   Code   RO          357    i.HAL_TIM_MspPostInit  tim.o
    0x08001de0   0x08001de0   0x00000002   Code   RO          693    i.HAL_TIM_OC_DelayElapsedCallback  stm32f1xx_hal_tim.o
    0x08001de2   0x08001de2   0x000000cc   Code   RO          714    i.HAL_TIM_PWM_ConfigChannel  stm32f1xx_hal_tim.o
    0x08001eae   0x08001eae   0x0000005a   Code   RO          717    i.HAL_TIM_PWM_Init  stm32f1xx_hal_tim.o
    0x08001f08   0x08001f08   0x00000002   Code   RO          719    i.HAL_TIM_PWM_MspInit  stm32f1xx_hal_tim.o
    0x08001f0a   0x08001f0a   0x00000002   Code   RO          720    i.HAL_TIM_PWM_PulseFinishedCallback  stm32f1xx_hal_tim.o
    0x08001f0c   0x08001f0c   0x0000009c   Code   RO          722    i.HAL_TIM_PWM_Start  stm32f1xx_hal_tim.o
    0x08001fa8   0x08001fa8   0x00000002   Code   RO          728    i.HAL_TIM_PeriodElapsedCallback  stm32f1xx_hal_tim.o
    0x08001faa   0x08001faa   0x00000002   Code   RO          733    i.HAL_TIM_TriggerCallback  stm32f1xx_hal_tim.o
    0x08001fac   0x08001fac   0x00000002   Code   RO         2602    i.HAL_UARTEx_RxEventCallback  stm32f1xx_hal_uart.o
    0x08001fae   0x08001fae   0x00000070   Code   RO         2614    i.HAL_UART_DMAStop  stm32f1xx_hal_uart.o
    0x0800201e   0x0800201e   0x00000002   Code   RO         2616    i.HAL_UART_ErrorCallback  stm32f1xx_hal_uart.o
    0x08002020   0x08002020   0x0000026c   Code   RO         2619    i.HAL_UART_IRQHandler  stm32f1xx_hal_uart.o
    0x0800228c   0x0800228c   0x00000064   Code   RO         2620    i.HAL_UART_Init     stm32f1xx_hal_uart.o
    0x080022f0   0x080022f0   0x0000013c   Code   RO          412    i.HAL_UART_MspInit  usart.o
    0x0800242c   0x0800242c   0x0000001c   Code   RO         2624    i.HAL_UART_Receive_DMA  stm32f1xx_hal_uart.o
    0x08002448   0x08002448   0x00000002   Code   RO         2626    i.HAL_UART_RxCpltCallback  stm32f1xx_hal_uart.o
    0x0800244a   0x0800244a   0x00000002   Code   RO         2627    i.HAL_UART_RxHalfCpltCallback  stm32f1xx_hal_uart.o
    0x0800244c   0x0800244c   0x0000009a   Code   RO         2628    i.HAL_UART_Transmit  stm32f1xx_hal_uart.o
    0x080024e6   0x080024e6   0x00000002   Code   RO         2631    i.HAL_UART_TxCpltCallback  stm32f1xx_hal_uart.o
    0x080024e8   0x080024e8   0x00000002   Code   RO          479    i.HardFault_Handler  stm32f1xx_it.o
    0x080024ea   0x080024ea   0x00000002   PAD
    0x080024ec   0x080024ec   0x0000003c   Code   RO          331    i.MX_DMA_Init       dma.o
    0x08002528   0x08002528   0x00000070   Code   RO          307    i.MX_GPIO_Init      gpio.o
    0x08002598   0x08002598   0x000000ac   Code   RO          358    i.MX_TIM3_Init      tim.o
    0x08002644   0x08002644   0x00000068   Code   RO          359    i.MX_TIM4_Init      tim.o
    0x080026ac   0x080026ac   0x00000038   Code   RO          413    i.MX_USART1_UART_Init  usart.o
    0x080026e4   0x080026e4   0x00000038   Code   RO          414    i.MX_USART3_UART_Init  usart.o
    0x0800271c   0x0800271c   0x00000002   Code   RO          480    i.MemManage_Handler  stm32f1xx_it.o
    0x0800271e   0x0800271e   0x00000002   Code   RO          481    i.NMI_Handler       stm32f1xx_it.o
    0x08002720   0x08002720   0x00000002   Code   RO          482    i.PendSV_Handler    stm32f1xx_it.o
    0x08002722   0x08002722   0x00000002   Code   RO          483    i.SVC_Handler       stm32f1xx_it.o
    0x08002724   0x08002724   0x00000004   Code   RO          484    i.SysTick_Handler   stm32f1xx_it.o
    0x08002728   0x08002728   0x00000058   Code   RO          253    i.SystemClock_Config  main.o
    0x08002780   0x08002780   0x00000002   Code   RO         2954    i.SystemInit        system_stm32f1xx.o
    0x08002782   0x08002782   0x00000002   PAD
    0x08002784   0x08002784   0x0000000c   Code   RO          485    i.TIM4_IRQHandler   stm32f1xx_it.o
    0x08002790   0x08002790   0x0000006c   Code   RO          735    i.TIM_Base_SetConfig  stm32f1xx_hal_tim.o
    0x080027fc   0x080027fc   0x0000001a   Code   RO          736    i.TIM_CCxChannelCmd  stm32f1xx_hal_tim.o
    0x08002816   0x08002816   0x00000014   Code   RO          746    i.TIM_ETR_SetConfig  stm32f1xx_hal_tim.o
    0x0800282a   0x0800282a   0x00000010   Code   RO          747    i.TIM_ITRx_SetConfig  stm32f1xx_hal_tim.o
    0x0800283a   0x0800283a   0x00000002   PAD
    0x0800283c   0x0800283c   0x00000050   Code   RO          748    i.TIM_OC1_SetConfig  stm32f1xx_hal_tim.o
    0x0800288c   0x0800288c   0x00000058   Code   RO          749    i.TIM_OC2_SetConfig  stm32f1xx_hal_tim.o
    0x080028e4   0x080028e4   0x00000058   Code   RO          750    i.TIM_OC3_SetConfig  stm32f1xx_hal_tim.o
    0x0800293c   0x0800293c   0x00000044   Code   RO          751    i.TIM_OC4_SetConfig  stm32f1xx_hal_tim.o
    0x08002980   0x08002980   0x00000022   Code   RO          753    i.TIM_TI1_ConfigInputStage  stm32f1xx_hal_tim.o
    0x080029a2   0x080029a2   0x00000024   Code   RO          755    i.TIM_TI2_ConfigInputStage  stm32f1xx_hal_tim.o
    0x080029c6   0x080029c6   0x00000010   Code   RO         2633    i.UART_DMAAbortOnError  stm32f1xx_hal_uart.o
    0x080029d6   0x080029d6   0x0000004a   Code   RO         2634    i.UART_DMAError     stm32f1xx_hal_uart.o
    0x08002a20   0x08002a20   0x00000086   Code   RO         2635    i.UART_DMAReceiveCplt  stm32f1xx_hal_uart.o
    0x08002aa6   0x08002aa6   0x0000001e   Code   RO         2637    i.UART_DMARxHalfCplt  stm32f1xx_hal_uart.o
    0x08002ac4   0x08002ac4   0x0000004e   Code   RO         2643    i.UART_EndRxTransfer  stm32f1xx_hal_uart.o
    0x08002b12   0x08002b12   0x0000001c   Code   RO         2644    i.UART_EndTxTransfer  stm32f1xx_hal_uart.o
    0x08002b2e   0x08002b2e   0x000000c2   Code   RO         2645    i.UART_Receive_IT   stm32f1xx_hal_uart.o
    0x08002bf0   0x08002bf0   0x000000b8   Code   RO         2646    i.UART_SetConfig    stm32f1xx_hal_uart.o
    0x08002ca8   0x08002ca8   0x00000090   Code   RO         2647    i.UART_Start_Receive_DMA  stm32f1xx_hal_uart.o
    0x08002d38   0x08002d38   0x00000078   Code   RO         2649    i.UART_WaitOnFlagUntilTimeout  stm32f1xx_hal_uart.o
    0x08002db0   0x08002db0   0x00000018   Code   RO          486    i.USART1_IRQHandler  stm32f1xx_it.o
    0x08002dc8   0x08002dc8   0x00000018   Code   RO          487    i.USART3_IRQHandler  stm32f1xx_it.o
    0x08002de0   0x08002de0   0x000000dc   Code   RO          415    i.USAR_UART_IDLECallback  usart.o
    0x08002ebc   0x08002ebc   0x00000002   Code   RO          488    i.UsageFault_Handler  stm32f1xx_it.o
    0x08002ebe   0x08002ebe   0x00000020   Code   RO         2103    i.__NVIC_SetPriority  stm32f1xx_hal_cortex.o
    0x08002ede   0x08002ede   0x00000002   PAD
    0x08002ee0   0x08002ee0   0x0000001c   Code   RO           13    i.buffer_hadle_USART1  mymain.o
    0x08002efc   0x08002efc   0x0000001c   Code   RO           14    i.buffer_hadle_USART3  mymain.o
    0x08002f18   0x08002f18   0x00000018   Code   RO          255    i.fputc             main.o
    0x08002f30   0x08002f30   0x0000005c   Code   RO          256    i.main              main.o
    0x08002f8c   0x08002f8c   0x00000010   Code   RO          165    i.steer_init        steer.o
    0x08002f9c   0x08002f9c   0x00000012   Data   RO         1801    .constdata          stm32f1xx_hal_rcc.o
    0x08002fae   0x08002fae   0x00000010   Data   RO         2955    .constdata          system_stm32f1xx.o
    0x08002fbe   0x08002fbe   0x00000008   Data   RO         2956    .constdata          system_stm32f1xx.o
    0x08002fc6   0x08002fc6   0x00000004   Data   RO         3092    .constdata          c_w.l(sys_io.o)
    0x08002fca   0x08002fca   0x00000004   Data   RO         3093    .constdata          c_w.l(sys_io.o)
    0x08002fce   0x08002fce   0x00000004   Data   RO         3094    .constdata          c_w.l(sys_io.o)
    0x08002fd2   0x08002fd2   0x00000002   PAD
    0x08002fd4   0x08002fd4   0x00000020   Data   RO         3369    Region$$Table       anon$$obj.o


    Execution Region RW_IRAM1 (Exec base: 0x20000000, Load base: 0x08002ff4, Size: 0x000009f0, Max: 0x00005000, ABSOLUTE)

    Exec Addr    Load Addr    Size         Type   Attr      Idx    E Section Name        Object

    0x20000000   0x08002ff4   0x00000008   Data   RW          168    .data               steer.o
    0x20000008   0x08002ffc   0x0000000c   Data   RW         1638    .data               stm32f1xx_hal.o
    0x20000014   0x08003008   0x00000004   Data   RW         2957    .data               system_stm32f1xx.o
    0x20000018   0x0800300c   0x00000004   Data   RW         3056    .data               c_w.l(stdio_streams.o)
    0x2000001c   0x08003010   0x00000004   Data   RW         3057    .data               c_w.l(stdio_streams.o)
    0x20000020   0x08003014   0x00000004   Data   RW         3058    .data               c_w.l(stdio_streams.o)
    0x20000024        -       0x00000090   Zero   RW          360    .bss                tim.o
    0x200000b4        -       0x000001e0   Zero   RW          416    .bss                usart.o
    0x20000294        -       0x00000054   Zero   RW         3053    .bss                c_w.l(stdio_streams.o)
    0x200002e8        -       0x00000054   Zero   RW         3054    .bss                c_w.l(stdio_streams.o)
    0x2000033c        -       0x00000054   Zero   RW         3055    .bss                c_w.l(stdio_streams.o)
    0x20000390        -       0x00000060   Zero   RW         3243    .bss                c_w.l(libspace.o)
    0x200003f0        -       0x00000200   Zero   RW            2    HEAP                startup_stm32f103xb.o
    0x200005f0        -       0x00000400   Zero   RW            1    STACK               startup_stm32f103xb.o


==============================================================================

Image component sizes


      Code (inc. data)   RO Data    RW Data    ZI Data      Debug   Object Name

        60          4          0          0          0        806   dma.o
       112         10          0          0          0        955   gpio.o
       248         14          0          0          0       2552   main.o
        56         40          0          0          0     428248   mymain.o
        64         26        236          0       1536        832   startup_stm32f103xb.o
        16          6          0          8          0       1175   steer.o
       164         28          0         12          0       6069   stm32f1xx_hal.o
       198         14          0          0          0      29067   stm32f1xx_hal_cortex.o
       808         36          0          0          0       5134   stm32f1xx_hal_dma.o
       490         34          0          0          0       2952   stm32f1xx_hal_gpio.o
        60          8          0          0          0        914   stm32f1xx_hal_msp.o
      1240         84         18          0          0       5236   stm32f1xx_hal_rcc.o
      1694         46          0          0          0      16338   stm32f1xx_hal_tim.o
       108         12          0          0          0       2485   stm32f1xx_hal_tim_ex.o
      2026         24          0          0          0      15721   stm32f1xx_hal_uart.o
       104         30          0          0          0       6454   stm32f1xx_it.o
         2          0         24          4          0       1179   system_stm32f1xx.o
       436         42          0          0        144       3141   tim.o
       728        102          0          0        480       4306   usart.o

    ----------------------------------------------------------------------
      8632        560        310         24       2160     533564   Object Totals
         0          0         32          0          0          0   (incl. Generated)
        18          0          0          0          0          0   (incl. Padding)

    ----------------------------------------------------------------------

      Code (inc. data)   RO Data    RW Data    ZI Data      Debug   Library Member Name

         8          0          0          0          0         68   __main.o
       104          0          0          0          0         84   __printf.o
         0          0          0          0          0          0   __rtentry.o
        12          0          0          0          0          0   __rtentry2.o
         6          0          0          0          0          0   __rtentry4.o
        52          8          0          0          0          0   __scatter.o
        26          0          0          0          0          0   __scatter_copy.o
        28          0          0          0          0          0   __scatter_zi.o
        44          0          0          0          0        108   _printf_char.o
        48          6          0          0          0         96   _printf_char_common.o
        36          4          0          0          0         80   _printf_char_file.o
         6          0          0          0          0          0   _printf_d.o
       120         16          0          0          0         92   _printf_dec.o
       178          0          0          0          0         88   _printf_intcommon.o
         0          0          0          0          0          0   _printf_percent.o
         4          0          0          0          0          0   _printf_percent_end.o
         6          0          0          0          0          0   _printf_s.o
        82          0          0          0          0         80   _printf_str.o
        10          0          0          0          0         68   defsig_exit.o
        50          0          0          0          0         88   defsig_general.o
        80         58          0          0          0         76   defsig_rtmem_inner.o
        14          0          0          0          0         80   defsig_rtmem_outer.o
        52         38          0          0          0         76   defsig_rtred_inner.o
        14          0          0          0          0         80   defsig_rtred_outer.o
        18          0          0          0          0         80   exit.o
        76          0          0          0          0         88   fclose.o
         8          0          0          0          0         68   ferror.o
       236          4          0          0          0        128   fopen.o
       248          6          0          0          0         84   fseek.o
        66          0          0          0          0         76   ftell.o
        94          0          0          0          0         80   h1_alloc.o
        52          0          0          0          0         68   h1_extend.o
        78          0          0          0          0         80   h1_free.o
        14          0          0          0          0         84   h1_init.o
         6          0          0          0          0        152   heapauxi.o
         4          0          0          0          0        136   hguard.o
         0          0          0          0          0          0   indicate_semi.o
       138          0          0          0          0        168   init_alloc.o
       312         46          0          0          0        112   initio.o
         2          0          0          0          0          0   libinit.o
        14          0          0          0          0          0   libinit2.o
         2          0          0          0          0          0   libshutdown.o
         6          0          0          0          0          0   libshutdown2.o
         8          4          0          0         96         68   libspace.o
         0          0          0          0          0          0   maybetermalloc1.o
        24          4          0          0          0         84   noretval__2printf.o
         8          4          0          0          0         68   rt_errno_addr_intlibspace.o
         8          4          0          0          0         68   rt_heap_descriptor_intlibspace.o
        78          0          0          0          0         80   rt_memclr_w.o
       138          0          0          0          0         68   rt_memcpy_v6.o
       100          0          0          0          0         80   rt_memcpy_w.o
         2          0          0          0          0          0   rtexit.o
        10          0          0          0          0          0   rtexit2.o
        70          0          0          0          0         80   setvbuf.o
       240          6          0          0          0        156   stdio.o
         0          0          0         12        252          0   stdio_streams.o
        62          0          0          0          0         76   strlen.o
        12          4          0          0          0         68   sys_exit.o
       102          0         12          0          0        240   sys_io.o
        74          0          0          0          0         80   sys_stackheap_outer.o
        14          0          0          0          0         76   sys_wrch.o
         2          0          0          0          0         68   use_no_semi.o

    ----------------------------------------------------------------------
      3320        212         14         12        348       3928   Library Totals
        14          0          2          0          0          0   (incl. Padding)

    ----------------------------------------------------------------------

      Code (inc. data)   RO Data    RW Data    ZI Data      Debug   Library Name

      3306        212         12         12        348       3928   c_w.l

    ----------------------------------------------------------------------
      3320        212         14         12        348       3928   Library Totals

    ----------------------------------------------------------------------

==============================================================================


      Code (inc. data)   RO Data    RW Data    ZI Data      Debug   

     11952        772        324         36       2508     530364   Grand Totals
     11952        772        324         36       2508     530364   ELF Image Totals
     11952        772        324         36          0          0   ROM Totals

==============================================================================

    Total RO  Size (Code + RO Data)                12276 (  11.99kB)
    Total RW  Size (RW Data + ZI Data)              2544 (   2.48kB)
    Total ROM Size (Code + RO Data + RW Data)      12312 (  12.02kB)

==============================================================================

