Component: ARM Compiler 5.06 update 6 (build 750) Tool: armlink [4d35ed]

==============================================================================

Section Cross References

    startup_stm32f103xb.o(RESET) refers to startup_stm32f103xb.o(STACK) for __initial_sp
    startup_stm32f103xb.o(RESET) refers to startup_stm32f103xb.o(.text) for Reset_Handler
    startup_stm32f103xb.o(RESET) refers to stm32f1xx_it.o(i.NMI_Handler) for NMI_Handler
    startup_stm32f103xb.o(RESET) refers to stm32f1xx_it.o(i.HardFault_Handler) for HardFault_Handler
    startup_stm32f103xb.o(RESET) refers to stm32f1xx_it.o(i.MemManage_Handler) for MemManage_Handler
    startup_stm32f103xb.o(RESET) refers to stm32f1xx_it.o(i.BusFault_Handler) for BusFault_Handler
    startup_stm32f103xb.o(RESET) refers to stm32f1xx_it.o(i.UsageFault_Handler) for UsageFault_Handler
    startup_stm32f103xb.o(RESET) refers to stm32f1xx_it.o(i.SVC_Handler) for SVC_Handler
    startup_stm32f103xb.o(RESET) refers to stm32f1xx_it.o(i.DebugMon_Handler) for DebugMon_Handler
    startup_stm32f103xb.o(RESET) refers to stm32f1xx_it.o(i.PendSV_Handler) for PendSV_Handler
    startup_stm32f103xb.o(RESET) refers to stm32f1xx_it.o(i.SysTick_Handler) for SysTick_Handler
    startup_stm32f103xb.o(RESET) refers to stm32f1xx_it.o(i.DMA1_Channel3_IRQHandler) for DMA1_Channel3_IRQHandler
    startup_stm32f103xb.o(RESET) refers to stm32f1xx_it.o(i.DMA1_Channel5_IRQHandler) for DMA1_Channel5_IRQHandler
    startup_stm32f103xb.o(RESET) refers to stm32f1xx_it.o(i.TIM2_IRQHandler) for TIM2_IRQHandler
    startup_stm32f103xb.o(RESET) refers to stm32f1xx_it.o(i.TIM4_IRQHandler) for TIM4_IRQHandler
    startup_stm32f103xb.o(RESET) refers to stm32f1xx_it.o(i.USART1_IRQHandler) for USART1_IRQHandler
    startup_stm32f103xb.o(RESET) refers to stm32f1xx_it.o(i.USART3_IRQHandler) for USART3_IRQHandler
    startup_stm32f103xb.o(.text) refers to system_stm32f1xx.o(i.SystemInit) for SystemInit
    startup_stm32f103xb.o(.text) refers to entry.o(.ARM.Collect$$$$00000000) for __main
    encoder.o(i.HAL_TIM_PeriodElapsedCallback) refers to fflti.o(.text) for __aeabi_i2f
    encoder.o(i.HAL_TIM_PeriodElapsedCallback) refers to fdiv.o(.text) for __aeabi_fdiv
    encoder.o(i.HAL_TIM_PeriodElapsedCallback) refers to fmul.o(.text) for __aeabi_fmul
    encoder.o(i.HAL_TIM_PeriodElapsedCallback) refers to encoder.o(i.Speed_Low_Filter) for Speed_Low_Filter
    encoder.o(i.HAL_TIM_PeriodElapsedCallback) refers to f2d.o(.text) for __aeabi_f2d
    encoder.o(i.HAL_TIM_PeriodElapsedCallback) refers to dmul.o(.text) for __aeabi_dmul
    encoder.o(i.HAL_TIM_PeriodElapsedCallback) refers to d2f.o(.text) for __aeabi_d2f
    encoder.o(i.HAL_TIM_PeriodElapsedCallback) refers to pid.o(i.Line_PID_Realize) for Line_PID_Realize
    encoder.o(i.HAL_TIM_PeriodElapsedCallback) refers to fadd.o(.text) for __aeabi_fadd
    encoder.o(i.HAL_TIM_PeriodElapsedCallback) refers to pid.o(i.Speed_PID_Realize) for Speed_PID_Realize
    encoder.o(i.HAL_TIM_PeriodElapsedCallback) refers to ffixui.o(.text) for __aeabi_f2uiz
    encoder.o(i.HAL_TIM_PeriodElapsedCallback) refers to printfa.o(i.__0printf) for __2printf
    encoder.o(i.HAL_TIM_PeriodElapsedCallback) refers to tim.o(.bss) for htim4
    encoder.o(i.HAL_TIM_PeriodElapsedCallback) refers to main.o(.bss) for motor1
    encoder.o(i.HAL_TIM_PeriodElapsedCallback) refers to encoder.o(.bss) for .bss
    encoder.o(i.HAL_TIM_PeriodElapsedCallback) refers to main.o(.data) for error
    encoder.o(i.HAL_TIM_PeriodElapsedCallback) refers to pid.o(.bss) for pid_line
    encoder.o(i.HAL_TIM_PeriodElapsedCallback) refers to encoder.o(.data) for .data
    encoder.o(i.HAL_TIM_PeriodElapsedCallback) refers to main.o(.bss) for motor2
    encoder.o(i.Motor_Init) refers to stm32f1xx_hal_tim.o(i.HAL_TIM_Encoder_Start) for HAL_TIM_Encoder_Start
    encoder.o(i.Motor_Init) refers to stm32f1xx_hal_tim.o(i.HAL_TIM_Base_Start_IT) for HAL_TIM_Base_Start_IT
    encoder.o(i.Motor_Init) refers to stm32f1xx_hal_tim.o(i.HAL_TIM_PWM_Start) for HAL_TIM_PWM_Start
    encoder.o(i.Motor_Init) refers to tim.o(.bss) for htim2
    encoder.o(i.Motor_Init) refers to main.o(.bss) for motor1
    encoder.o(i.Motor_Init) refers to main.o(.bss) for motor2
    encoder.o(i.Speed_Low_Filter) refers to fadd.o(.text) for __aeabi_fadd
    encoder.o(i.Speed_Low_Filter) refers to fdiv.o(.text) for __aeabi_fdiv
    encoder.o(i.fix_error) refers to fmul.o(.text) for __aeabi_fmul
    encoder.o(i.fix_error) refers to encoder.o(.data) for .data
    encoder.o(i.motor1_run) refers to encoder.o(.data) for .data
    encoder.o(i.motor2_run) refers to encoder.o(.data) for .data
    encoder.o(i.motor_foward) refers to fmul.o(.text) for __aeabi_fmul
    encoder.o(i.motor_foward) refers to fadd.o(.text) for __aeabi_frsub
    encoder.o(i.motor_foward) refers to encoder.o(.data) for .data
    encoder.o(i.motor_turnback) refers to fmul.o(.text) for __aeabi_fmul
    encoder.o(i.motor_turnback) refers to fadd.o(.text) for __aeabi_frsub
[...]
    Removing stm32f1xx_hal_uart.o(i.HAL_UARTEx_ReceiveToIdle_DMA), (78 bytes).
    Removing stm32f1xx_hal_uart.o(i.HAL_UARTEx_ReceiveToIdle_IT), (78 bytes).
    Removing stm32f1xx_hal_uart.o(i.HAL_UART_Abort), (210 bytes).
    Removing stm32f1xx_hal_uart.o(i.HAL_UART_AbortCpltCallback), (2 bytes).
    Removing stm32f1xx_hal_uart.o(i.HAL_UART_AbortReceive), (148 bytes).
    Removing stm32f1xx_hal_uart.o(i.HAL_UART_AbortReceiveCpltCallback), (2 bytes).
    Removing stm32f1xx_hal_uart.o(i.HAL_UART_AbortReceive_IT), (152 bytes).
    Removing stm32f1xx_hal_uart.o(i.HAL_UART_AbortTransmit), (98 bytes).
    Removing stm32f1xx_hal_uart.o(i.HAL_UART_AbortTransmitCpltCallback), (2 bytes).
    Removing stm32f1xx_hal_uart.o(i.HAL_UART_AbortTransmit_IT), (104 bytes).
    Removing stm32f1xx_hal_uart.o(i.HAL_UART_Abort_IT), (244 bytes).
    Removing stm32f1xx_hal_uart.o(i.HAL_UART_DMAPause), (120 bytes).
    Removing stm32f1xx_hal_uart.o(i.HAL_UART_DMAResume), (114 bytes).
    Removing stm32f1xx_hal_uart.o(i.HAL_UART_DeInit), (54 bytes).
    Removing stm32f1xx_hal_uart.o(i.HAL_UART_GetError), (4 bytes).
    Removing stm32f1xx_hal_uart.o(i.HAL_UART_GetState), (10 bytes).
    Removing stm32f1xx_hal_uart.o(i.HAL_UART_MspDeInit), (2 bytes).
    Removing stm32f1xx_hal_uart.o(i.HAL_UART_MspInit), (2 bytes).
    Removing stm32f1xx_hal_uart.o(i.HAL_UART_Receive), (172 bytes).
    Removing stm32f1xx_hal_uart.o(i.HAL_UART_Receive_IT), (28 bytes).
    Removing stm32f1xx_hal_uart.o(i.HAL_UART_Transmit_DMA), (120 bytes).
    Removing stm32f1xx_hal_uart.o(i.HAL_UART_Transmit_IT), (50 bytes).
    Removing stm32f1xx_hal_uart.o(i.HAL_UART_TxHalfCpltCallback), (2 bytes).
    Removing stm32f1xx_hal_uart.o(i.UART_DMARxAbortCallback), (44 bytes).
    Removing stm32f1xx_hal_uart.o(i.UART_DMARxOnlyAbortCallback), (22 bytes).
    Removing stm32f1xx_hal_uart.o(i.UART_DMATransmitCplt), (66 bytes).
    Removing stm32f1xx_hal_uart.o(i.UART_DMATxAbortCallback), (44 bytes).
    Removing stm32f1xx_hal_uart.o(i.UART_DMATxHalfCplt), (10 bytes).
    Removing stm32f1xx_hal_uart.o(i.UART_DMATxOnlyAbortCallback), (20 bytes).
    Removing stm32f1xx_hal_uart.o(i.UART_Start_Receive_IT), (54 bytes).
    Removing system_stm32f1xx.o(.rev16_text), (4 bytes).
    Removing system_stm32f1xx.o(.revsh_text), (4 bytes).
    Removing system_stm32f1xx.o(.rrx_text), (6 bytes).
    Removing system_stm32f1xx.o(i.SystemCoreClockUpdate), (104 bytes).

393 unused section(s) (total 24074 bytes) removed from the image.

==============================================================================

Image Symbol Table

    Local Symbols

    Symbol Name                              Value     Ov Type        Size  Object(Section)

    ../Core/Src/dma.c                        0x00000000   Number         0  dma.o ABSOLUTE
    ../Core/Src/gpio.c                       0x00000000   Number         0  gpio.o ABSOLUTE
    ../Core/Src/main.c                       0x00000000   Number         0  main.o ABSOLUTE
    ../Core/Src/stm32f1xx_hal_msp.c          0x00000000   Number         0  stm32f1xx_hal_msp.o ABSOLUTE
    ../Core/Src/stm32f1xx_it.c               0x00000000   Number         0  stm32f1xx_it.o ABSOLUTE
    ../Core/Src/system_stm32f1xx.c           0x00000000   Number         0  system_stm32f1xx.o ABSOLUTE
    ../Core/Src/tim.c                        0x00000000   Number         0  tim.o ABSOLUTE
    ../Core/Src/usart.c                      0x00000000   Number         0  usart.o ABSOLUTE
    ../Drivers/STM32F1xx_HAL_Driver/Src/stm32f1xx_hal.c 0x00000000   Number         0  stm32f1xx_hal.o ABSOLUTE
    ../Drivers/STM32F1xx_HAL_Driver/Src/stm32f1xx_hal_cortex.c 0x00000000   Number         0  stm32f1xx_hal_cortex.o ABSOLUTE
    ../Drivers/STM32F1xx_HAL_Driver/Src/stm32f1xx_hal_dma.c 0x00000000   Number         0  stm32f1xx_hal_dma.o ABSOLUTE
    ../Drivers/STM32F1xx_HAL_Driver/Src/stm32f1xx_hal_exti.c 0x00000000   Number         0  stm32f1xx_hal_exti.o ABSOLUTE
    ../Drivers/STM32F1xx_HAL_Driver/Src/stm32f1xx_hal_flash.c 0x00000000   Number         0  stm32f1xx_hal_flash.o ABSOLUTE
    ../Drivers/STM32F1xx_HAL_Driver/Src/stm32f1xx_hal_flash_ex.c 0x00000000   Number         0  stm32f1xx_hal_flash_ex.o ABSOLUTE
    ../Drivers/STM32F1xx_HAL_Driver/Src/stm32f1xx_hal_gpio.c 0x00000000   Number         0  stm32f1xx_hal_gpio.o ABSOLUTE
    ../Drivers/STM32F1xx_HAL_Driver/Src/stm32f1xx_hal_gpio_ex.c 0x00000000   Number         0  stm32f1xx_hal_gpio_ex.o ABSOLUTE
    ../Drivers/STM32F1xx_HAL_Driver/Src/stm32f1xx_hal_pwr.c 0x00000000   Number         0  stm32f1xx_hal_pwr.o ABSOLUTE
    ../Drivers/STM32F1xx_HAL_Driver/Src/stm32f1xx_hal_rcc.c 0x00000000   Number         0  stm32f1xx_hal_rcc.o ABSOLUTE
    ../Drivers/STM32F1xx_HAL_Driver/Src/stm32f1xx_hal_rcc_ex.c 0x00000000   Number         0  stm32f1xx_hal_rcc_ex.o ABSOLUTE
    ../Drivers/STM32F1xx_HAL_Driver/Src/stm32f1xx_hal_tim.c 0x00000000   Number         0  stm32f1xx_hal_tim.o ABSOLUTE
    ../Drivers/STM32F1xx_HAL_Driver/Src/stm32f1xx_hal_tim_ex.c 0x00000000   Number         0  stm32f1xx_hal_tim_ex.o ABSOLUTE
    ../Drivers/STM32F1xx_HAL_Driver/Src/stm32f1xx_hal_uart.c 0x00000000   Number         0  stm32f1xx_hal_uart.o ABSOLUTE
    ../clib/microlib/division.c              0x00000000   Number         0  uidiv.o ABSOLUTE
    ../clib/microlib/division.c              0x00000000   Number         0  uldiv.o ABSOLUTE
    ../clib/microlib/init/entry.s            0x00000000   Number         0  entry8a.o ABSOLUTE
    ../clib/microlib/init/entry.s            0x00000000   Number         0  entry5.o ABSOLUTE
    ../clib/microlib/init/entry.s            0x00000000   Number         0  entry7a.o ABSOLUTE
    ../clib/microlib/init/entry.s            0x00000000   Number         0  entry9a.o ABSOLUTE
    ../clib/microlib/init/entry.s            0x00000000   Number         0  entry7b.o ABSOLUTE
    ../clib/microlib/init/entry.s            0x00000000   Number         0  entry11b.o ABSOLUTE
    ../clib/microlib/init/entry.s            0x00000000   Number         0  entry11a.o ABSOLUTE
    ../clib/microlib/init/entry.s            0x00000000   Number         0  entry.o ABSOLUTE
    ../clib/microlib/init/entry.s            0x00000000   Number         0  entry2.o ABSOLUTE
    ../clib/microlib/init/entry.s            0x00000000   Number         0  entry10b.o ABSOLUTE
    ../clib/microlib/init/entry.s            0x00000000   Number         0  entry8b.o ABSOLUTE
    ../clib/microlib/init/entry.s            0x00000000   Number         0  entry10a.o ABSOLUTE
    ../clib/microlib/init/entry.s            0x00000000   Number         0  entry9b.o ABSOLUTE
    ../clib/microlib/longlong.c              0x00000000   Number         0  llshl.o ABSOLUTE
    ../clib/microlib/longlong.c              0x00000000   Number         0  llsshr.o ABSOLUTE
    ../clib/microlib/longlong.c              0x00000000   Number         0  llushr.o ABSOLUTE
    ../clib/microlib/printf/printf.c         0x00000000   Number         0  printf6.o ABSOLUTE
    ../clib/microlib/printf/printf.c         0x00000000   Number         0  printf1.o ABSOLUTE
    ../clib/microlib/printf/printf.c         0x00000000   Number         0  printf2.o ABSOLUTE
    ../clib/microlib/printf/printf.c         0x00000000   Number         0  printf3.o ABSOLUTE
    ../clib/microlib/printf/printf.c         0x00000000   Number         0  printf4.o ABSOLUTE
    ../clib/microlib/printf/printf.c         0x00000000   Number         0  printf5.o ABSOLUTE
    ../clib/microlib/printf/printf.c         0x00000000   Number         0  printf7.o ABSOLUTE
    ../clib/microlib/printf/printf.c         0x00000000   Number         0  printfb.o ABSOLUTE
    ../clib/microlib/printf/printf.c         0x00000000   Number         0  printf0.o ABSOLUTE
    ../clib/microlib/printf/printf.c         0x00000000   Number         0  printf8.o ABSOLUTE
    ../clib/microlib/printf/printf.c         0x00000000   Number         0  printfa.o ABSOLUTE
    ../clib/microlib/printf/stubs.s          0x00000000   Number         0  stubs.o ABSOLUTE
    ../clib/microlib/stdio/streams.c         0x00000000   Number         0  stdout.o ABSOLUTE
    ../clib/microlib/string/memcpy.c         0x00000000   Number         0  memcpya.o ABSOLUTE
    ../clib/microlib/string/memcpy.c         0x00000000   Number         0  memcpyb.o ABSOLUTE
    ../clib/microlib/string/memset.c         0x00000000   Number         0  memseta.o ABSOLUTE
    ../clib/microlib/stubs.s                 0x00000000   Number         0  iusefp.o ABSOLUTE
    ../fplib/microlib/d2f.c                  0x00000000   Number         0  d2f.o ABSOLUTE
    ../fplib/microlib/f2d.c                  0x00000000   Number         0  f2d.o ABSOLUTE
    ../fplib/microlib/fpadd.c                0x00000000   Number         0  dadd.o ABSOLUTE
    ../fplib/microlib/fpadd.c                0x00000000   Number         0  fadd.o ABSOLUTE
    ../fplib/microlib/fpdiv.c                0x00000000   Number         0  fdiv.o ABSOLUTE
    ../fplib/microlib/fpdiv.c                0x00000000   Number         0  ddiv.o ABSOLUTE
    ../fplib/microlib/fpepilogue.c           0x00000000   Number         0  fepilogue.o ABSOLUTE
    ../fplib/microlib/fpepilogue.c           0x00000000   Number         0  depilogue.o ABSOLUTE
    ../fplib/microlib/fpfix.c                0x00000000   Number         0  dfixul.o ABSOLUTE
    ../fplib/microlib/fpfix.c                0x00000000   Number         0  ffixui.o ABSOLUTE
    ../fplib/microlib/fpflt.c                0x00000000   Number         0  fflti.o ABSOLUTE
    ../fplib/microlib/fpflt.c                0x00000000   Number         0  ffltui.o ABSOLUTE
    ../fplib/microlib/fpmul.c                0x00000000   Number         0  fmul.o ABSOLUTE
    ../fplib/microlib/fpmul.c                0x00000000   Number         0  dmul.o ABSOLUTE
    ..\Core\Src\dma.c                        0x00000000   Number         0  dma.o ABSOLUTE
    ..\Core\Src\gpio.c                       0x00000000   Number         0  gpio.o ABSOLUTE
    ..\Core\Src\main.c                       0x00000000   Number         0  main.o ABSOLUTE
    ..\Core\Src\stm32f1xx_hal_msp.c          0x00000000   Number         0  stm32f1xx_hal_msp.o ABSOLUTE
    ..\Core\Src\stm32f1xx_it.c               0x00000000   Number         0  stm32f1xx_it.o ABSOLUTE
    ..\Core\Src\system_stm32f1xx.c           0x00000000   Number         0  system_stm32f1xx.o ABSOLUTE
    ..\Core\Src\tim.c                        0x00000000   Number         0  tim.o ABSOLUTE
    ..\Core\Src\usart.c                      0x00000000   Number         0  usart.o ABSOLUTE
    ..\Drivers\STM32F1xx_HAL_Driver\Src\stm32f1xx_hal.c 0x00000000   Number         0  stm32f1xx_hal.o ABSOLUTE
    ..\Drivers\STM32F1xx_HAL_Driver\Src\stm32f1xx_hal_cortex.c 0x00000000   Number         0  stm32f1xx_hal_cortex.o ABSOLUTE
    ..\Drivers\STM32F1xx_HAL_Driver\Src\stm32f1xx_hal_dma.c 0x00000000   Number         0  stm32f1xx_hal_dma.o ABSOLUTE
    ..\Drivers\STM32F1xx_HAL_Driver\Src\stm32f1xx_hal_exti.c 0x00000000   Number         0  stm32f1xx_hal_exti.o ABSOLUTE
    ..\Drivers\STM32F1xx_HAL_Driver\Src\stm32f1xx_hal_flash.c 0x00000000   Number         0  stm32f1xx_hal_flash.o ABSOLUTE
    ..\Drivers\STM32F1xx_HAL_Driver\Src\stm32f1xx_hal_flash_ex.c 0x00000000   Number         0  stm32f1xx_hal_flash_ex.o ABSOLUTE
    ..\Drivers\STM32F1xx_HAL_Driver\Src\stm32f1xx_hal_gpio.c 0x00000000   Number         0  stm32f1xx_hal_gpio.o ABSOLUTE
    ..\Drivers\STM32F1xx_HAL_Driver\Src\stm32f1xx_hal_gpio_ex.c 0x00000000   Number         0  stm32f1xx_hal_gpio_ex.o ABSOLUTE
    ..\Drivers\STM32F1xx_HAL_Driver\Src\stm32f1xx_hal_pwr.c 0x00000000   Number         0  stm32f1xx_hal_pwr.o ABSOLUTE
    ..\Drivers\STM32F1xx_HAL_Driver\Src\stm32f1xx_hal_rcc.c 0x00000000   Number         0  stm32f1xx_hal_rcc.o ABSOLUTE
    ..\Drivers\STM32F1xx_HAL_Driver\Src\stm32f1xx_hal_rcc_ex.c 0x00000000   Number         0  stm32f1xx_hal_rcc_ex.o ABSOLUTE
    ..\Drivers\STM32F1xx_HAL_Driver\Src\stm32f1xx_hal_tim.c 0x00000000   Number         0  stm32f1xx_hal_tim.o ABSOLUTE
    ..\Drivers\STM32F1xx_HAL_Driver\Src\stm32f1xx_hal_tim_ex.c 0x00000000   Number         0  stm32f1xx_hal_tim_ex.o ABSOLUTE
    ..\Drivers\STM32F1xx_HAL_Driver\Src\stm32f1xx_hal_uart.c 0x00000000   Number         0  stm32f1xx_hal_uart.o ABSOLUTE
    cdrcmple.s                               0x00000000   Number         0  cdrcmple.o ABSOLUTE
    cfcmple.s                                0x00000000   Number         0  cfcmple.o ABSOLUTE
    cfrcmple.s                               0x00000000   Number         0  cfrcmple.o ABSOLUTE
    dc.s                                     0x00000000   Number         0  dc.o ABSOLUTE
    encoder.c                                0x00000000   Number         0  encoder.o ABSOLUTE
    encoder.c                                0x00000000   Number         0  encoder.o ABSOLUTE
    handlers.s                               0x00000000   Number         0  handlers.o ABSOLUTE
    init.s                                   0x00000000   Number         0  init.o ABSOLUTE
    led.c                                    0x00000000   Number         0  led.o ABSOLUTE
    led.c                                    0x00000000   Number         0  led.o ABSOLUTE
    line.c                                   0x00000000   Number         0  line.o ABSOLUTE
    medicine.c                               0x00000000   Number         0  medicine.o ABSOLUTE
    medicine.c                               0x00000000   Number         0  medicine.o ABSOLUTE
    pid.c                                    0x00000000   Number         0  pid.o ABSOLUTE
    pid.c                                    0x00000000   Number         0  pid.o ABSOLUTE
    startup_stm32f103xb.s                    0x00000000   Number         0  startup_stm32f103xb.o ABSOLUTE
    RESET                                    0x08000000   Section      236  startup_stm32f103xb.o(RESET)
    .ARM.Collect$$$$00000000                 0x080000ec   Section        0  entry.o(.ARM.Collect$$$$00000000)
    .ARM.Collect$$$$00000001                 0x080000ec   Section        4  entry2.o(.ARM.Collect$$$$00000001)
    .ARM.Collect$$$$00000004                 0x080000f0   Section        4  entry5.o(.ARM.Collect$$$$00000004)
    .ARM.Collect$$$$00000008                 0x080000f4   Section        0  entry7b.o(.ARM.Collect$$$$00000008)
    .ARM.Collect$$$$0000000A                 0x080000f4   Section        0  entry8b.o(.ARM.Collect$$$$0000000A)
    .ARM.Collect$$$$0000000B                 0x080000f4   Section        8  entry9a.o(.ARM.Collect$$$$0000000B)
    .ARM.Collect$$$$0000000D                 0x080000fc   Section        0  entry10a.o(.ARM.Collect$$$$0000000D)
    .ARM.Collect$$$$0000000F                 0x080000fc   Section        0  entry11a.o(.ARM.Collect$$$$0000000F)
    .ARM.Collect$$$$00002712                 0x080000fc   Section        4  entry2.o(.ARM.Collect$$$$00002712)
    __lit__00000000                          0x080000fc   Data           4  entry2.o(.ARM.Collect$$$$00002712)
    .text                                    0x08000100   Section       36  startup_stm32f103xb.o(.text)
    .text                                    0x08000124   Section        0  llushr.o(.text)
    .text                                    0x08000144   Section        0  memcpya.o(.text)
    .text                                    0x08000168   Section        0  memseta.o(.text)
    .text                                    0x0800018c   Section        0  fadd.o(.text)
    .text                                    0x0800023c   Section        0  fmul.o(.text)
    .text                                    0x080002a0   Section        0  fdiv.o(.text)
    .text                                    0x0800031c   Section        0  dmul.o(.text)
    .text                                    0x08000400   Section        0  fflti.o(.text)
    .text                                    0x08000412   Section        0  ffltui.o(.text)
    .text                                    0x0800041c   Section        0  ffixui.o(.text)
    .text                                    0x08000444   Section        0  f2d.o(.text)
    .text                                    0x0800046a   Section        0  d2f.o(.text)
    .text                                    0x080004a4   Section       20  cfcmple.o(.text)
    .text                                    0x080004b8   Section       20  cfrcmple.o(.text)
    .text                                    0x080004cc   Section        0  uidiv.o(.text)
    .text                                    0x080004f8   Section        0  uldiv.o(.text)
    .text                                    0x0800055a   Section        0  fepilogue.o(.text)
    .text                                    0x0800055a   Section        0  iusefp.o(.text)
    .text                                    0x080005c8   Section        0  depilogue.o(.text)
    .text                                    0x08000682   Section        0  dadd.o(.text)
    .text                                    0x080007d0   Section        0  ddiv.o(.text)
    .text                                    0x080008ae   Section        0  dfixul.o(.text)
    .text                                    0x080008e0   Section       48  cdrcmple.o(.text)
    .text                                    0x08000910   Section       36  init.o(.text)
    .text                                    0x08000934   Section        0  llshl.o(.text)
    .text                                    0x08000952   Section        0  llsshr.o(.text)
    i.Bluetooth_UART_IRQHandler              0x08000978   Section        0  main.o(i.Bluetooth_UART_IRQHandler)
    i.BusFault_Handler                       0x080009cc   Section        0  stm32f1xx_it.o(i.BusFault_Handler)
    i.DMA1_Channel3_IRQHandler               0x080009d0   Section        0  stm32f1xx_it.o(i.DMA1_Channel3_IRQHandler)
    i.DMA1_Channel5_IRQHandler               0x080009dc   Section        0  stm32f1xx_it.o(i.DMA1_Channel5_IRQHandler)
    i.DMA_SetConfig                          0x080009e8   Section        0  stm32f1xx_hal_dma.o(i.DMA_SetConfig)
    DMA_SetConfig                            0x080009e9   Thumb Code    42  stm32f1xx_hal_dma.o(i.DMA_SetConfig)
    i.DMA_USART_Init                         0x08000a14   Section        0  main.o(i.DMA_USART_Init)
    i.DebugMon_Handler                       0x08000a60   Section        0  stm32f1xx_it.o(i.DebugMon_Handler)
    i.Error_Handler                          0x08000a62   Section        0  main.o(i.Error_Handler)
    i.HAL_DMA_Abort                          0x08000a66   Section        0  stm32f1xx_hal_dma.o(i.HAL_DMA_Abort)
    i.HAL_DMA_Abort_IT                       0x08000aac   Section        0  stm32f1xx_hal_dma.o(i.HAL_DMA_Abort_IT)
    i.HAL_DMA_IRQHandler                     0x08000b44   Section        0  stm32f1xx_hal_dma.o(i.HAL_DMA_IRQHandler)
    i.HAL_DMA_Init                           0x08000c98   Section        0  stm32f1xx_hal_dma.o(i.HAL_DMA_Init)
    i.HAL_DMA_Start_IT                       0x08000cf4   Section        0  stm32f1xx_hal_dma.o(i.HAL_DMA_Start_IT)
    i.HAL_Delay                              0x08000d64   Section        0  stm32f1xx_hal.o(i.HAL_Delay)
    i.HAL_GPIO_Init                          0x08000d88   Section        0  stm32f1xx_hal_gpio.o(i.HAL_GPIO_Init)
    i.HAL_GPIO_ReadPin                       0x08000f68   Section        0  stm32f1xx_hal_gpio.o(i.HAL_GPIO_ReadPin)
    i.HAL_GPIO_WritePin                      0x08000f72   Section        0  stm32f1xx_hal_gpio.o(i.HAL_GPIO_WritePin)
    i.HAL_GetTick                            0x08000f7c   Section        0  stm32f1xx_hal.o(i.HAL_GetTick)
    i.HAL_IncTick                            0x08000f88   Section        0  stm32f1xx_hal.o(i.HAL_IncTick)
    i.HAL_Init                               0x08000f98   Section        0  stm32f1xx_hal.o(i.HAL_Init)
    i.HAL_InitTick                           0x08000fbc   Section        0  stm32f1xx_hal.o(i.HAL_InitTick)
    i.HAL_MspInit                            0x08000ffc   Section        0  stm32f1xx_hal_msp.o(i.HAL_MspInit)
    i.HAL_NVIC_EnableIRQ                     0x08001038   Section        0  stm32f1xx_hal_cortex.o(i.HAL_NVIC_EnableIRQ)
    i.HAL_NVIC_SetPriority                   0x08001054   Section        0  stm32f1xx_hal_cortex.o(i.HAL_NVIC_SetPriority)
    i.HAL_NVIC_SetPriorityGrouping           0x08001094   Section        0  stm32f1xx_hal_cortex.o(i.HAL_NVIC_SetPriorityGrouping)
    i.HAL_RCC_ClockConfig                    0x080010b8   Section        0  stm32f1xx_hal_rcc.o(i.HAL_RCC_ClockConfig)
    i.HAL_RCC_GetPCLK1Freq                   0x080011e4   Section        0  stm32f1xx_hal_rcc.o(i.HAL_RCC_GetPCLK1Freq)
    i.HAL_RCC_GetPCLK2Freq                   0x08001204   Section        0  stm32f1xx_hal_rcc.o(i.HAL_RCC_GetPCLK2Freq)
    i.HAL_RCC_GetSysClockFreq                0x08001224   Section        0  stm32f1xx_hal_rcc.o(i.HAL_RCC_GetSysClockFreq)
    i.HAL_RCC_OscConfig                      0x08001270   Section        0  stm32f1xx_hal_rcc.o(i.HAL_RCC_OscConfig)
    i.HAL_SYSTICK_Config                     0x08001590   Section        0  stm32f1xx_hal_cortex.o(i.HAL_SYSTICK_Config)
    i.HAL_TIMEx_BreakCallback                0x080015b8   Section        0  stm32f1xx_hal_tim_ex.o(i.HAL_TIMEx_BreakCallback)
    i.HAL_TIMEx_CommutCallback               0x080015ba   Section        0  stm32f1xx_hal_tim_ex.o(i.HAL_TIMEx_CommutCallback)
    i.HAL_TIMEx_MasterConfigSynchronization  0x080015bc   Section        0  stm32f1xx_hal_tim_ex.o(i.HAL_TIMEx_MasterConfigSynchronization)
    i.HAL_TIM_Base_Init                      0x08001624   Section        0  stm32f1xx_hal_tim.o(i.HAL_TIM_Base_Init)
    i.HAL_TIM_Base_MspInit                   0x08001680   Section        0  tim.o(i.HAL_TIM_Base_MspInit)
    i.HAL_TIM_Base_Start_IT                  0x080016d4   Section        0  stm32f1xx_hal_tim.o(i.HAL_TIM_Base_Start_IT)
    i.HAL_TIM_ConfigClockSource              0x0800172c   Section        0  stm32f1xx_hal_tim.o(i.HAL_TIM_ConfigClockSource)
    i.HAL_TIM_Encoder_Init                   0x08001808   Section        0  stm32f1xx_hal_tim.o(i.HAL_TIM_Encoder_Init)
    i.HAL_TIM_Encoder_MspInit                0x080018ac   Section        0  tim.o(i.HAL_TIM_Encoder_MspInit)
    i.HAL_TIM_Encoder_Start                  0x0800194c   Section        0  stm32f1xx_hal_tim.o(i.HAL_TIM_Encoder_Start)
    i.HAL_TIM_IC_CaptureCallback             0x080019da   Section        0  stm32f1xx_hal_tim.o(i.HAL_TIM_IC_CaptureCallback)
    i.HAL_TIM_IRQHandler                     0x080019dc   Section        0  stm32f1xx_hal_tim.o(i.HAL_TIM_IRQHandler)
    i.HAL_TIM_MspPostInit                    0x08001b44   Section        0  tim.o(i.HAL_TIM_MspPostInit)
    i.HAL_TIM_OC_DelayElapsedCallback        0x08001bb4   Section        0  stm32f1xx_hal_tim.o(i.HAL_TIM_OC_DelayElapsedCallback)
    i.HAL_TIM_PWM_ConfigChannel              0x08001bb6   Section        0  stm32f1xx_hal_tim.o(i.HAL_TIM_PWM_ConfigChannel)
    i.HAL_TIM_PWM_Init                       0x08001c82   Section        0  stm32f1xx_hal_tim.o(i.HAL_TIM_PWM_Init)
    i.HAL_TIM_PWM_MspInit                    0x08001cdc   Section        0  stm32f1xx_hal_tim.o(i.HAL_TIM_PWM_MspInit)
    i.HAL_TIM_PWM_PulseFinishedCallback      0x08001cde   Section        0  stm32f1xx_hal_tim.o(i.HAL_TIM_PWM_PulseFinishedCallback)
    i.HAL_TIM_PWM_Start                      0x08001ce0   Section        0  stm32f1xx_hal_tim.o(i.HAL_TIM_PWM_Start)
    i.HAL_TIM_PeriodElapsedCallback          0x08001d7c   Section        0  encoder.o(i.HAL_TIM_PeriodElapsedCallback)
    i.HAL_TIM_TriggerCallback                0x08001fbc   Section        0  stm32f1xx_hal_tim.o(i.HAL_TIM_TriggerCallback)
    i.HAL_UARTEx_RxEventCallback             0x08001fbe   Section        0  stm32f1xx_hal_uart.o(i.HAL_UARTEx_RxEventCallback)
    i.HAL_UART_DMAStop                       0x08001fc0   Section        0  stm32f1xx_hal_uart.o(i.HAL_UART_DMAStop)
    i.HAL_UART_ErrorCallback                 0x08002030   Section        0  stm32f1xx_hal_uart.o(i.HAL_UART_ErrorCallback)
    i.HAL_UART_IRQHandler                    0x08002034   Section        0  stm32f1xx_hal_uart.o(i.HAL_UART_IRQHandler)
    i.HAL_UART_Init                          0x080022a0   Section        0  stm32f1xx_hal_uart.o(i.HAL_UART_Init)
    i.HAL_UART_MspInit                       0x08002304   Section        0  usart.o(i.HAL_UART_MspInit)
    i.HAL_UART_Receive_DMA                   0x0800244c   Section        0  stm32f1xx_hal_uart.o(i.HAL_UART_Receive_DMA)
    i.HAL_UART_RxCpltCallback                0x08002468   Section        0  stm32f1xx_hal_uart.o(i.HAL_UART_RxCpltCallback)
    i.HAL_UART_RxHalfCpltCallback            0x0800246a   Section        0  stm32f1xx_hal_uart.o(i.HAL_UART_RxHalfCpltCallback)
    i.HAL_UART_Transmit                      0x0800246c   Section        0  stm32f1xx_hal_uart.o(i.HAL_UART_Transmit)
    i.HAL_UART_TxCpltCallback                0x08002506   Section        0  stm32f1xx_hal_uart.o(i.HAL_UART_TxCpltCallback)
    i.HardFault_Handler                      0x08002508   Section        0  stm32f1xx_it.o(i.HardFault_Handler)
    i.Line_PID_Realize                       0x0800250c   Section        0  pid.o(i.Line_PID_Realize)
    i.MX_DMA_Init                            0x080025fc   Section        0  dma.o(i.MX_DMA_Init)
    i.MX_GPIO_Init                           0x08002638   Section        0  gpio.o(i.MX_GPIO_Init)
    i.MX_TIM1_Init                           0x080026dc   Section        0  tim.o(i.MX_TIM1_Init)
    i.MX_TIM2_Init                           0x08002748   Section        0  tim.o(i.MX_TIM2_Init)
    i.MX_TIM3_Init                           0x080027b0   Section        0  tim.o(i.MX_TIM3_Init)
    i.MX_TIM4_Init                           0x08002878   Section        0  tim.o(i.MX_TIM4_Init)
    i.MX_USART1_UART_Init                    0x080028e0   Section        0  usart.o(i.MX_USART1_UART_Init)
    i.MX_USART3_UART_Init                    0x08002918   Section        0  usart.o(i.MX_USART3_UART_Init)
    i.MemManage_Handler                      0x08002950   Section        0  stm32f1xx_it.o(i.MemManage_Handler)
    i.Motor_Init                             0x08002954   Section        0  encoder.o(i.Motor_Init)
    i.NMI_Handler                            0x080029e4   Section        0  stm32f1xx_it.o(i.NMI_Handler)
    i.PID_Init                               0x080029e8   Section        0  pid.o(i.PID_Init)
    i.PendSV_Handler                         0x08002a70   Section        0  stm32f1xx_it.o(i.PendSV_Handler)
    i.SVC_Handler                            0x08002a72   Section        0  stm32f1xx_it.o(i.SVC_Handler)
    i.Speed_Low_Filter                       0x08002a74   Section        0  encoder.o(i.Speed_Low_Filter)
    i.Speed_PID_Realize                      0x08002ab0   Section        0  pid.o(i.Speed_PID_Realize)
    i.SysTick_Handler                        0x08002ba8   Section        0  stm32f1xx_it.o(i.SysTick_Handler)
    i.SystemClock_Config                     0x08002bac   Section        0  main.o(i.SystemClock_Config)
    i.SystemInit                             0x08002c0a   Section        0  system_stm32f1xx.o(i.SystemInit)
    i.TIM2_IRQHandler                        0x08002c0c   Section        0  stm32f1xx_it.o(i.TIM2_IRQHandler)
    i.TIM4_IRQHandler                        0x08002c18   Section        0  stm32f1xx_it.o(i.TIM4_IRQHandler)
    i.TIM_Base_SetConfig                     0x08002c24   Section        0  stm32f1xx_hal_tim.o(i.TIM_Base_SetConfig)
    i.TIM_CCxChannelCmd                      0x08002c90   Section        0  stm32f1xx_hal_tim.o(i.TIM_CCxChannelCmd)
    i.TIM_ETR_SetConfig                      0x08002caa   Section        0  stm32f1xx_hal_tim.o(i.TIM_ETR_SetConfig)
    i.TIM_ITRx_SetConfig                     0x08002cbe   Section        0  stm32f1xx_hal_tim.o(i.TIM_ITRx_SetConfig)
    TIM_ITRx_SetConfig                       0x08002cbf   Thumb Code    16  stm32f1xx_hal_tim.o(i.TIM_ITRx_SetConfig)
    i.TIM_OC1_SetConfig                      0x08002cd0   Section        0  stm32f1xx_hal_tim.o(i.TIM_OC1_SetConfig)
    TIM_OC1_SetConfig                        0x08002cd1   Thumb Code    74  stm32f1xx_hal_tim.o(i.TIM_OC1_SetConfig)
    i.TIM_OC2_SetConfig                      0x08002d20   Section        0  stm32f1xx_hal_tim.o(i.TIM_OC2_SetConfig)
    i.TIM_OC3_SetConfig                      0x08002d78   Section        0  stm32f1xx_hal_tim.o(i.TIM_OC3_SetConfig)
    TIM_OC3_SetConfig                        0x08002d79   Thumb Code    82  stm32f1xx_hal_tim.o(i.TIM_OC3_SetConfig)
    i.TIM_OC4_SetConfig                      0x08002dd0   Section        0  stm32f1xx_hal_tim.o(i.TIM_OC4_SetConfig)
    TIM_OC4_SetConfig                        0x08002dd1   Thumb Code    64  stm32f1xx_hal_tim.o(i.TIM_OC4_SetConfig)
    i.TIM_TI1_ConfigInputStage               0x08002e14   Section        0  stm32f1xx_hal_tim.o(i.TIM_TI1_ConfigInputStage)
    TIM_TI1_ConfigInputStage                 0x08002e15   Thumb Code    34  stm32f1xx_hal_tim.o(i.TIM_TI1_ConfigInputStage)
    i.TIM_TI2_ConfigInputStage               0x08002e36   Section        0  stm32f1xx_hal_tim.o(i.TIM_TI2_ConfigInputStage)
    TIM_TI2_ConfigInputStage                 0x08002e37   Thumb Code    36  stm32f1xx_hal_tim.o(i.TIM_TI2_ConfigInputStage)
    i.UART_DMAAbortOnError                   0x08002e5a   Section        0  stm32f1xx_hal_uart.o(i.UART_DMAAbortOnError)
    UART_DMAAbortOnError                     0x08002e5b   Thumb Code    16  stm32f1xx_hal_uart.o(i.UART_DMAAbortOnError)
    i.UART_DMAError                          0x08002e6a   Section        0  stm32f1xx_hal_uart.o(i.UART_DMAError)
    UART_DMAError                            0x08002e6b   Thumb Code    74  stm32f1xx_hal_uart.o(i.UART_DMAError)
    i.UART_DMAReceiveCplt                    0x08002eb4   Section        0  stm32f1xx_hal_uart.o(i.UART_DMAReceiveCplt)
    UART_DMAReceiveCplt                      0x08002eb5   Thumb Code   134  stm32f1xx_hal_uart.o(i.UART_DMAReceiveCplt)
    i.UART_DMARxHalfCplt                     0x08002f3a   Section        0  stm32f1xx_hal_uart.o(i.UART_DMARxHalfCplt)
    UART_DMARxHalfCplt                       0x08002f3b   Thumb Code    30  stm32f1xx_hal_uart.o(i.UART_DMARxHalfCplt)
    i.UART_EndRxTransfer                     0x08002f58   Section        0  stm32f1xx_hal_uart.o(i.UART_EndRxTransfer)
    UART_EndRxTransfer                       0x08002f59   Thumb Code    78  stm32f1xx_hal_uart.o(i.UART_EndRxTransfer)
    i.UART_EndTxTransfer                     0x08002fa6   Section        0  stm32f1xx_hal_uart.o(i.UART_EndTxTransfer)
    UART_EndTxTransfer                       0x08002fa7   Thumb Code    28  stm32f1xx_hal_uart.o(i.UART_EndTxTransfer)
    i.UART_Receive_IT                        0x08002fc2   Section        0  stm32f1xx_hal_uart.o(i.UART_Receive_IT)
    UART_Receive_IT                          0x08002fc3   Thumb Code   194  stm32f1xx_hal_uart.o(i.UART_Receive_IT)
    i.UART_SetConfig                         0x08003084   Section        0  stm32f1xx_hal_uart.o(i.UART_SetConfig)
    UART_SetConfig                           0x08003085   Thumb Code   178  stm32f1xx_hal_uart.o(i.UART_SetConfig)
    i.UART_Start_Receive_DMA                 0x0800313c   Section        0  stm32f1xx_hal_uart.o(i.UART_Start_Receive_DMA)
    i.UART_WaitOnFlagUntilTimeout            0x080031cc   Section        0  stm32f1xx_hal_uart.o(i.UART_WaitOnFlagUntilTimeout)
    UART_WaitOnFlagUntilTimeout              0x080031cd   Thumb Code   120  stm32f1xx_hal_uart.o(i.UART_WaitOnFlagUntilTimeout)
    i.USART1_IRQHandler                      0x08003244   Section        0  stm32f1xx_it.o(i.USART1_IRQHandler)
    i.USART3_IRQHandler                      0x0800325c   Section        0  stm32f1xx_it.o(i.USART3_IRQHandler)
    i.USAR_UART_IDLECallback                 0x08003274   Section        0  main.o(i.USAR_UART_IDLECallback)
    i.UsageFault_Handler                     0x08003308   Section        0  stm32f1xx_it.o(i.UsageFault_Handler)
    i.__0printf                              0x0800330c   Section        0  printfa.o(i.__0printf)
    i.__NVIC_SetPriority                     0x0800332c   Section        0  stm32f1xx_hal_cortex.o(i.__NVIC_SetPriority)
    __NVIC_SetPriority                       0x0800332d   Thumb Code    32  stm32f1xx_hal_cortex.o(i.__NVIC_SetPriority)
    i.__scatterload_copy                     0x0800334c   Section       14  handlers.o(i.__scatterload_copy)
    i.__scatterload_null                     0x0800335a   Section        2  handlers.o(i.__scatterload_null)
    i.__scatterload_zeroinit                 0x0800335c   Section       14  handlers.o(i.__scatterload_zeroinit)
    i._fp_digits                             0x0800336c   Section        0  printfa.o(i._fp_digits)
    _fp_digits                               0x0800336d   Thumb Code   366  printfa.o(i._fp_digits)
    i._printf_core                           0x080034f0   Section        0  printfa.o(i._printf_core)
    _printf_core                             0x080034f1   Thumb Code  1744  printfa.o(i._printf_core)
    i._printf_post_padding                   0x08003bcc   Section        0  printfa.o(i._printf_post_padding)
    _printf_post_padding                     0x08003bcd   Thumb Code    36  printfa.o(i._printf_post_padding)
    i._printf_pre_padding                    0x08003bf0   Section        0  printfa.o(i._printf_pre_padding)
    _printf_pre_padding                      0x08003bf1   Thumb Code    46  printfa.o(i._printf_pre_padding)
    i.buffer_hadle_USART1                    0x08003c20   Section        0  main.o(i.buffer_hadle_USART1)
    i.buffer_hadle_USART3                    0x08003f44   Section        0  main.o(i.buffer_hadle_USART3)
    i.fix_error                              0x08004010   Section        0  encoder.o(i.fix_error)
    i.fputc                                  0x0800404c   Section        0  main.o(i.fputc)
    i.led1_off                               0x08004064   Section        0  led.o(i.led1_off)
    i.led1_on                                0x08004074   Section        0  led.o(i.led1_on)
    i.led2_off                               0x08004084   Section        0  led.o(i.led2_off)
    i.led2_on                                0x08004094   Section        0  led.o(i.led2_on)
    i.main                                   0x080040b8   Section        0  main.o(i.main)
    .constdata                               0x08004174   Section       18  stm32f1xx_hal_rcc.o(.constdata)
    aPredivFactorTable                       0x08004174   Data           2  stm32f1xx_hal_rcc.o(.constdata)
    aPLLMULFactorTable                       0x08004176   Data          16  stm32f1xx_hal_rcc.o(.constdata)
    .constdata                               0x08004186   Section       16  system_stm32f1xx.o(.constdata)
    .constdata                               0x08004196   Section        8  system_stm32f1xx.o(.constdata)
    .data                                    0x20000000   Section       32  encoder.o(.data)
    .data                                    0x20000020   Section       47  main.o(.data)
    .data                                    0x20000050   Section       12  stm32f1xx_hal.o(.data)
    .data                                    0x2000005c   Section        4  system_stm32f1xx.o(.data)
    .data                                    0x20000060   Section        4  stdout.o(.data)
    .bss                                     0x20000064   Section      160  encoder.o(.bss)
    .bss                                     0x20000104   Section      108  pid.o(.bss)
    .bss                                     0x20000170   Section       20  main.o(.bss)
    .bss                                     0x20000184   Section       20  main.o(.bss)
    .bss                                     0x20000198   Section      200  main.o(.bss)
    .bss                                     0x20000260   Section      288  tim.o(.bss)
    .bss                                     0x20000380   Section      280  usart.o(.bss)
    STACK                                    0x20000498   Section     1024  startup_stm32f103xb.o(STACK)

    Global Symbols

    Symbol Name                              Value     Ov Type        Size  Object(Section)

    BuildAttributes$$THM_ISAv4$P$D$K$B$S$PE$A:L22UL41UL21$X:L11$S22US41US21$IEEE1$IW$USESV6$~STKCKD$USESV7$~SHL$OTIME$ROPI$EBA8$MICROLIB$REQ8$PRES8$EABIv2 0x00000000   Number         0  anon$$obj.o ABSOLUTE
    __ARM_use_no_argv                        0x00000000   Number         0  main.o ABSOLUTE
    _printf_a                                0x00000000   Number         0  stubs.o ABSOLUTE
    _printf_c                                0x00000000   Number         0  stubs.o ABSOLUTE
    _printf_charcount                        0x00000000   Number         0  stubs.o ABSOLUTE
    _printf_d                                0x00000000   Number         0  stubs.o ABSOLUTE
    _printf_e                                0x00000000   Number         0  stubs.o ABSOLUTE
    _printf_f                                0x00000000   Number         0  stubs.o ABSOLUTE
    _printf_flags                            0x00000000   Number         0  stubs.o ABSOLUTE
    _printf_fp_dec                           0x00000000   Number         0  stubs.o ABSOLUTE
    _printf_fp_hex                           0x00000000   Number         0  stubs.o ABSOLUTE
    _printf_g                                0x00000000   Number         0  stubs.o ABSOLUTE
    _printf_i                                0x00000000   Number         0  stubs.o ABSOLUTE
    _printf_int_dec                          0x00000000   Number         0  stubs.o ABSOLUTE
    _printf_l                                0x00000000   Number         0  stubs.o ABSOLUTE
    _printf_lc                               0x00000000   Number         0  stubs.o ABSOLUTE
    _printf_ll                               0x00000000   Number         0  stubs.o ABSOLUTE
    _printf_lld                              0x00000000   Number         0  stubs.o ABSOLUTE
    _printf_lli                              0x00000000   Number         0  stubs.o ABSOLUTE
    _printf_llo                              0x00000000   Number         0  stubs.o ABSOLUTE
    _printf_llu                              0x00000000   Number         0  stubs.o ABSOLUTE
    _printf_llx                              0x00000000   Number         0  stubs.o ABSOLUTE
    _printf_longlong_dec                     0x00000000   Number         0  stubs.o ABSOLUTE
    _printf_longlong_hex                     0x00000000   Number         0  stubs.o ABSOLUTE
    _printf_longlong_oct                     0x00000000   Number         0  stubs.o ABSOLUTE
    _printf_ls                               0x00000000   Number         0  stubs.o ABSOLUTE
    _printf_mbtowc                           0x00000000   Number         0  stubs.o ABSOLUTE
    _printf_n                                0x00000000   Number         0  stubs.o ABSOLUTE
    _printf_o                                0x00000000   Number         0  stubs.o ABSOLUTE
    _printf_p                                0x00000000   Number         0  stubs.o ABSOLUTE
    _printf_percent                          0x00000000   Number         0  stubs.o ABSOLUTE
    _printf_pre_padding                      0x00000000   Number         0  stubs.o ABSOLUTE
    _printf_return_value                     0x00000000   Number         0  stubs.o ABSOLUTE
    _printf_s                                0x00000000   Number         0  stubs.o ABSOLUTE
    _printf_sizespec                         0x00000000   Number         0  stubs.o ABSOLUTE
    _printf_str                              0x00000000   Number         0  stubs.o ABSOLUTE
    _printf_truncate_signed                  0x00000000   Number         0  stubs.o ABSOLUTE
    _printf_truncate_unsigned                0x00000000   Number         0  stubs.o ABSOLUTE
    _printf_u                                0x00000000   Number         0  stubs.o ABSOLUTE
    _printf_wc                               0x00000000   Number         0  stubs.o ABSOLUTE
    _printf_wctomb                           0x00000000   Number         0  stubs.o ABSOLUTE
    _printf_widthprec                        0x00000000   Number         0  stubs.o ABSOLUTE
    _printf_x                                0x00000000   Number         0  stubs.o ABSOLUTE
    __cpp_initialize__aeabi_                  - Undefined Weak Reference
    __cxa_finalize                            - Undefined Weak Reference
    __decompress                              - Undefined Weak Reference
    _clock_init                               - Undefined Weak Reference
    _microlib_exit                            - Undefined Weak Reference
    __Vectors_Size                           0x000000ec   Number         0  startup_stm32f103xb.o ABSOLUTE
    __Vectors                                0x08000000   Data           4  startup_stm32f103xb.o(RESET)
    __Vectors_End                            0x080000ec   Data           0  startup_stm32f103xb.o(RESET)
    __main                                   0x080000ed   Thumb Code     0  entry.o(.ARM.Collect$$$$00000000)
    _main_stk                                0x080000ed   Thumb Code     0  entry2.o(.ARM.Collect$$$$00000001)
    _main_scatterload                        0x080000f1   Thumb Code     0  entry5.o(.ARM.Collect$$$$00000004)
    __main_after_scatterload                 0x080000f5   Thumb Code     0  entry5.o(.ARM.Collect$$$$00000004)
    _main_clock                              0x080000f5   Thumb Code     0  entry7b.o(.ARM.Collect$$$$00000008)
    _main_cpp_init                           0x080000f5   Thumb Code     0  entry8b.o(.ARM.Collect$$$$0000000A)
    _main_init                               0x080000f5   Thumb Code     0  entry9a.o(.ARM.Collect$$$$0000000B)
    __rt_final_cpp                           0x080000fd   Thumb Code     0  entry10a.o(.ARM.Collect$$$$0000000D)
    __rt_final_exit                          0x080000fd   Thumb Code     0  entry11a.o(.ARM.Collect$$$$0000000F)
    Reset_Handler                            0x08000101   Thumb Code     8  startup_stm32f103xb.o(.text)
    ADC1_2_IRQHandler                        0x0800011b   Thumb Code     0  startup_stm32f103xb.o(.text)
    CAN1_RX1_IRQHandler                      0x0800011b   Thumb Code     0  startup_stm32f103xb.o(.text)
    CAN1_SCE_IRQHandler                      0x0800011b   Thumb Code     0  startup_stm32f103xb.o(.text)
    DMA1_Channel1_IRQHandler                 0x0800011b   Thumb Code     0  startup_stm32f103xb.o(.text)
    DMA1_Channel2_IRQHandler                 0x0800011b   Thumb Code     0  startup_stm32f103xb.o(.text)
    DMA1_Channel4_IRQHandler                 0x0800011b   Thumb Code     0  startup_stm32f103xb.o(.text)
    DMA1_Channel6_IRQHandler                 0x0800011b   Thumb Code     0  startup_stm32f103xb.o(.text)
    DMA1_Channel7_IRQHandler                 0x0800011b   Thumb Code     0  startup_stm32f103xb.o(.text)
    EXTI0_IRQHandler                         0x0800011b   Thumb Code     0  startup_stm32f103xb.o(.text)
    EXTI15_10_IRQHandler                     0x0800011b   Thumb Code     0  startup_stm32f103xb.o(.text)
    EXTI1_IRQHandler                         0x0800011b   Thumb Code     0  startup_stm32f103xb.o(.text)
    EXTI2_IRQHandler                         0x0800011b   Thumb Code     0  startup_stm32f103xb.o(.text)
    EXTI3_IRQHandler                         0x0800011b   Thumb Code     0  startup_stm32f103xb.o(.text)
    EXTI4_IRQHandler                         0x0800011b   Thumb Code     0  startup_stm32f103xb.o(.text)
    EXTI9_5_IRQHandler                       0x0800011b   Thumb Code     0  startup_stm32f103xb.o(.text)
    FLASH_IRQHandler                         0x0800011b   Thumb Code     0  startup_stm32f103xb.o(.text)
    I2C1_ER_IRQHandler                       0x0800011b   Thumb Code     0  startup_stm32f103xb.o(.text)
    I2C1_EV_IRQHandler                       0x0800011b   Thumb Code     0  startup_stm32f103xb.o(.text)
    I2C2_ER_IRQHandler                       0x0800011b   Thumb Code     0  startup_stm32f103xb.o(.text)
    I2C2_EV_IRQHandler                       0x0800011b   Thumb Code     0  startup_stm32f103xb.o(.text)
    PVD_IRQHandler                           0x0800011b   Thumb Code     0  startup_stm32f103xb.o(.text)
    RCC_IRQHandler                           0x0800011b   Thumb Code     0  startup_stm32f103xb.o(.text)
    RTC_Alarm_IRQHandler                     0x0800011b   Thumb Code     0  startup_stm32f103xb.o(.text)
    RTC_IRQHandler                           0x0800011b   Thumb Code     0  startup_stm32f103xb.o(.text)
    SPI1_IRQHandler                          0x0800011b   Thumb Code     0  startup_stm32f103xb.o(.text)
    SPI2_IRQHandler                          0x0800011b   Thumb Code     0  startup_stm32f103xb.o(.text)
    TAMPER_IRQHandler                        0x0800011b   Thumb Code     0  startup_stm32f103xb.o(.text)
    TIM1_BRK_IRQHandler                      0x0800011b   Thumb Code     0  startup_stm32f103xb.o(.text)
    TIM1_CC_IRQHandler                       0x0800011b   Thumb Code     0  startup_stm32f103xb.o(.text)
    TIM1_TRG_COM_IRQHandler                  0x0800011b   Thumb Code     0  startup_stm32f103xb.o(.text)
    TIM1_UP_IRQHandler                       0x0800011b   Thumb Code     0  startup_stm32f103xb.o(.text)
    TIM3_IRQHandler                          0x0800011b   Thumb Code     0  startup_stm32f103xb.o(.text)
    USART2_IRQHandler                        0x0800011b   Thumb Code     0  startup_stm32f103xb.o(.text)
    USBWakeUp_IRQHandler                     0x0800011b   Thumb Code     0  startup_stm32f103xb.o(.text)
    USB_HP_CAN1_TX_IRQHandler                0x0800011b   Thumb Code     0  startup_stm32f103xb.o(.text)
    USB_LP_CAN1_RX0_IRQHandler               0x0800011b   Thumb Code     0  startup_stm32f103xb.o(.text)
    WWDG_IRQHandler                          0x0800011b   Thumb Code     0  startup_stm32f103xb.o(.text)
    __aeabi_llsr                             0x08000125   Thumb Code    32  llushr.o(.text)
    _ll_ushift_r                             0x08000125   Thumb Code     0  llushr.o(.text)
    __aeabi_memcpy                           0x08000145   Thumb Code    36  memcpya.o(.text)
    __aeabi_memcpy4                          0x08000145   Thumb Code     0  memcpya.o(.text)
    __aeabi_memcpy8                          0x08000145   Thumb Code     0  memcpya.o(.text)
    __aeabi_memset                           0x08000169   Thumb Code    14  memseta.o(.text)
    __aeabi_memset4                          0x08000169   Thumb Code     0  memseta.o(.text)
    __aeabi_memset8                          0x08000169   Thumb Code     0  memseta.o(.text)
    __aeabi_memclr                           0x08000177   Thumb Code     4  memseta.o(.text)
    __aeabi_memclr4                          0x08000177   Thumb Code     0  memseta.o(.text)
    __aeabi_memclr8                          0x08000177   Thumb Code     0  memseta.o(.text)
    _memset$wrapper                          0x0800017b   Thumb Code    18  memseta.o(.text)
    __aeabi_fadd                             0x0800018d   Thumb Code   164  fadd.o(.text)
    __aeabi_fsub                             0x08000231   Thumb Code     6  fadd.o(.text)
    __aeabi_frsub                            0x08000237   Thumb Code     6  fadd.o(.text)
    __aeabi_fmul                             0x0800023d   Thumb Code   100  fmul.o(.text)
    __aeabi_fdiv                             0x080002a1   Thumb Code   124  fdiv.o(.text)
    __aeabi_dmul                             0x0800031d   Thumb Code   228  dmul.o(.text)
    __aeabi_i2f                              0x08000401   Thumb Code    18  fflti.o(.text)
    __aeabi_ui2f                             0x08000413   Thumb Code    10  ffltui.o(.text)
    __aeabi_f2uiz                            0x0800041d   Thumb Code    40  ffixui.o(.text)
    __aeabi_f2d                              0x08000445   Thumb Code    38  f2d.o(.text)
    __aeabi_d2f                              0x0800046b   Thumb Code    56  d2f.o(.text)
    __aeabi_cfcmpeq                          0x080004a5   Thumb Code     0  cfcmple.o(.text)
    __aeabi_cfcmple                          0x080004a5   Thumb Code    20  cfcmple.o(.text)
    __aeabi_cfrcmple                         0x080004b9   Thumb Code    20  cfrcmple.o(.text)
    __aeabi_uidiv                            0x080004cd   Thumb Code     0  uidiv.o(.text)
    __aeabi_uidivmod                         0x080004cd   Thumb Code    44  uidiv.o(.text)
    __aeabi_uldivmod                         0x080004f9   Thumb Code    98  uldiv.o(.text)
    __I$use$fp                               0x0800055b   Thumb Code     0  iusefp.o(.text)
    _float_round                             0x0800055b   Thumb Code    18  fepilogue.o(.text)
    _float_epilogue                          0x0800056d   Thumb Code    92  fepilogue.o(.text)
    _double_round                            0x080005c9   Thumb Code    30  depilogue.o(.text)
    _double_epilogue                         0x080005e7   Thumb Code   156  depilogue.o(.text)
    __aeabi_dadd                             0x08000683   Thumb Code   322  dadd.o(.text)
    __aeabi_dsub                             0x080007c5   Thumb Code     6  dadd.o(.text)
    __aeabi_drsub                            0x080007cb   Thumb Code     6  dadd.o(.text)
    __aeabi_ddiv                             0x080007d1   Thumb Code   222  ddiv.o(.text)
    __aeabi_d2ulz                            0x080008af   Thumb Code    48  dfixul.o(.text)
    __aeabi_cdrcmple                         0x080008e1   Thumb Code    48  cdrcmple.o(.text)
    __scatterload                            0x08000911   Thumb Code    28  init.o(.text)
    __scatterload_rt2                        0x08000911   Thumb Code     0  init.o(.text)
    __aeabi_llsl                             0x08000935   Thumb Code    30  llshl.o(.text)
    _ll_shift_l                              0x08000935   Thumb Code     0  llshl.o(.text)
    __aeabi_lasr                             0x08000953   Thumb Code    36  llsshr.o(.text)
    _ll_sshift_r                             0x08000953   Thumb Code     0  llsshr.o(.text)
    Bluetooth_UART_IRQHandler                0x08000979   Thumb Code    66  main.o(i.Bluetooth_UART_IRQHandler)
    BusFault_Handler                         0x080009cd   Thumb Code     2  stm32f1xx_it.o(i.BusFault_Handler)
    DMA1_Channel3_IRQHandler                 0x080009d1   Thumb Code     6  stm32f1xx_it.o(i.DMA1_Channel3_IRQHandler)
    DMA1_Channel5_IRQHandler                 0x080009dd   Thumb Code     6  stm32f1xx_it.o(i.DMA1_Channel5_IRQHandler)
    DMA_USART_Init                           0x08000a15   Thumb Code    64  main.o(i.DMA_USART_Init)
    DebugMon_Handler                         0x08000a61   Thumb Code     2  stm32f1xx_it.o(i.DebugMon_Handler)
    Error_Handler                            0x08000a63   Thumb Code     4  main.o(i.Error_Handler)
    HAL_DMA_Abort                            0x08000a67   Thumb Code    70  stm32f1xx_hal_dma.o(i.HAL_DMA_Abort)
    HAL_DMA_Abort_IT                         0x08000aad   Thumb Code   148  stm32f1xx_hal_dma.o(i.HAL_DMA_Abort_IT)
    HAL_DMA_IRQHandler                       0x08000b45   Thumb Code   316  stm32f1xx_hal_dma.o(i.HAL_DMA_IRQHandler)
    HAL_DMA_Init                             0x08000c99   Thumb Code    84  stm32f1xx_hal_dma.o(i.HAL_DMA_Init)
    HAL_DMA_Start_IT                         0x08000cf5   Thumb Code   112  stm32f1xx_hal_dma.o(i.HAL_DMA_Start_IT)
    HAL_Delay                                0x08000d65   Thumb Code    32  stm32f1xx_hal.o(i.HAL_Delay)
    HAL_GPIO_Init                            0x08000d89   Thumb Code   446  stm32f1xx_hal_gpio.o(i.HAL_GPIO_Init)
    HAL_GPIO_ReadPin                         0x08000f69   Thumb Code    10  stm32f1xx_hal_gpio.o(i.HAL_GPIO_ReadPin)
    HAL_GPIO_WritePin                        0x08000f73   Thumb Code    10  stm32f1xx_hal_gpio.o(i.HAL_GPIO_WritePin)
    HAL_GetTick                              0x08000f7d   Thumb Code     6  stm32f1xx_hal.o(i.HAL_GetTick)
    HAL_IncTick                              0x08000f89   Thumb Code    12  stm32f1xx_hal.o(i.HAL_IncTick)
    HAL_Init                                 0x08000f99   Thumb Code    32  stm32f1xx_hal.o(i.HAL_Init)
    HAL_InitTick                             0x08000fbd   Thumb Code    54  stm32f1xx_hal.o(i.HAL_InitTick)
    HAL_MspInit                              0x08000ffd   Thumb Code    52  stm32f1xx_hal_msp.o(i.HAL_MspInit)
    HAL_NVIC_EnableIRQ                       0x08001039   Thumb Code    26  stm32f1xx_hal_cortex.o(i.HAL_NVIC_EnableIRQ)
    HAL_NVIC_SetPriority                     0x08001055   Thumb Code    60  stm32f1xx_hal_cortex.o(i.HAL_NVIC_SetPriority)
    HAL_NVIC_SetPriorityGrouping             0x08001095   Thumb Code    26  stm32f1xx_hal_cortex.o(i.HAL_NVIC_SetPriorityGrouping)
    HAL_RCC_ClockConfig                      0x080010b9   Thumb Code   280  stm32f1xx_hal_rcc.o(i.HAL_RCC_ClockConfig)
    HAL_RCC_GetPCLK1Freq                     0x080011e5   Thumb Code    20  stm32f1xx_hal_rcc.o(i.HAL_RCC_GetPCLK1Freq)
    HAL_RCC_GetPCLK2Freq                     0x08001205   Thumb Code    20  stm32f1xx_hal_rcc.o(i.HAL_RCC_GetPCLK2Freq)
    HAL_RCC_GetSysClockFreq                  0x08001225   Thumb Code    58  stm32f1xx_hal_rcc.o(i.HAL_RCC_GetSysClockFreq)
    HAL_RCC_OscConfig                        0x08001271   Thumb Code   778  stm32f1xx_hal_rcc.o(i.HAL_RCC_OscConfig)
    HAL_SYSTICK_Config                       0x08001591   Thumb Code    40  stm32f1xx_hal_cortex.o(i.HAL_SYSTICK_Config)
    HAL_TIMEx_BreakCallback                  0x080015b9   Thumb Code     2  stm32f1xx_hal_tim_ex.o(i.HAL_TIMEx_BreakCallback)
    HAL_TIMEx_CommutCallback                 0x080015bb   Thumb Code     2  stm32f1xx_hal_tim_ex.o(i.HAL_TIMEx_CommutCallback)
    HAL_TIMEx_MasterConfigSynchronization    0x080015bd   Thumb Code    92  stm32f1xx_hal_tim_ex.o(i.HAL_TIMEx_MasterConfigSynchronization)
    HAL_TIM_Base_Init                        0x08001625   Thumb Code    90  stm32f1xx_hal_tim.o(i.HAL_TIM_Base_Init)
    HAL_TIM_Base_MspInit                     0x08001681   Thumb Code    72  tim.o(i.HAL_TIM_Base_MspInit)
    HAL_TIM_Base_Start_IT                    0x080016d5   Thumb Code    76  stm32f1xx_hal_tim.o(i.HAL_TIM_Base_Start_IT)
    HAL_TIM_ConfigClockSource                0x0800172d   Thumb Code   220  stm32f1xx_hal_tim.o(i.HAL_TIM_ConfigClockSource)
    HAL_TIM_Encoder_Init                     0x08001809   Thumb Code   164  stm32f1xx_hal_tim.o(i.HAL_TIM_Encoder_Init)
    HAL_TIM_Encoder_MspInit                  0x080018ad   Thumb Code   146  tim.o(i.HAL_TIM_Encoder_MspInit)
    HAL_TIM_Encoder_Start                    0x0800194d   Thumb Code   142  stm32f1xx_hal_tim.o(i.HAL_TIM_Encoder_Start)
    HAL_TIM_IC_CaptureCallback               0x080019db   Thumb Code     2  stm32f1xx_hal_tim.o(i.HAL_TIM_IC_CaptureCallback)
    HAL_TIM_IRQHandler                       0x080019dd   Thumb Code   358  stm32f1xx_hal_tim.o(i.HAL_TIM_IRQHandler)
    HAL_TIM_MspPostInit                      0x08001b45   Thumb Code    94  tim.o(i.HAL_TIM_MspPostInit)
    HAL_TIM_OC_DelayElapsedCallback          0x08001bb5   Thumb Code     2  stm32f1xx_hal_tim.o(i.HAL_TIM_OC_DelayElapsedCallback)
    HAL_TIM_PWM_ConfigChannel                0x08001bb7   Thumb Code   204  stm32f1xx_hal_tim.o(i.HAL_TIM_PWM_ConfigChannel)
    HAL_TIM_PWM_Init                         0x08001c83   Thumb Code    90  stm32f1xx_hal_tim.o(i.HAL_TIM_PWM_Init)
    HAL_TIM_PWM_MspInit                      0x08001cdd   Thumb Code     2  stm32f1xx_hal_tim.o(i.HAL_TIM_PWM_MspInit)
    HAL_TIM_PWM_PulseFinishedCallback        0x08001cdf   Thumb Code     2  stm32f1xx_hal_tim.o(i.HAL_TIM_PWM_PulseFinishedCallback)
    HAL_TIM_PWM_Start                        0x08001ce1   Thumb Code   144  stm32f1xx_hal_tim.o(i.HAL_TIM_PWM_Start)
    HAL_TIM_PeriodElapsedCallback            0x08001d7d   Thumb Code   486  encoder.o(i.HAL_TIM_PeriodElapsedCallback)
    HAL_TIM_TriggerCallback                  0x08001fbd   Thumb Code     2  stm32f1xx_hal_tim.o(i.HAL_TIM_TriggerCallback)
    HAL_UARTEx_RxEventCallback               0x08001fbf   Thumb Code     2  stm32f1xx_hal_uart.o(i.HAL_UARTEx_RxEventCallback)
    HAL_UART_DMAStop                         0x08001fc1   Thumb Code   112  stm32f1xx_hal_uart.o(i.HAL_UART_DMAStop)
    HAL_UART_ErrorCallback                   0x08002031   Thumb Code     2  stm32f1xx_hal_uart.o(i.HAL_UART_ErrorCallback)
    HAL_UART_IRQHandler                      0x08002035   Thumb Code   616  stm32f1xx_hal_uart.o(i.HAL_UART_IRQHandler)
    HAL_UART_Init                            0x080022a1   Thumb Code   100  stm32f1xx_hal_uart.o(i.HAL_UART_Init)
    HAL_UART_MspInit                         0x08002305   Thumb Code   298  usart.o(i.HAL_UART_MspInit)
    HAL_UART_Receive_DMA                     0x0800244d   Thumb Code    28  stm32f1xx_hal_uart.o(i.HAL_UART_Receive_DMA)
    HAL_UART_RxCpltCallback                  0x08002469   Thumb Code     2  stm32f1xx_hal_uart.o(i.HAL_UART_RxCpltCallback)
    HAL_UART_RxHalfCpltCallback              0x0800246b   Thumb Code     2  stm32f1xx_hal_uart.o(i.HAL_UART_RxHalfCpltCallback)
    HAL_UART_Transmit                        0x0800246d   Thumb Code   154  stm32f1xx_hal_uart.o(i.HAL_UART_Transmit)
    HAL_UART_TxCpltCallback                  0x08002507   Thumb Code     2  stm32f1xx_hal_uart.o(i.HAL_UART_TxCpltCallback)
    HardFault_Handler                        0x08002509   Thumb Code     2  stm32f1xx_it.o(i.HardFault_Handler)
    Line_PID_Realize                         0x0800250d   Thumb Code   228  pid.o(i.Line_PID_Realize)
    MX_DMA_Init                              0x080025fd   Thumb Code    56  dma.o(i.MX_DMA_Init)
    MX_GPIO_Init                             0x08002639   Thumb Code   150  gpio.o(i.MX_GPIO_Init)
    MX_TIM1_Init                             0x080026dd   Thumb Code   100  tim.o(i.MX_TIM1_Init)
    MX_TIM2_Init                             0x08002749   Thumb Code   100  tim.o(i.MX_TIM2_Init)
    MX_TIM3_Init                             0x080027b1   Thumb Code   192  tim.o(i.MX_TIM3_Init)
    MX_TIM4_Init                             0x08002879   Thumb Code    96  tim.o(i.MX_TIM4_Init)
    MX_USART1_UART_Init                      0x080028e1   Thumb Code    48  usart.o(i.MX_USART1_UART_Init)
    MX_USART3_UART_Init                      0x08002919   Thumb Code    48  usart.o(i.MX_USART3_UART_Init)
    MemManage_Handler                        0x08002951   Thumb Code     2  stm32f1xx_it.o(i.MemManage_Handler)
    Motor_Init                               0x08002955   Thumb Code   120  encoder.o(i.Motor_Init)
    NMI_Handler                              0x080029e5   Thumb Code     2  stm32f1xx_it.o(i.NMI_Handler)
    PID_Init                                 0x080029e9   Thumb Code   106  pid.o(i.PID_Init)
    PendSV_Handler                           0x08002a71   Thumb Code     2  stm32f1xx_it.o(i.PendSV_Handler)
    SVC_Handler                              0x08002a73   Thumb Code     2  stm32f1xx_it.o(i.SVC_Handler)
    Speed_Low_Filter                         0x08002a75   Thumb Code    56  encoder.o(i.Speed_Low_Filter)
    Speed_PID_Realize                        0x08002ab1   Thumb Code   236  pid.o(i.Speed_PID_Realize)
    SysTick_Handler                          0x08002ba9   Thumb Code     4  stm32f1xx_it.o(i.SysTick_Handler)
    SystemClock_Config                       0x08002bad   Thumb Code    94  main.o(i.SystemClock_Config)
    SystemInit                               0x08002c0b   Thumb Code     2  system_stm32f1xx.o(i.SystemInit)
    TIM2_IRQHandler                          0x08002c0d   Thumb Code     6  stm32f1xx_it.o(i.TIM2_IRQHandler)
    TIM4_IRQHandler                          0x08002c19   Thumb Code     6  stm32f1xx_it.o(i.TIM4_IRQHandler)
    TIM_Base_SetConfig                       0x08002c25   Thumb Code    94  stm32f1xx_hal_tim.o(i.TIM_Base_SetConfig)
    TIM_CCxChannelCmd                        0x08002c91   Thumb Code    26  stm32f1xx_hal_tim.o(i.TIM_CCxChannelCmd)
    TIM_ETR_SetConfig                        0x08002cab   Thumb Code    20  stm32f1xx_hal_tim.o(i.TIM_ETR_SetConfig)
    TIM_OC2_SetConfig                        0x08002d21   Thumb Code    84  stm32f1xx_hal_tim.o(i.TIM_OC2_SetConfig)
    UART_Start_Receive_DMA                   0x0800313d   Thumb Code   130  stm32f1xx_hal_uart.o(i.UART_Start_Receive_DMA)
    USART1_IRQHandler                        0x08003245   Thumb Code    18  stm32f1xx_it.o(i.USART1_IRQHandler)
    USART3_IRQHandler                        0x0800325d   Thumb Code    18  stm32f1xx_it.o(i.USART3_IRQHandler)
    USAR_UART_IDLECallback                   0x08003275   Thumb Code   128  main.o(i.USAR_UART_IDLECallback)
    UsageFault_Handler                       0x08003309   Thumb Code     2  stm32f1xx_it.o(i.UsageFault_Handler)
    __0printf                                0x0800330d   Thumb Code    22  printfa.o(i.__0printf)
    __1printf                                0x0800330d   Thumb Code     0  printfa.o(i.__0printf)
    __2printf                                0x0800330d   Thumb Code     0  printfa.o(i.__0printf)
    __c89printf                              0x0800330d   Thumb Code     0  printfa.o(i.__0printf)
    printf                                   0x0800330d   Thumb Code     0  printfa.o(i.__0printf)
    __scatterload_copy                       0x0800334d   Thumb Code    14  handlers.o(i.__scatterload_copy)
    __scatterload_null                       0x0800335b   Thumb Code     2  handlers.o(i.__scatterload_null)
    __scatterload_zeroinit                   0x0800335d   Thumb Code    14  handlers.o(i.__scatterload_zeroinit)
    buffer_hadle_USART1                      0x08003c21   Thumb Code   742  main.o(i.buffer_hadle_USART1)
    buffer_hadle_USART3                      0x08003f45   Thumb Code   172  main.o(i.buffer_hadle_USART3)
    fix_error                                0x08004011   Thumb Code    52  encoder.o(i.fix_error)
    fputc                                    0x0800404d   Thumb Code    20  main.o(i.fputc)
    led1_off                                 0x08004065   Thumb Code    10  led.o(i.led1_off)
    led1_on                                  0x08004075   Thumb Code    10  led.o(i.led1_on)
    led2_off                                 0x08004085   Thumb Code    10  led.o(i.led2_off)
    led2_on                                  0x08004095   Thumb Code    22  led.o(i.led2_on)
    main                                     0x080040b9   Thumb Code   162  main.o(i.main)
    AHBPrescTable                            0x08004186   Data          16  system_stm32f1xx.o(.constdata)
    APBPrescTable                            0x08004196   Data           8  system_stm32f1xx.o(.constdata)
    Region$$Table$$Base                      0x080041a0   Number         0  anon$$obj.o(Region$$Table)
    Region$$Table$$Limit                     0x080041c0   Number         0  anon$$obj.o(Region$$Table)
    motor1_Out                               0x20000000   Data           4  encoder.o(.data)
    motor2_Out                               0x20000004   Data           4  encoder.o(.data)
    Target_Speed_1                           0x20000008   Data           4  encoder.o(.data)
    Target_Speed_2                           0x2000000c   Data           4  encoder.o(.data)
    Target_Speed_fixed_1                     0x20000010   Data           4  encoder.o(.data)
    Target_Speed_fixed_2                     0x20000014   Data           4  encoder.o(.data)
    Target_Position_1                        0x20000018   Data           4  encoder.o(.data)
    Target_Position_2                        0x2000001c   Data           4  encoder.o(.data)
    last_order                               0x20000020   Data           1  main.o(.data)
    velocity_set                             0x20000024   Data           4  main.o(.data)
    left_angle                               0x20000028   Data           4  main.o(.data)
    right_angle                              0x2000002c   Data           4  main.o(.data)
    Target_Angle                             0x20000030   Data           4  main.o(.data)
    error                                    0x20000034   Data           4  main.o(.data)
    button_flag                              0x20000038   Data           4  main.o(.data)
    last_flag_button                         0x2000003c   Data           4  main.o(.data)
    data1                                    0x20000040   Data           5  main.o(.data)
    data2                                    0x20000045   Data           5  main.o(.data)
    data3                                    0x2000004a   Data           5  main.o(.data)
    uwTickFreq                               0x20000050   Data           1  stm32f1xx_hal.o(.data)
    uwTickPrio                               0x20000054   Data           4  stm32f1xx_hal.o(.data)
    uwTick                                   0x20000058   Data           4  stm32f1xx_hal.o(.data)
    SystemCoreClock                          0x2000005c   Data           4  system_stm32f1xx.o(.data)
    __stdout                                 0x20000060   Data           4  stdout.o(.data)
    speed_Record_1                           0x20000064   Data          80  encoder.o(.bss)
    speed_Record_2                           0x200000b4   Data          80  encoder.o(.bss)
    pid_speed                                0x20000104   Data          36  pid.o(.bss)
    pid_position                             0x20000128   Data          36  pid.o(.bss)
    pid_line                                 0x2000014c   Data          36  pid.o(.bss)
    motor1                                   0x20000170   Data          20  main.o(.bss)
    motor2                                   0x20000184   Data          20  main.o(.bss)
    receive_buff                             0x20000198   Data          50  main.o(.bss)
    USART1_buffer                            0x200001ca   Data          50  main.o(.bss)
    rx_buffer                                0x200001fc   Data          50  main.o(.bss)
    USART3_buffer                            0x2000022e   Data          50  main.o(.bss)
    htim1                                    0x20000260   Data          72  tim.o(.bss)
    htim2                                    0x200002a8   Data          72  tim.o(.bss)
    htim3                                    0x200002f0   Data          72  tim.o(.bss)
    htim4                                    0x20000338   Data          72  tim.o(.bss)
    huart1                                   0x20000380   Data          72  usart.o(.bss)
    huart3                                   0x200003c8   Data          72  usart.o(.bss)
    hdma_usart1_rx                           0x20000410   Data          68  usart.o(.bss)
    hdma_usart3_rx                           0x20000454   Data          68  usart.o(.bss)
    __initial_sp                             0x20000898   Data           0  startup_stm32f103xb.o(STACK)



==============================================================================

Memory Map of the image

  Image Entry point : 0x080000ed

  Load Region LR_IROM1 (Base: 0x08000000, Size: 0x00004224, Max: 0x00010000, ABSOLUTE)

    Execution Region ER_IROM1 (Exec base: 0x08000000, Load base: 0x08000000, Size: 0x000041c0, Max: 0x00010000, ABSOLUTE)

    Exec Addr    Load Addr    Size         Type   Attr      Idx    E Section Name        Object

    0x08000000   0x08000000   0x000000ec   Data   RO            3    RESET               startup_stm32f103xb.o
    0x080000ec   0x080000ec   0x00000000   Code   RO         3155  * .ARM.Collect$$$$00000000  mc_w.l(entry.o)
    0x080000ec   0x080000ec   0x00000004   Code   RO         3449    .ARM.Collect$$$$00000001  mc_w.l(entry2.o)
    0x080000f0   0x080000f0   0x00000004   Code   RO         3452    .ARM.Collect$$$$00000004  mc_w.l(entry5.o)
    0x080000f4   0x080000f4   0x00000000   Code   RO         3454    .ARM.Collect$$$$00000008  mc_w.l(entry7b.o)
    0x080000f4   0x080000f4   0x00000000   Code   RO         3456    .ARM.Collect$$$$0000000A  mc_w.l(entry8b.o)
    0x080000f4   0x080000f4   0x00000008   Code   RO         3457    .ARM.Collect$$$$0000000B  mc_w.l(entry9a.o)
    0x080000fc   0x080000fc   0x00000000   Code   RO         3459    .ARM.Collect$$$$0000000D  mc_w.l(entry10a.o)
    0x080000fc   0x080000fc   0x00000000   Code   RO         3461    .ARM.Collect$$$$0000000F  mc_w.l(entry11a.o)
    0x080000fc   0x080000fc   0x00000004   Code   RO         3450    .ARM.Collect$$$$00002712  mc_w.l(entry2.o)
    0x08000100   0x08000100   0x00000024   Code   RO            4    .text               startup_stm32f103xb.o
    0x08000124   0x08000124   0x00000020   Code   RO         3158    .text               mc_w.l(llushr.o)
    0x08000144   0x08000144   0x00000024   Code   RO         3160    .text               mc_w.l(memcpya.o)
    0x08000168   0x08000168   0x00000024   Code   RO         3162    .text               mc_w.l(memseta.o)
    0x0800018c   0x0800018c   0x000000b0   Code   RO         3427    .text               mf_w.l(fadd.o)
    0x0800023c   0x0800023c   0x00000064   Code   RO         3429    .text               mf_w.l(fmul.o)
    0x080002a0   0x080002a0   0x0000007c   Code   RO         3431    .text               mf_w.l(fdiv.o)
    0x0800031c   0x0800031c   0x000000e4   Code   RO         3433    .text               mf_w.l(dmul.o)
    0x08000400   0x08000400   0x00000012   Code   RO         3435    .text               mf_w.l(fflti.o)
    0x08000412   0x08000412   0x0000000a   Code   RO         3437    .text               mf_w.l(ffltui.o)
    0x0800041c   0x0800041c   0x00000028   Code   RO         3439    .text               mf_w.l(ffixui.o)
    0x08000444   0x08000444   0x00000026   Code   RO         3441    .text               mf_w.l(f2d.o)
    0x0800046a   0x0800046a   0x00000038   Code   RO         3443    .text               mf_w.l(d2f.o)
    0x080004a2   0x080004a2   0x00000002   PAD
    0x080004a4   0x080004a4   0x00000014   Code   RO         3445    .text               mf_w.l(cfcmple.o)
    0x080004b8   0x080004b8   0x00000014   Code   RO         3447    .text               mf_w.l(cfrcmple.o)
    0x080004cc   0x080004cc   0x0000002c   Code   RO         3464    .text               mc_w.l(uidiv.o)
    0x080004f8   0x080004f8   0x00000062   Code   RO         3466    .text               mc_w.l(uldiv.o)
    0x0800055a   0x0800055a   0x00000000   Code   RO         3468    .text               mc_w.l(iusefp.o)
    0x0800055a   0x0800055a   0x0000006e   Code   RO         3469    .text               mf_w.l(fepilogue.o)
    0x080005c8   0x080005c8   0x000000ba   Code   RO         3471    .text               mf_w.l(depilogue.o)
    0x08000682   0x08000682   0x0000014e   Code   RO         3473    .text               mf_w.l(dadd.o)
    0x080007d0   0x080007d0   0x000000de   Code   RO         3475    .text               mf_w.l(ddiv.o)
    0x080008ae   0x080008ae   0x00000030   Code   RO         3477    .text               mf_w.l(dfixul.o)
    0x080008de   0x080008de   0x00000002   PAD
    0x080008e0   0x080008e0   0x00000030   Code   RO         3479    .text               mf_w.l(cdrcmple.o)
    0x08000910   0x08000910   0x00000024   Code   RO         3481    .text               mc_w.l(init.o)
    0x08000934   0x08000934   0x0000001e   Code   RO         3483    .text               mc_w.l(llshl.o)
    0x08000952   0x08000952   0x00000024   Code   RO         3485    .text               mc_w.l(llsshr.o)
    0x08000976   0x08000976   0x00000002   PAD
    0x08000978   0x08000978   0x00000054   Code   RO          337    i.Bluetooth_UART_IRQHandler  main.o
    0x080009cc   0x080009cc   0x00000002   Code   RO          635    i.BusFault_Handler  stm32f1xx_it.o
    0x080009ce   0x080009ce   0x00000002   PAD
    0x080009d0   0x080009d0   0x0000000c   Code   RO          636    i.DMA1_Channel3_IRQHandler  stm32f1xx_it.o
    0x080009dc   0x080009dc   0x0000000c   Code   RO          637    i.DMA1_Channel5_IRQHandler  stm32f1xx_it.o
    0x080009e8   0x080009e8   0x0000002a   Code   RO         2160    i.DMA_SetConfig     stm32f1xx_hal_dma.o
    0x08000a12   0x08000a12   0x00000002   PAD
    0x08000a14   0x08000a14   0x0000004c   Code   RO          338    i.DMA_USART_Init    main.o
    0x08000a60   0x08000a60   0x00000002   Code   RO          638    i.DebugMon_Handler  stm32f1xx_it.o
    0x08000a62   0x08000a62   0x00000004   Code   RO          339    i.Error_Handler     main.o
    0x08000a66   0x08000a66   0x00000046   Code   RO         2161    i.HAL_DMA_Abort     stm32f1xx_hal_dma.o
    0x08000aac   0x08000aac   0x00000098   Code   RO         2162    i.HAL_DMA_Abort_IT  stm32f1xx_hal_dma.o
    0x08000b44   0x08000b44   0x00000154   Code   RO         2166    i.HAL_DMA_IRQHandler  stm32f1xx_hal_dma.o
    0x08000c98   0x08000c98   0x0000005c   Code   RO         2167    i.HAL_DMA_Init      stm32f1xx_hal_dma.o
    0x08000cf4   0x08000cf4   0x00000070   Code   RO         2171    i.HAL_DMA_Start_IT  stm32f1xx_hal_dma.o
    0x08000d64   0x08000d64   0x00000024   Code   RO         1787    i.HAL_Delay         stm32f1xx_hal.o
    0x08000d88   0x08000d88   0x000001e0   Code   RO         2097    i.HAL_GPIO_Init     stm32f1xx_hal_gpio.o
    0x08000f68   0x08000f68   0x0000000a   Code   RO         2099    i.HAL_GPIO_ReadPin  stm32f1xx_hal_gpio.o
    0x08000f72   0x08000f72   0x0000000a   Code   RO         2101    i.HAL_GPIO_WritePin  stm32f1xx_hal_gpio.o
    0x08000f7c   0x08000f7c   0x0000000c   Code   RO         1791    i.HAL_GetTick       stm32f1xx_hal.o
    0x08000f88   0x08000f88   0x00000010   Code   RO         1797    i.HAL_IncTick       stm32f1xx_hal.o
    0x08000f98   0x08000f98   0x00000024   Code   RO         1798    i.HAL_Init          stm32f1xx_hal.o
    0x08000fbc   0x08000fbc   0x00000040   Code   RO         1799    i.HAL_InitTick      stm32f1xx_hal.o
    0x08000ffc   0x08000ffc   0x0000003c   Code   RO          747    i.HAL_MspInit       stm32f1xx_hal_msp.o
    0x08001038   0x08001038   0x0000001a   Code   RO         2257    i.HAL_NVIC_EnableIRQ  stm32f1xx_hal_cortex.o
    0x08001052   0x08001052   0x00000002   PAD
    0x08001054   0x08001054   0x00000040   Code   RO         2263    i.HAL_NVIC_SetPriority  stm32f1xx_hal_cortex.o
    0x08001094   0x08001094   0x00000024   Code   RO         2264    i.HAL_NVIC_SetPriorityGrouping  stm32f1xx_hal_cortex.o
    0x080010b8   0x080010b8   0x0000012c   Code   RO         1955    i.HAL_RCC_ClockConfig  stm32f1xx_hal_rcc.o
    0x080011e4   0x080011e4   0x00000020   Code   RO         1962    i.HAL_RCC_GetPCLK1Freq  stm32f1xx_hal_rcc.o
    0x08001204   0x08001204   0x00000020   Code   RO         1963    i.HAL_RCC_GetPCLK2Freq  stm32f1xx_hal_rcc.o
    0x08001224   0x08001224   0x0000004c   Code   RO         1964    i.HAL_RCC_GetSysClockFreq  stm32f1xx_hal_rcc.o
    0x08001270   0x08001270   0x00000320   Code   RO         1967    i.HAL_RCC_OscConfig  stm32f1xx_hal_rcc.o
    0x08001590   0x08001590   0x00000028   Code   RO         2268    i.HAL_SYSTICK_Config  stm32f1xx_hal_cortex.o
    0x080015b8   0x080015b8   0x00000002   Code   RO         1513    i.HAL_TIMEx_BreakCallback  stm32f1xx_hal_tim_ex.o
    0x080015ba   0x080015ba   0x00000002   Code   RO         1514    i.HAL_TIMEx_CommutCallback  stm32f1xx_hal_tim_ex.o
    0x080015bc   0x080015bc   0x00000068   Code   RO         1532    i.HAL_TIMEx_MasterConfigSynchronization  stm32f1xx_hal_tim_ex.o
    0x08001624   0x08001624   0x0000005a   Code   RO          809    i.HAL_TIM_Base_Init  stm32f1xx_hal_tim.o
    0x0800167e   0x0800167e   0x00000002   PAD
    0x08001680   0x08001680   0x00000054   Code   RO          510    i.HAL_TIM_Base_MspInit  tim.o
    0x080016d4   0x080016d4   0x00000058   Code   RO          814    i.HAL_TIM_Base_Start_IT  stm32f1xx_hal_tim.o
    0x0800172c   0x0800172c   0x000000dc   Code   RO          818    i.HAL_TIM_ConfigClockSource  stm32f1xx_hal_tim.o
    0x08001808   0x08001808   0x000000a4   Code   RO          830    i.HAL_TIM_Encoder_Init  stm32f1xx_hal_tim.o
    0x080018ac   0x080018ac   0x000000a0   Code   RO          512    i.HAL_TIM_Encoder_MspInit  tim.o
    0x0800194c   0x0800194c   0x0000008e   Code   RO          833    i.HAL_TIM_Encoder_Start  stm32f1xx_hal_tim.o
    0x080019da   0x080019da   0x00000002   Code   RO          843    i.HAL_TIM_IC_CaptureCallback  stm32f1xx_hal_tim.o
    0x080019dc   0x080019dc   0x00000166   Code   RO          857    i.HAL_TIM_IRQHandler  stm32f1xx_hal_tim.o
    0x08001b42   0x08001b42   0x00000002   PAD
    0x08001b44   0x08001b44   0x00000070   Code   RO          513    i.HAL_TIM_MspPostInit  tim.o
    0x08001bb4   0x08001bb4   0x00000002   Code   RO          860    i.HAL_TIM_OC_DelayElapsedCallback  stm32f1xx_hal_tim.o
    0x08001bb6   0x08001bb6   0x000000cc   Code   RO          881    i.HAL_TIM_PWM_ConfigChannel  stm32f1xx_hal_tim.o
    0x08001c82   0x08001c82   0x0000005a   Code   RO          884    i.HAL_TIM_PWM_Init  stm32f1xx_hal_tim.o
    0x08001cdc   0x08001cdc   0x00000002   Code   RO          886    i.HAL_TIM_PWM_MspInit  stm32f1xx_hal_tim.o
    0x08001cde   0x08001cde   0x00000002   Code   RO          887    i.HAL_TIM_PWM_PulseFinishedCallback  stm32f1xx_hal_tim.o
    0x08001ce0   0x08001ce0   0x0000009c   Code   RO          889    i.HAL_TIM_PWM_Start  stm32f1xx_hal_tim.o
    0x08001d7c   0x08001d7c   0x00000240   Code   RO           13    i.HAL_TIM_PeriodElapsedCallback  encoder.o
    0x08001fbc   0x08001fbc   0x00000002   Code   RO          900    i.HAL_TIM_TriggerCallback  stm32f1xx_hal_tim.o
    0x08001fbe   0x08001fbe   0x00000002   Code   RO         2769    i.HAL_UARTEx_RxEventCallback  stm32f1xx_hal_uart.o
    0x08001fc0   0x08001fc0   0x00000070   Code   RO         2781    i.HAL_UART_DMAStop  stm32f1xx_hal_uart.o
    0x08002030   0x08002030   0x00000002   Code   RO         2783    i.HAL_UART_ErrorCallback  stm32f1xx_hal_uart.o
    0x08002032   0x08002032   0x00000002   PAD
    0x08002034   0x08002034   0x0000026c   Code   RO         2786    i.HAL_UART_IRQHandler  stm32f1xx_hal_uart.o
    0x080022a0   0x080022a0   0x00000064   Code   RO         2787    i.HAL_UART_Init     stm32f1xx_hal_uart.o
    0x08002304   0x08002304   0x00000148   Code   RO          588    i.HAL_UART_MspInit  usart.o
    0x0800244c   0x0800244c   0x0000001c   Code   RO         2791    i.HAL_UART_Receive_DMA  stm32f1xx_hal_uart.o
    0x08002468   0x08002468   0x00000002   Code   RO         2793    i.HAL_UART_RxCpltCallback  stm32f1xx_hal_uart.o
    0x0800246a   0x0800246a   0x00000002   Code   RO         2794    i.HAL_UART_RxHalfCpltCallback  stm32f1xx_hal_uart.o
    0x0800246c   0x0800246c   0x0000009a   Code   RO         2795    i.HAL_UART_Transmit  stm32f1xx_hal_uart.o
    0x08002506   0x08002506   0x00000002   Code   RO         2798    i.HAL_UART_TxCpltCallback  stm32f1xx_hal_uart.o
    0x08002508   0x08002508   0x00000002   Code   RO          639    i.HardFault_Handler  stm32f1xx_it.o
    0x0800250a   0x0800250a   0x00000002   PAD
    0x0800250c   0x0800250c   0x000000f0   Code   RO          207    i.Line_PID_Realize  pid.o
    0x080025fc   0x080025fc   0x0000003c   Code   RO          485    i.MX_DMA_Init       dma.o
    0x08002638   0x08002638   0x000000a4   Code   RO          461    i.MX_GPIO_Init      gpio.o
    0x080026dc   0x080026dc   0x0000006c   Code   RO          514    i.MX_TIM1_Init      tim.o
    0x08002748   0x08002748   0x00000068   Code   RO          515    i.MX_TIM2_Init      tim.o
    0x080027b0   0x080027b0   0x000000c8   Code   RO          516    i.MX_TIM3_Init      tim.o
    0x08002878   0x08002878   0x00000068   Code   RO          517    i.MX_TIM4_Init      tim.o
    0x080028e0   0x080028e0   0x00000038   Code   RO          589    i.MX_USART1_UART_Init  usart.o
    0x08002918   0x08002918   0x00000038   Code   RO          590    i.MX_USART3_UART_Init  usart.o
    0x08002950   0x08002950   0x00000002   Code   RO          640    i.MemManage_Handler  stm32f1xx_it.o
    0x08002952   0x08002952   0x00000002   PAD
    0x08002954   0x08002954   0x00000090   Code   RO           14    i.Motor_Init        encoder.o
    0x080029e4   0x080029e4   0x00000002   Code   RO          641    i.NMI_Handler       stm32f1xx_it.o
    0x080029e6   0x080029e6   0x00000002   PAD
    0x080029e8   0x080029e8   0x00000088   Code   RO          209    i.PID_Init          pid.o
    0x08002a70   0x08002a70   0x00000002   Code   RO          642    i.PendSV_Handler    stm32f1xx_it.o
    0x08002a72   0x08002a72   0x00000002   Code   RO          643    i.SVC_Handler       stm32f1xx_it.o
    0x08002a74   0x08002a74   0x0000003c   Code   RO           15    i.Speed_Low_Filter  encoder.o
    0x08002ab0   0x08002ab0   0x000000f8   Code   RO          210    i.Speed_PID_Realize  pid.o
    0x08002ba8   0x08002ba8   0x00000004   Code   RO          644    i.SysTick_Handler   stm32f1xx_it.o
    0x08002bac   0x08002bac   0x0000005e   Code   RO          340    i.SystemClock_Config  main.o
    0x08002c0a   0x08002c0a   0x00000002   Code   RO         3121    i.SystemInit        system_stm32f1xx.o
    0x08002c0c   0x08002c0c   0x0000000c   Code   RO          645    i.TIM2_IRQHandler   stm32f1xx_it.o
    0x08002c18   0x08002c18   0x0000000c   Code   RO          646    i.TIM4_IRQHandler   stm32f1xx_it.o
    0x08002c24   0x08002c24   0x0000006c   Code   RO          902    i.TIM_Base_SetConfig  stm32f1xx_hal_tim.o
    0x08002c90   0x08002c90   0x0000001a   Code   RO          903    i.TIM_CCxChannelCmd  stm32f1xx_hal_tim.o
    0x08002caa   0x08002caa   0x00000014   Code   RO          913    i.TIM_ETR_SetConfig  stm32f1xx_hal_tim.o
    0x08002cbe   0x08002cbe   0x00000010   Code   RO          914    i.TIM_ITRx_SetConfig  stm32f1xx_hal_tim.o
    0x08002cce   0x08002cce   0x00000002   PAD
    0x08002cd0   0x08002cd0   0x00000050   Code   RO          915    i.TIM_OC1_SetConfig  stm32f1xx_hal_tim.o
    0x08002d20   0x08002d20   0x00000058   Code   RO          916    i.TIM_OC2_SetConfig  stm32f1xx_hal_tim.o
    0x08002d78   0x08002d78   0x00000058   Code   RO          917    i.TIM_OC3_SetConfig  stm32f1xx_hal_tim.o
    0x08002dd0   0x08002dd0   0x00000044   Code   RO          918    i.TIM_OC4_SetConfig  stm32f1xx_hal_tim.o
    0x08002e14   0x08002e14   0x00000022   Code   RO          920    i.TIM_TI1_ConfigInputStage  stm32f1xx_hal_tim.o
    0x08002e36   0x08002e36   0x00000024   Code   RO          922    i.TIM_TI2_ConfigInputStage  stm32f1xx_hal_tim.o
    0x08002e5a   0x08002e5a   0x00000010   Code   RO         2800    i.UART_DMAAbortOnError  stm32f1xx_hal_uart.o
    0x08002e6a   0x08002e6a   0x0000004a   Code   RO         2801    i.UART_DMAError     stm32f1xx_hal_uart.o
    0x08002eb4   0x08002eb4   0x00000086   Code   RO         2802    i.UART_DMAReceiveCplt  stm32f1xx_hal_uart.o
    0x08002f3a   0x08002f3a   0x0000001e   Code   RO         2804    i.UART_DMARxHalfCplt  stm32f1xx_hal_uart.o
    0x08002f58   0x08002f58   0x0000004e   Code   RO         2810    i.UART_EndRxTransfer  stm32f1xx_hal_uart.o
    0x08002fa6   0x08002fa6   0x0000001c   Code   RO         2811    i.UART_EndTxTransfer  stm32f1xx_hal_uart.o
    0x08002fc2   0x08002fc2   0x000000c2   Code   RO         2812    i.UART_Receive_IT   stm32f1xx_hal_uart.o
    0x08003084   0x08003084   0x000000b8   Code   RO         2813    i.UART_SetConfig    stm32f1xx_hal_uart.o
    0x0800313c   0x0800313c   0x00000090   Code   RO         2814    i.UART_Start_Receive_DMA  stm32f1xx_hal_uart.o
    0x080031cc   0x080031cc   0x00000078   Code   RO         2816    i.UART_WaitOnFlagUntilTimeout  stm32f1xx_hal_uart.o
    0x08003244   0x08003244   0x00000018   Code   RO          647    i.USART1_IRQHandler  stm32f1xx_it.o
    0x0800325c   0x0800325c   0x00000018   Code   RO          648    i.USART3_IRQHandler  stm32f1xx_it.o
    0x08003274   0x08003274   0x00000094   Code   RO          341    i.USAR_UART_IDLECallback  main.o
    0x08003308   0x08003308   0x00000002   Code   RO          649    i.UsageFault_Handler  stm32f1xx_it.o
    0x0800330a   0x0800330a   0x00000002   PAD
    0x0800330c   0x0800330c   0x00000020   Code   RO         3399    i.__0printf         mc_w.l(printfa.o)
    0x0800332c   0x0800332c   0x00000020   Code   RO         2270    i.__NVIC_SetPriority  stm32f1xx_hal_cortex.o
    0x0800334c   0x0800334c   0x0000000e   Code   RO         3489    i.__scatterload_copy  mc_w.l(handlers.o)
    0x0800335a   0x0800335a   0x00000002   Code   RO         3490    i.__scatterload_null  mc_w.l(handlers.o)
    0x0800335c   0x0800335c   0x0000000e   Code   RO         3491    i.__scatterload_zeroinit  mc_w.l(handlers.o)
    0x0800336a   0x0800336a   0x00000002   PAD
    0x0800336c   0x0800336c   0x00000184   Code   RO         3406    i._fp_digits        mc_w.l(printfa.o)
    0x080034f0   0x080034f0   0x000006dc   Code   RO         3407    i._printf_core      mc_w.l(printfa.o)
    0x08003bcc   0x08003bcc   0x00000024   Code   RO         3408    i._printf_post_padding  mc_w.l(printfa.o)
    0x08003bf0   0x08003bf0   0x0000002e   Code   RO         3409    i._printf_pre_padding  mc_w.l(printfa.o)
    0x08003c1e   0x08003c1e   0x00000002   PAD
    0x08003c20   0x08003c20   0x00000324   Code   RO          342    i.buffer_hadle_USART1  main.o
    0x08003f44   0x08003f44   0x000000cc   Code   RO          343    i.buffer_hadle_USART3  main.o
    0x08004010   0x08004010   0x0000003c   Code   RO           16    i.fix_error         encoder.o
    0x0800404c   0x0800404c   0x00000018   Code   RO          345    i.fputc             main.o
    0x08004064   0x08004064   0x00000010   Code   RO          259    i.led1_off          led.o
    0x08004074   0x08004074   0x00000010   Code   RO          260    i.led1_on           led.o
    0x08004084   0x08004084   0x00000010   Code   RO          261    i.led2_off          led.o
    0x08004094   0x08004094   0x00000024   Code   RO          262    i.led2_on           led.o
    0x080040b8   0x080040b8   0x000000bc   Code   RO          346    i.main              main.o
    0x08004174   0x08004174   0x00000012   Data   RO         1968    .constdata          stm32f1xx_hal_rcc.o
    0x08004186   0x08004186   0x00000010   Data   RO         3122    .constdata          system_stm32f1xx.o
    0x08004196   0x08004196   0x00000008   Data   RO         3123    .constdata          system_stm32f1xx.o
    0x0800419e   0x0800419e   0x00000002   PAD
    0x080041a0   0x080041a0   0x00000020   Data   RO         3487    Region$$Table       anon$$obj.o


    Execution Region RW_IRAM1 (Exec base: 0x20000000, Load base: 0x080041c0, Size: 0x00000898, Max: 0x00005000, ABSOLUTE)

    Exec Addr    Load Addr    Size         Type   Attr      Idx    E Section Name        Object

    0x20000000   0x080041c0   0x00000020   Data   RW           26    .data               encoder.o
    0x20000020   0x080041e0   0x0000002f   Data   RW          350    .data               main.o
    0x2000004f   0x0800420f   0x00000001   PAD
    0x20000050   0x08004210   0x0000000c   Data   RW         1805    .data               stm32f1xx_hal.o
    0x2000005c   0x0800421c   0x00000004   Data   RW         3124    .data               system_stm32f1xx.o
    0x20000060   0x08004220   0x00000004   Data   RW         3463    .data               mc_w.l(stdout.o)
    0x20000064        -       0x000000a0   Zero   RW           23    .bss                encoder.o
    0x20000104        -       0x0000006c   Zero   RW          211    .bss                pid.o
    0x20000170        -       0x00000014   Zero   RW          347    .bss                main.o
    0x20000184        -       0x00000014   Zero   RW          348    .bss                main.o
    0x20000198        -       0x000000c8   Zero   RW          349    .bss                main.o
    0x20000260        -       0x00000120   Zero   RW          518    .bss                tim.o
    0x20000380        -       0x00000118   Zero   RW          591    .bss                usart.o
    0x20000498        -       0x00000400   Zero   RW            1    STACK               startup_stm32f103xb.o


==============================================================================

Image component sizes


      Code (inc. data)   RO Data    RW Data    ZI Data      Debug   Object Name

        60          4          0          0          0        742   dma.o
       840        126          0         32        160     430325   encoder.o
       164         14          0          0          0        911   gpio.o
        84         32          0          0          0       1490   led.o
      1626        174          0         47        240      34663   main.o
       624         54          0          0        108       3060   pid.o
        36          8        236          0       1024        792   startup_stm32f103xb.o
       164         28          0         12          0       5805   stm32f1xx_hal.o
       198         14          0          0          0      28863   stm32f1xx_hal_cortex.o
       808         36          0          0          0       4902   stm32f1xx_hal_dma.o
       500         34          0          0          0       3471   stm32f1xx_hal_gpio.o
        60          8          0          0          0        846   stm32f1xx_hal_msp.o
      1240         84         18          0          0       5040   stm32f1xx_hal_rcc.o
      2086         58          0          0          0      17629   stm32f1xx_hal_tim.o
       108         12          0          0          0       2353   stm32f1xx_hal_tim_ex.o
      2026         24          0          0          0      15025   stm32f1xx_hal_uart.o
       116         36          0          0          0       6408   stm32f1xx_it.o
         2          0         24          4          0       1083   system_stm32f1xx.o
       872         72          0          0        288       4985   tim.o
       440         46          0          0        280       2505   usart.o

    ----------------------------------------------------------------------
     12076        864        312         96       2100     570898   Object Totals
         0          0         32          0          0          0   (incl. Generated)
        22          0          2          1          0          0   (incl. Padding)

    ----------------------------------------------------------------------

      Code (inc. data)   RO Data    RW Data    ZI Data      Debug   Library Member Name

         0          0          0          0          0          0   entry.o
         0          0          0          0          0          0   entry10a.o
         0          0          0          0          0          0   entry11a.o
         8          4          0          0          0          0   entry2.o
         4          0          0          0          0          0   entry5.o
         0          0          0          0          0          0   entry7b.o
         0          0          0          0          0          0   entry8b.o
         8          4          0          0          0          0   entry9a.o
        30          0          0          0          0          0   handlers.o
        36          8          0          0          0         68   init.o
         0          0          0          0          0          0   iusefp.o
        30          0          0          0          0         68   llshl.o
        36          0          0          0          0         68   llsshr.o
        32          0          0          0          0         68   llushr.o
        36          0          0          0          0         68   memcpya.o
        36          0          0          0          0        108   memseta.o
      2258         90          0          0          0        452   printfa.o
         0          0          0          4          0          0   stdout.o
        44          0          0          0          0         80   uidiv.o
        98          0          0          0          0         92   uldiv.o
        48          0          0          0          0         68   cdrcmple.o
        20          0          0          0          0         68   cfcmple.o
        20          0          0          0          0         68   cfrcmple.o
        56          0          0          0          0         88   d2f.o
       334          0          0          0          0        148   dadd.o
       222          0          0          0          0        100   ddiv.o
       186          0          0          0          0        176   depilogue.o
        48          0          0          0          0         68   dfixul.o
       228          0          0          0          0         96   dmul.o
        38          0          0          0          0         68   f2d.o
       176          0          0          0          0        140   fadd.o
       124          0          0          0          0         88   fdiv.o
       110          0          0          0          0        168   fepilogue.o
        40          0          0          0          0         68   ffixui.o
        18          0          0          0          0         68   fflti.o
        10          0          0          0          0         68   ffltui.o
       100          0          0          0          0         76   fmul.o

    ----------------------------------------------------------------------
      4444        106          0          4          0       2696   Library Totals
        10          0          0          0          0          0   (incl. Padding)

    ----------------------------------------------------------------------

      Code (inc. data)   RO Data    RW Data    ZI Data      Debug   Library Name

      2656        106          0          4          0       1072   mc_w.l
      1778          0          0          0          0       1624   mf_w.l

    ----------------------------------------------------------------------
      4444        106          0          4          0       2696   Library Totals

    ----------------------------------------------------------------------

==============================================================================


      Code (inc. data)   RO Data    RW Data    ZI Data      Debug   

     16520        970        312        100       2100     566206   Grand Totals
     16520        970        312        100       2100     566206   ELF Image Totals
     16520        970        312        100          0          0   ROM Totals

==============================================================================

    Total RO  Size (Code + RO Data)                16832 (  16.44kB)
    Total RW  Size (RW Data + ZI Data)              2200 (   2.15kB)
    Total ROM Size (Code + RO Data + RW Data)      16932 (  16.54kB)

==============================================================================

