<?xml version="1.0" encoding="ISO-8859-1" ?>
<link_info>
   <banner>TI ARM Clang Linker PC v3.2.2.LTS</banner>
   <copyright>Copyright (c) 1996-2018 Texas Instruments Incorporated</copyright>
   <link_time>0x66a79bf7</link_time>
   <link_errors>0x0</link_errors>
   <output_file>C:\Users\86177\Nutstore\1\STM32\Ti_Cup\empty_LP_MSPM0G3507_nortos_ticlang\Debug\empty_LP_MSPM0G3507_nortos_ticlang.out</output_file>
   <entry_point>
      <name>_c_int00_noargs</name>
      <address>0x19e9</address>
   </entry_point>
   <input_file_list>
      <input_file id="fl-1">
         <path>C:\Users\86177\Nutstore\1\STM32\Ti_Cup\empty_LP_MSPM0G3507_nortos_ticlang\Debug\.\</path>
         <kind>object</kind>
         <file>empty.o</file>
         <name>empty.o</name>
      </input_file>
      <input_file id="fl-2">
         <path>C:\Users\86177\Nutstore\1\STM32\Ti_Cup\empty_LP_MSPM0G3507_nortos_ticlang\Debug\.\</path>
         <kind>object</kind>
         <file>ti_msp_dl_config.o</file>
         <name>ti_msp_dl_config.o</name>
      </input_file>
      <input_file id="fl-3">
         <path>C:\Users\86177\Nutstore\1\STM32\Ti_Cup\empty_LP_MSPM0G3507_nortos_ticlang\Debug\.\</path>
         <kind>object</kind>
         <file>startup_mspm0g350x_ticlang.o</file>
         <name>startup_mspm0g350x_ticlang.o</name>
      </input_file>
      <input_file id="fl-10">
         <path>C:\Users\86177\Nutstore\1\STM32\Ti_Cup\empty_LP_MSPM0G3507_nortos_ticlang\Debug\</path>
         <kind>object</kind>
         <file>&lt;internal&gt;</file>
         <name>&lt;internal&gt;</name>
      </input_file>
      <input_file id="fl-11">
         <path>D:\CCS1217\mspm0_sdk_2_01_00_03\source\ti\driverlib\lib\ticlang\m0p\mspm0g1x0x_g3x0x\</path>
         <kind>archive</kind>
         <file>driverlib.a</file>
         <name>dl_common.o</name>
      </input_file>
      <input_file id="fl-12">
         <path>D:\CCS1217\mspm0_sdk_2_01_00_03\source\ti\driverlib\lib\ticlang\m0p\mspm0g1x0x_g3x0x\</path>
         <kind>archive</kind>
         <file>driverlib.a</file>
         <name>dl_timer.o</name>
      </input_file>
      <input_file id="fl-13">
         <path>D:\CCS1217\mspm0_sdk_2_01_00_03\source\ti\driverlib\lib\ticlang\m0p\mspm0g1x0x_g3x0x\</path>
         <kind>archive</kind>
         <file>driverlib.a</file>
         <name>dl_uart.o</name>
      </input_file>
      <input_file id="fl-22">
         <path>D:\CCS1217\ccs\tools\compiler\ti-cgt-armllvm_3.2.2.LTS\lib\armv6m-ti-none-eabi\c\</path>
         <kind>archive</kind>
         <file>libc.a</file>
         <name>printf.c.obj</name>
      </input_file>
      <input_file id="fl-23">
         <path>D:\CCS1217\ccs\tools\compiler\ti-cgt-armllvm_3.2.2.LTS\lib\armv6m-ti-none-eabi\c\</path>
         <kind>archive</kind>
         <file>libc.a</file>
         <name>_printfi.c.obj</name>
      </input_file>
      <input_file id="fl-24">
         <path>D:\CCS1217\ccs\tools\compiler\ti-cgt-armllvm_3.2.2.LTS\lib\armv6m-ti-none-eabi\c\</path>
         <kind>archive</kind>
         <file>libc.a</file>
         <name>s_frexp.c.obj</name>
      </input_file>
      <input_file id="fl-25">
         <path>D:\CCS1217\ccs\tools\compiler\ti-cgt-armllvm_3.2.2.LTS\lib\armv6m-ti-none-eabi\c\</path>
         <kind>archive</kind>
         <file>libc.a</file>
         <name>s_scalbn.c.obj</name>
      </input_file>
      <input_file id="fl-26">
         <path>D:\CCS1217\ccs\tools\compiler\ti-cgt-armllvm_3.2.2.LTS\lib\armv6m-ti-none-eabi\c\</path>
         <kind>archive</kind>
         <file>libc.a</file>
         <name>aeabi_portable.c.obj</name>
      </input_file>
      <input_file id="fl-27">
         <path>D:\CCS1217\ccs\tools\compiler\ti-cgt-armllvm_3.2.2.LTS\lib\armv6m-ti-none-eabi\c\</path>
         <kind>archive</kind>
         <file>libc.a</file>
         <name>_lock.c.obj</name>
      </input_file>
      <input_file id="fl-28">
         <path>D:\CCS1217\ccs\tools\compiler\ti-cgt-armllvm_3.2.2.LTS\lib\armv6m-ti-none-eabi\c\</path>
         <kind>archive</kind>
         <file>libc.a</file>
         <name>_ltoa.c.obj</name>
      </input_file>
      <input_file id="fl-29">
         <path>D:\CCS1217\ccs\tools\compiler\ti-cgt-armllvm_3.2.2.LTS\lib\armv6m-ti-none-eabi\c\</path>
         <kind>archive</kind>
         <file>libc.a</file>
         <name>assert.c.obj</name>
      </input_file>
      <input_file id="fl-2a">
         <path>D:\CCS1217\ccs\tools\compiler\ti-cgt-armllvm_3.2.2.LTS\lib\armv6m-ti-none-eabi\c\</path>
         <kind>archive</kind>
         <file>libc.a</file>
         <name>atoi.c.obj</name>
      </input_file>
      <input_file id="fl-2b">
         <path>D:\CCS1217\ccs\tools\compiler\ti-cgt-armllvm_3.2.2.LTS\lib\armv6m-ti-none-eabi\c\</path>
         <kind>archive</kind>
         <file>libc.a</file>
         <name>defs.c.obj</name>
      </input_file>
      <input_file id="fl-2c">
         <path>D:\CCS1217\ccs\tools\compiler\ti-cgt-armllvm_3.2.2.LTS\lib\armv6m-ti-none-eabi\c\</path>
         <kind>archive</kind>
         <file>libc.a</file>
         <name>memccpy.c.obj</name>
      </input_file>
      <input_file id="fl-2d">
         <path>D:\CCS1217\ccs\tools\compiler\ti-cgt-armllvm_3.2.2.LTS\lib\armv6m-ti-none-eabi\c\</path>
         <kind>archive</kind>
         <file>libc.a</file>
         <name>memory.c.obj</name>
      </input_file>
      <input_file id="fl-2e">
         <path>D:\CCS1217\ccs\tools\compiler\ti-cgt-armllvm_3.2.2.LTS\lib\armv6m-ti-none-eabi\c\</path>
         <kind>archive</kind>
         <file>libc.a</file>
         <name>boot_cortex_m.c.obj</name>
      </input_file>
      <input_file id="fl-2f">
         <path>D:\CCS1217\ccs\tools\compiler\ti-cgt-armllvm_3.2.2.LTS\lib\armv6m-ti-none-eabi\c\</path>
         <kind>archive</kind>
         <file>libc.a</file>
         <name>mathacl_init.c.obj</name>
      </input_file>
      <input_file id="fl-30">
         <path>D:\CCS1217\ccs\tools\compiler\ti-cgt-armllvm_3.2.2.LTS\lib\armv6m-ti-none-eabi\c\</path>
         <kind>archive</kind>
         <file>libc.a</file>
         <name>autoinit.c.obj</name>
      </input_file>
      <input_file id="fl-31">
         <path>D:\CCS1217\ccs\tools\compiler\ti-cgt-armllvm_3.2.2.LTS\lib\armv6m-ti-none-eabi\c\</path>
         <kind>archive</kind>
         <file>libc.a</file>
         <name>pre_init.c.obj</name>
      </input_file>
      <input_file id="fl-32">
         <path>D:\CCS1217\ccs\tools\compiler\ti-cgt-armllvm_3.2.2.LTS\lib\armv6m-ti-none-eabi\c\</path>
         <kind>archive</kind>
         <file>libc.a</file>
         <name>cpy_tbl.c.obj</name>
      </input_file>
      <input_file id="fl-33">
         <path>D:\CCS1217\ccs\tools\compiler\ti-cgt-armllvm_3.2.2.LTS\lib\armv6m-ti-none-eabi\c\</path>
         <kind>archive</kind>
         <file>libc.a</file>
         <name>copy_zero_init.c.obj</name>
      </input_file>
      <input_file id="fl-34">
         <path>D:\CCS1217\ccs\tools\compiler\ti-cgt-armllvm_3.2.2.LTS\lib\armv6m-ti-none-eabi\c\</path>
         <kind>archive</kind>
         <file>libc.a</file>
         <name>copy_decompress_none.c.obj</name>
      </input_file>
      <input_file id="fl-35">
         <path>D:\CCS1217\ccs\tools\compiler\ti-cgt-armllvm_3.2.2.LTS\lib\armv6m-ti-none-eabi\c\</path>
         <kind>archive</kind>
         <file>libc.a</file>
         <name>copy_decompress_lzss.c.obj</name>
      </input_file>
      <input_file id="fl-36">
         <path>D:\CCS1217\ccs\tools\compiler\ti-cgt-armllvm_3.2.2.LTS\lib\armv6m-ti-none-eabi\c\</path>
         <kind>archive</kind>
         <file>libc.a</file>
         <name>wcslen.c.obj</name>
      </input_file>
      <input_file id="fl-37">
         <path>D:\CCS1217\ccs\tools\compiler\ti-cgt-armllvm_3.2.2.LTS\lib\armv6m-ti-none-eabi\c\</path>
         <kind>archive</kind>
         <file>libc.a</file>
         <name>sprintf.c.obj</name>
      </input_file>
      <input_file id="fl-38">
         <path>D:\CCS1217\ccs\tools\compiler\ti-cgt-armllvm_3.2.2.LTS\lib\armv6m-ti-none-eabi\c\</path>
         <kind>archive</kind>
         <file>libc.a</file>
         <name>fflush.c.obj</name>
      </input_file>
      <input_file id="fl-39">
         <path>D:\CCS1217\ccs\tools\compiler\ti-cgt-armllvm_3.2.2.LTS\lib\armv6m-ti-none-eabi\c\</path>
         <kind>archive</kind>
         <file>libc.a</file>
         <name>aeabi_ctype.S.obj</name>
      </input_file>
      <input_file id="fl-3a">
         <path>D:\CCS1217\ccs\tools\compiler\ti-cgt-armllvm_3.2.2.LTS\lib\armv6m-ti-none-eabi\c\</path>
         <kind>archive</kind>
         <file>libc.a</file>
         <name>exit.c.obj</name>
      </input_file>
      <input_file id="fl-3b">
         <path>D:\CCS1217\ccs\tools\compiler\ti-cgt-armllvm_3.2.2.LTS\lib\armv6m-ti-none-eabi\c\</path>
         <kind>archive</kind>
         <file>libc.a</file>
         <name>args_main.c.obj</name>
      </input_file>
      <input_file id="fl-a1">
         <path>D:\CCS1217\ccs\tools\compiler\ti-cgt-armllvm_3.2.2.LTS\lib\armv6m-ti-none-eabi\c\</path>
         <kind>archive</kind>
         <file>libsysbm.a</file>
         <name>write.c.obj</name>
      </input_file>
      <input_file id="fl-a2">
         <path>D:\CCS1217\ccs\tools\compiler\ti-cgt-armllvm_3.2.2.LTS\lib\armv6m-ti-none-eabi\c\</path>
         <kind>archive</kind>
         <file>libsysbm.a</file>
         <name>host_device.c.obj</name>
      </input_file>
      <input_file id="fl-a3">
         <path>D:\CCS1217\ccs\tools\compiler\ti-cgt-armllvm_3.2.2.LTS\lib\armv6m-ti-none-eabi\c\</path>
         <kind>archive</kind>
         <file>libsysbm.a</file>
         <name>hostclose.c.obj</name>
      </input_file>
      <input_file id="fl-a4">
         <path>D:\CCS1217\ccs\tools\compiler\ti-cgt-armllvm_3.2.2.LTS\lib\armv6m-ti-none-eabi\c\</path>
         <kind>archive</kind>
         <file>libsysbm.a</file>
         <name>hostlseek.c.obj</name>
      </input_file>
      <input_file id="fl-a5">
         <path>D:\CCS1217\ccs\tools\compiler\ti-cgt-armllvm_3.2.2.LTS\lib\armv6m-ti-none-eabi\c\</path>
         <kind>archive</kind>
         <file>libsysbm.a</file>
         <name>hostopen.c.obj</name>
      </input_file>
      <input_file id="fl-a6">
         <path>D:\CCS1217\ccs\tools\compiler\ti-cgt-armllvm_3.2.2.LTS\lib\armv6m-ti-none-eabi\c\</path>
         <kind>archive</kind>
         <file>libsysbm.a</file>
         <name>hostread.c.obj</name>
      </input_file>
      <input_file id="fl-a7">
         <path>D:\CCS1217\ccs\tools\compiler\ti-cgt-armllvm_3.2.2.LTS\lib\armv6m-ti-none-eabi\c\</path>
         <kind>archive</kind>
         <file>libsysbm.a</file>
         <name>hostrename.c.obj</name>
      </input_file>
      <input_file id="fl-a8">
         <path>D:\CCS1217\ccs\tools\compiler\ti-cgt-armllvm_3.2.2.LTS\lib\armv6m-ti-none-eabi\c\</path>
         <kind>archive</kind>
         <file>libsysbm.a</file>
         <name>hostunlink.c.obj</name>
      </input_file>
      <input_file id="fl-a9">
         <path>D:\CCS1217\ccs\tools\compiler\ti-cgt-armllvm_3.2.2.LTS\lib\armv6m-ti-none-eabi\c\</path>
         <kind>archive</kind>
         <file>libsysbm.a</file>
         <name>hostwrite.c.obj</name>
      </input_file>
      <input_file id="fl-aa">
         <path>D:\CCS1217\ccs\tools\compiler\ti-cgt-armllvm_3.2.2.LTS\lib\armv6m-ti-none-eabi\c\</path>
         <kind>archive</kind>
         <file>libsysbm.a</file>
         <name>trgmsg.c.obj</name>
      </input_file>
      <input_file id="fl-ab">
         <path>D:\CCS1217\ccs\tools\compiler\ti-cgt-armllvm_3.2.2.LTS\lib\clang\15.0.7\lib\armv6m-ti-none-eabi\</path>
         <kind>archive</kind>
         <file>libclang_rt.builtins.a</file>
         <name>addsf3.S.obj</name>
      </input_file>
      <input_file id="fl-ac">
         <path>D:\CCS1217\ccs\tools\compiler\ti-cgt-armllvm_3.2.2.LTS\lib\clang\15.0.7\lib\armv6m-ti-none-eabi\</path>
         <kind>archive</kind>
         <file>libclang_rt.builtins.a</file>
         <name>adddf3.S.obj</name>
      </input_file>
      <input_file id="fl-ad">
         <path>D:\CCS1217\ccs\tools\compiler\ti-cgt-armllvm_3.2.2.LTS\lib\clang\15.0.7\lib\armv6m-ti-none-eabi\</path>
         <kind>archive</kind>
         <file>libclang_rt.builtins.a</file>
         <name>muldf3.S.obj</name>
      </input_file>
      <input_file id="fl-ae">
         <path>D:\CCS1217\ccs\tools\compiler\ti-cgt-armllvm_3.2.2.LTS\lib\clang\15.0.7\lib\armv6m-ti-none-eabi\</path>
         <kind>archive</kind>
         <file>libclang_rt.builtins.a</file>
         <name>muldsi3.S.obj</name>
      </input_file>
      <input_file id="fl-af">
         <path>D:\CCS1217\ccs\tools\compiler\ti-cgt-armllvm_3.2.2.LTS\lib\clang\15.0.7\lib\armv6m-ti-none-eabi\</path>
         <kind>archive</kind>
         <file>libclang_rt.builtins.a</file>
         <name>divsf3.S.obj</name>
      </input_file>
      <input_file id="fl-b0">
         <path>D:\CCS1217\ccs\tools\compiler\ti-cgt-armllvm_3.2.2.LTS\lib\clang\15.0.7\lib\armv6m-ti-none-eabi\</path>
         <kind>archive</kind>
         <file>libclang_rt.builtins.a</file>
         <name>divdf3.S.obj</name>
      </input_file>
      <input_file id="fl-b1">
         <path>D:\CCS1217\ccs\tools\compiler\ti-cgt-armllvm_3.2.2.LTS\lib\clang\15.0.7\lib\armv6m-ti-none-eabi\</path>
         <kind>archive</kind>
         <file>libclang_rt.builtins.a</file>
         <name>extendsfdf2.S.obj</name>
      </input_file>
      <input_file id="fl-b2">
         <path>D:\CCS1217\ccs\tools\compiler\ti-cgt-armllvm_3.2.2.LTS\lib\clang\15.0.7\lib\armv6m-ti-none-eabi\</path>
         <kind>archive</kind>
         <file>libclang_rt.builtins.a</file>
         <name>fixdfsi.S.obj</name>
      </input_file>
      <input_file id="fl-b3">
         <path>D:\CCS1217\ccs\tools\compiler\ti-cgt-armllvm_3.2.2.LTS\lib\clang\15.0.7\lib\armv6m-ti-none-eabi\</path>
         <kind>archive</kind>
         <file>libclang_rt.builtins.a</file>
         <name>fixsfsi.S.obj</name>
      </input_file>
      <input_file id="fl-b4">
         <path>D:\CCS1217\ccs\tools\compiler\ti-cgt-armllvm_3.2.2.LTS\lib\clang\15.0.7\lib\armv6m-ti-none-eabi\</path>
         <kind>archive</kind>
         <file>libclang_rt.builtins.a</file>
         <name>fixunsdfsi.S.obj</name>
      </input_file>
      <input_file id="fl-b5">
         <path>D:\CCS1217\ccs\tools\compiler\ti-cgt-armllvm_3.2.2.LTS\lib\clang\15.0.7\lib\armv6m-ti-none-eabi\</path>
         <kind>archive</kind>
         <file>libclang_rt.builtins.a</file>
         <name>floatsidf.S.obj</name>
      </input_file>
      <input_file id="fl-b6">
         <path>D:\CCS1217\ccs\tools\compiler\ti-cgt-armllvm_3.2.2.LTS\lib\clang\15.0.7\lib\armv6m-ti-none-eabi\</path>
         <kind>archive</kind>
         <file>libclang_rt.builtins.a</file>
         <name>floatsisf.S.obj</name>
      </input_file>
      <input_file id="fl-b7">
         <path>D:\CCS1217\ccs\tools\compiler\ti-cgt-armllvm_3.2.2.LTS\lib\clang\15.0.7\lib\armv6m-ti-none-eabi\</path>
         <kind>archive</kind>
         <file>libclang_rt.builtins.a</file>
         <name>muldi3.S.obj</name>
      </input_file>
      <input_file id="fl-b8">
         <path>D:\CCS1217\ccs\tools\compiler\ti-cgt-armllvm_3.2.2.LTS\lib\clang\15.0.7\lib\armv6m-ti-none-eabi\</path>
         <kind>archive</kind>
         <file>libclang_rt.builtins.a</file>
         <name>truncdfsf2.S.obj</name>
      </input_file>
      <input_file id="fl-b9">
         <path>D:\CCS1217\ccs\tools\compiler\ti-cgt-armllvm_3.2.2.LTS\lib\clang\15.0.7\lib\armv6m-ti-none-eabi\</path>
         <kind>archive</kind>
         <file>libclang_rt.builtins.a</file>
         <name>aeabi_dcmp.S.obj</name>
      </input_file>
      <input_file id="fl-ba">
         <path>D:\CCS1217\ccs\tools\compiler\ti-cgt-armllvm_3.2.2.LTS\lib\clang\15.0.7\lib\armv6m-ti-none-eabi\</path>
         <kind>archive</kind>
         <file>libclang_rt.builtins.a</file>
         <name>aeabi_fcmp.S.obj</name>
      </input_file>
      <input_file id="fl-bb">
         <path>D:\CCS1217\ccs\tools\compiler\ti-cgt-armllvm_3.2.2.LTS\lib\clang\15.0.7\lib\armv6m-ti-none-eabi\</path>
         <kind>archive</kind>
         <file>libclang_rt.builtins.a</file>
         <name>aeabi_idivmod.S.obj</name>
      </input_file>
      <input_file id="fl-bc">
         <path>D:\CCS1217\ccs\tools\compiler\ti-cgt-armllvm_3.2.2.LTS\lib\clang\15.0.7\lib\armv6m-ti-none-eabi\</path>
         <kind>archive</kind>
         <file>libclang_rt.builtins.a</file>
         <name>aeabi_memcpy.S.obj</name>
      </input_file>
      <input_file id="fl-bd">
         <path>D:\CCS1217\ccs\tools\compiler\ti-cgt-armllvm_3.2.2.LTS\lib\clang\15.0.7\lib\armv6m-ti-none-eabi\</path>
         <kind>archive</kind>
         <file>libclang_rt.builtins.a</file>
         <name>aeabi_memset.S.obj</name>
      </input_file>
      <input_file id="fl-be">
         <path>D:\CCS1217\ccs\tools\compiler\ti-cgt-armllvm_3.2.2.LTS\lib\clang\15.0.7\lib\armv6m-ti-none-eabi\</path>
         <kind>archive</kind>
         <file>libclang_rt.builtins.a</file>
         <name>aeabi_uidivmod.S.obj</name>
      </input_file>
      <input_file id="fl-bf">
         <path>D:\CCS1217\ccs\tools\compiler\ti-cgt-armllvm_3.2.2.LTS\lib\clang\15.0.7\lib\armv6m-ti-none-eabi\</path>
         <kind>archive</kind>
         <file>libclang_rt.builtins.a</file>
         <name>aeabi_uldivmod.S.obj</name>
      </input_file>
      <input_file id="fl-c0">
         <path>D:\CCS1217\ccs\tools\compiler\ti-cgt-armllvm_3.2.2.LTS\lib\clang\15.0.7\lib\armv6m-ti-none-eabi\</path>
         <kind>archive</kind>
         <file>libclang_rt.builtins.a</file>
         <name>comparesf2.S.obj</name>
      </input_file>
      <input_file id="fl-c1">
         <path>D:\CCS1217\ccs\tools\compiler\ti-cgt-armllvm_3.2.2.LTS\lib\clang\15.0.7\lib\armv6m-ti-none-eabi\</path>
         <kind>archive</kind>
         <file>libclang_rt.builtins.a</file>
         <name>udivmoddi4.S.obj</name>
      </input_file>
      <input_file id="fl-c2">
         <path>D:\CCS1217\ccs\tools\compiler\ti-cgt-armllvm_3.2.2.LTS\lib\clang\15.0.7\lib\armv6m-ti-none-eabi\</path>
         <kind>archive</kind>
         <file>libclang_rt.builtins.a</file>
         <name>ashldi3.S.obj</name>
      </input_file>
      <input_file id="fl-c3">
         <path>D:\CCS1217\ccs\tools\compiler\ti-cgt-armllvm_3.2.2.LTS\lib\clang\15.0.7\lib\armv6m-ti-none-eabi\</path>
         <kind>archive</kind>
         <file>libclang_rt.builtins.a</file>
         <name>comparedf2.c.obj</name>
      </input_file>
      <input_file id="fl-c4">
         <path>D:\CCS1217\ccs\tools\compiler\ti-cgt-armllvm_3.2.2.LTS\lib\clang\15.0.7\lib\armv6m-ti-none-eabi\</path>
         <kind>archive</kind>
         <file>libclang_rt.builtins.a</file>
         <name>aeabi_div0.c.obj</name>
      </input_file>
      <input_file id="fl-c5">
         <path>D:\CCS1217\ccs\tools\compiler\ti-cgt-armllvm_3.2.2.LTS\lib\armv6m-ti-none-eabi\c\</path>
         <kind>archive</kind>
         <file>libc.a</file>
         <name>memcpy16.S.obj</name>
      </input_file>
      <input_file id="fl-c6">
         <path>D:\CCS1217\ccs\tools\compiler\ti-cgt-armllvm_3.2.2.LTS\lib\armv6m-ti-none-eabi\c\</path>
         <kind>archive</kind>
         <file>libc.a</file>
         <name>memset16.S.obj</name>
      </input_file>
   </input_file_list>
   <object_component_list>
      <object_component id="oc-18">
         <name>.intvecs</name>
         <load_address>0x0</load_address>
         <readonly>true</readonly>
         <run_address>0x0</run_address>
         <size>0xc0</size>
         <alignment>0x4</alignment>
         <input_file_ref idref="fl-3"/>
      </object_component>
      <object_component id="oc-14b">
         <name>.text:__TI_printfi_minimal</name>
         <load_address>0xc0</load_address>
         <readonly>true</readonly>
         <executable>true</executable>
         <run_address>0xc0</run_address>
         <size>0x284</size>
         <alignment>0x4</alignment>
         <input_file_ref idref="fl-23"/>
      </object_component>
      <object_component id="oc-68">
         <name>.text.Buffer_Handle_0</name>
         <load_address>0x344</load_address>
         <readonly>true</readonly>
         <executable>true</executable>
         <run_address>0x344</run_address>
         <size>0x1bc</size>
         <alignment>0x4</alignment>
         <input_file_ref idref="fl-1"/>
      </object_component>
      <object_component id="oc-a1">
         <name>.text.adddf3_subdf3</name>
         <load_address>0x500</load_address>
         <readonly>true</readonly>
         <executable>true</executable>
         <run_address>0x500</run_address>
         <size>0x192</size>
         <alignment>0x4</alignment>
         <input_file_ref idref="fl-ac"/>
      </object_component>
      <object_component id="oc-33">
         <name>.text.Default_Handler</name>
         <load_address>0x692</load_address>
         <readonly>true</readonly>
         <executable>true</executable>
         <run_address>0x692</run_address>
         <size>0x2</size>
         <alignment>0x2</alignment>
         <input_file_ref idref="fl-3"/>
      </object_component>
      <object_component id="oc-136">
         <name>.text.DL_Timer_initCaptureMode</name>
         <load_address>0x694</load_address>
         <readonly>true</readonly>
         <executable>true</executable>
         <run_address>0x694</run_address>
         <size>0x110</size>
         <alignment>0x4</alignment>
         <input_file_ref idref="fl-12"/>
      </object_component>
      <object_component id="oc-34">
         <name>.text.UART3_IRQHandler</name>
         <load_address>0x7a4</load_address>
         <readonly>true</readonly>
         <executable>true</executable>
         <run_address>0x7a4</run_address>
         <size>0xfc</size>
         <alignment>0x4</alignment>
         <input_file_ref idref="fl-1"/>
      </object_component>
      <object_component id="oc-39">
         <name>.text.UART1_IRQHandler</name>
         <load_address>0x8a0</load_address>
         <readonly>true</readonly>
         <executable>true</executable>
         <run_address>0x8a0</run_address>
         <size>0xec</size>
         <alignment>0x4</alignment>
         <input_file_ref idref="fl-1"/>
      </object_component>
      <object_component id="oc-13b">
         <name>.text.DL_Timer_initTimerMode</name>
         <load_address>0x98c</load_address>
         <readonly>true</readonly>
         <executable>true</executable>
         <run_address>0x98c</run_address>
         <size>0xe8</size>
         <alignment>0x4</alignment>
         <input_file_ref idref="fl-12"/>
      </object_component>
      <object_component id="oc-9d">
         <name>.text.__muldf3</name>
         <load_address>0xa74</load_address>
         <readonly>true</readonly>
         <executable>true</executable>
         <run_address>0xa74</run_address>
         <size>0xe4</size>
         <alignment>0x4</alignment>
         <input_file_ref idref="fl-ad"/>
      </object_component>
      <object_component id="oc-b2">
         <name>.text</name>
         <load_address>0xb58</load_address>
         <readonly>true</readonly>
         <executable>true</executable>
         <run_address>0xb58</run_address>
         <size>0xd8</size>
         <alignment>0x4</alignment>
         <input_file_ref idref="fl-ab"/>
      </object_component>
      <object_component id="oc-107">
         <name>.text.SYSCFG_DL_PWM_0_init</name>
         <load_address>0xc30</load_address>
         <readonly>true</readonly>
         <executable>true</executable>
         <run_address>0xc30</run_address>
         <size>0xc8</size>
         <alignment>0x4</alignment>
         <input_file_ref idref="fl-2"/>
      </object_component>
      <object_component id="oc-161">
         <name>.text.DL_Timer_initPWMMode</name>
         <load_address>0xcf8</load_address>
         <readonly>true</readonly>
         <executable>true</executable>
         <run_address>0xcf8</run_address>
         <size>0xc4</size>
         <alignment>0x4</alignment>
         <input_file_ref idref="fl-12"/>
      </object_component>
      <object_component id="oc-15c">
         <name>.text.fputs</name>
         <load_address>0xdbc</load_address>
         <readonly>true</readonly>
         <executable>true</executable>
         <run_address>0xdbc</run_address>
         <size>0xc4</size>
         <alignment>0x4</alignment>
         <input_file_ref idref="fl-1"/>
      </object_component>
      <object_component id="oc-3b">
         <name>.text.TIMG6_IRQHandler</name>
         <load_address>0xe80</load_address>
         <readonly>true</readonly>
         <executable>true</executable>
         <run_address>0xe80</run_address>
         <size>0xa8</size>
         <alignment>0x4</alignment>
         <input_file_ref idref="fl-1"/>
      </object_component>
      <object_component id="oc-8e">
         <name>.text.main</name>
         <load_address>0xf28</load_address>
         <readonly>true</readonly>
         <executable>true</executable>
         <run_address>0xf28</run_address>
         <size>0xa8</size>
         <alignment>0x4</alignment>
         <input_file_ref idref="fl-1"/>
      </object_component>
      <object_component id="oc-c0">
         <name>.text:memcpy</name>
         <load_address>0xfd0</load_address>
         <readonly>true</readonly>
         <executable>true</executable>
         <run_address>0xfd0</run_address>
         <size>0x9a</size>
         <alignment>0x1</alignment>
         <input_file_ref idref="fl-c5"/>
      </object_component>
      <object_component id="oc-194">
         <name>.text.__aeabi_idiv0</name>
         <load_address>0x106a</load_address>
         <readonly>true</readonly>
         <executable>true</executable>
         <run_address>0x106a</run_address>
         <size>0x2</size>
         <alignment>0x2</alignment>
         <input_file_ref idref="fl-c4"/>
      </object_component>
      <object_component id="oc-104">
         <name>.text.SYSCFG_DL_GPIO_init</name>
         <load_address>0x106c</load_address>
         <readonly>true</readonly>
         <executable>true</executable>
         <run_address>0x106c</run_address>
         <size>0x98</size>
         <alignment>0x4</alignment>
         <input_file_ref idref="fl-2"/>
      </object_component>
      <object_component id="oc-103">
         <name>.text.SYSCFG_DL_initPower</name>
         <load_address>0x1104</load_address>
         <readonly>true</readonly>
         <executable>true</executable>
         <run_address>0x1104</run_address>
         <size>0x88</size>
         <alignment>0x4</alignment>
         <input_file_ref idref="fl-2"/>
      </object_component>
      <object_component id="oc-b6">
         <name>.text.__divsf3</name>
         <load_address>0x118c</load_address>
         <readonly>true</readonly>
         <executable>true</executable>
         <run_address>0x118c</run_address>
         <size>0x82</size>
         <alignment>0x4</alignment>
         <input_file_ref idref="fl-af"/>
      </object_component>
      <object_component id="oc-153">
         <name>.text._nop</name>
         <load_address>0x120e</load_address>
         <readonly>true</readonly>
         <executable>true</executable>
         <run_address>0x120e</run_address>
         <size>0x2</size>
         <alignment>0x2</alignment>
         <input_file_ref idref="fl-27"/>
      </object_component>
      <object_component id="oc-130">
         <name>.text.DL_TimerA_initPWMMode</name>
         <load_address>0x1210</load_address>
         <readonly>true</readonly>
         <executable>true</executable>
         <run_address>0x1210</run_address>
         <size>0x80</size>
         <alignment>0x4</alignment>
         <input_file_ref idref="fl-12"/>
      </object_component>
      <object_component id="oc-1c">
         <name>.text:decompress:lzss</name>
         <load_address>0x1290</load_address>
         <readonly>true</readonly>
         <executable>true</executable>
         <run_address>0x1290</run_address>
         <size>0x78</size>
         <alignment>0x4</alignment>
         <input_file_ref idref="fl-35"/>
      </object_component>
      <object_component id="oc-10c">
         <name>.text.SYSCFG_DL_UART_0_init</name>
         <load_address>0x1308</load_address>
         <readonly>true</readonly>
         <executable>true</executable>
         <run_address>0x1308</run_address>
         <size>0x70</size>
         <alignment>0x4</alignment>
         <input_file_ref idref="fl-2"/>
      </object_component>
      <object_component id="oc-10d">
         <name>.text.SYSCFG_DL_UART_1_init</name>
         <load_address>0x1378</load_address>
         <readonly>true</readonly>
         <executable>true</executable>
         <run_address>0x1378</run_address>
         <size>0x70</size>
         <alignment>0x4</alignment>
         <input_file_ref idref="fl-2"/>
      </object_component>
      <object_component id="oc-10e">
         <name>.text.SYSCFG_DL_UART_2_init</name>
         <load_address>0x13e8</load_address>
         <readonly>true</readonly>
         <executable>true</executable>
         <run_address>0x13e8</run_address>
         <size>0x70</size>
         <alignment>0x4</alignment>
         <input_file_ref idref="fl-2"/>
      </object_component>
      <object_component id="oc-c5">
         <name>.text.SYSCFG_DL_init</name>
         <load_address>0x1458</load_address>
         <readonly>true</readonly>
         <executable>true</executable>
         <run_address>0x1458</run_address>
         <size>0x68</size>
         <alignment>0x4</alignment>
         <input_file_ref idref="fl-2"/>
      </object_component>
      <object_component id="oc-6f">
         <name>.text.Speed_Low_Filter</name>
         <load_address>0x14c0</load_address>
         <readonly>true</readonly>
         <executable>true</executable>
         <run_address>0x14c0</run_address>
         <size>0x64</size>
         <alignment>0x4</alignment>
         <input_file_ref idref="fl-1"/>
      </object_component>
      <object_component id="oc-102">
         <name>.text:memset</name>
         <load_address>0x1524</load_address>
         <readonly>true</readonly>
         <executable>true</executable>
         <run_address>0x1524</run_address>
         <size>0x62</size>
         <alignment>0x1</alignment>
         <input_file_ref idref="fl-c6"/>
      </object_component>
      <object_component id="oc-108">
         <name>.text.SYSCFG_DL_QEI_0_init</name>
         <load_address>0x1588</load_address>
         <readonly>true</readonly>
         <executable>true</executable>
         <run_address>0x1588</run_address>
         <size>0x5c</size>
         <alignment>0x4</alignment>
         <input_file_ref idref="fl-2"/>
      </object_component>
      <object_component id="oc-ca">
         <name>.text.printf</name>
         <load_address>0x15e4</load_address>
         <readonly>true</readonly>
         <executable>true</executable>
         <run_address>0x15e4</run_address>
         <size>0x5c</size>
         <alignment>0x4</alignment>
         <input_file_ref idref="fl-22"/>
      </object_component>
      <object_component id="oc-144">
         <name>.text.DL_UART_init</name>
         <load_address>0x1640</load_address>
         <readonly>true</readonly>
         <executable>true</executable>
         <run_address>0x1640</run_address>
         <size>0x48</size>
         <alignment>0x4</alignment>
         <input_file_ref idref="fl-13"/>
      </object_component>
      <object_component id="oc-a5">
         <name>.text.__fixunsdfsi</name>
         <load_address>0x1688</load_address>
         <readonly>true</readonly>
         <executable>true</executable>
         <run_address>0x1688</run_address>
         <size>0x42</size>
         <alignment>0x4</alignment>
         <input_file_ref idref="fl-b4"/>
      </object_component>
      <object_component id="oc-105">
         <name>.text.SYSCFG_DL_SYSCTL_init</name>
         <load_address>0x16cc</load_address>
         <readonly>true</readonly>
         <executable>true</executable>
         <run_address>0x16cc</run_address>
         <size>0x40</size>
         <alignment>0x4</alignment>
         <input_file_ref idref="fl-2"/>
      </object_component>
      <object_component id="oc-3c">
         <name>.text.TIMA1_IRQHandler</name>
         <load_address>0x170c</load_address>
         <readonly>true</readonly>
         <executable>true</executable>
         <run_address>0x170c</run_address>
         <size>0x40</size>
         <alignment>0x4</alignment>
         <input_file_ref idref="fl-1"/>
      </object_component>
      <object_component id="oc-3d">
         <name>.text.TIMG7_IRQHandler</name>
         <load_address>0x174c</load_address>
         <readonly>true</readonly>
         <executable>true</executable>
         <run_address>0x174c</run_address>
         <size>0x40</size>
         <alignment>0x4</alignment>
         <input_file_ref idref="fl-1"/>
      </object_component>
      <object_component id="oc-3a">
         <name>.text.UART0_IRQHandler</name>
         <load_address>0x178c</load_address>
         <readonly>true</readonly>
         <executable>true</executable>
         <run_address>0x178c</run_address>
         <size>0x40</size>
         <alignment>0x4</alignment>
         <input_file_ref idref="fl-1"/>
      </object_component>
      <object_component id="oc-16c">
         <name>.text.__aeabi_uidivmod</name>
         <load_address>0x17cc</load_address>
         <readonly>true</readonly>
         <executable>true</executable>
         <run_address>0x17cc</run_address>
         <size>0x40</size>
         <alignment>0x4</alignment>
         <input_file_ref idref="fl-be"/>
      </object_component>
      <object_component id="oc-99">
         <name>.text.__extendsfdf2</name>
         <load_address>0x180c</load_address>
         <readonly>true</readonly>
         <executable>true</executable>
         <run_address>0x180c</run_address>
         <size>0x40</size>
         <alignment>0x4</alignment>
         <input_file_ref idref="fl-b1"/>
      </object_component>
      <object_component id="oc-109">
         <name>.text.SYSCFG_DL_CAPTURE_0_init</name>
         <load_address>0x184c</load_address>
         <readonly>true</readonly>
         <executable>true</executable>
         <run_address>0x184c</run_address>
         <size>0x3c</size>
         <alignment>0x4</alignment>
         <input_file_ref idref="fl-2"/>
      </object_component>
      <object_component id="oc-10a">
         <name>.text.SYSCFG_DL_CAPTURE_1_init</name>
         <load_address>0x1888</load_address>
         <readonly>true</readonly>
         <executable>true</executable>
         <run_address>0x1888</run_address>
         <size>0x3c</size>
         <alignment>0x4</alignment>
         <input_file_ref idref="fl-2"/>
      </object_component>
      <object_component id="oc-6b">
         <name>.text.__floatsisf</name>
         <load_address>0x18c4</load_address>
         <readonly>true</readonly>
         <executable>true</executable>
         <run_address>0x18c4</run_address>
         <size>0x3c</size>
         <alignment>0x4</alignment>
         <input_file_ref idref="fl-b6"/>
      </object_component>
      <object_component id="oc-de">
         <name>.text:__TI_auto_init_nobinit_nopinit</name>
         <load_address>0x1900</load_address>
         <readonly>true</readonly>
         <executable>true</executable>
         <run_address>0x1900</run_address>
         <size>0x3c</size>
         <alignment>0x4</alignment>
         <input_file_ref idref="fl-30"/>
      </object_component>
      <object_component id="oc-f1">
         <name>.text.__muldsi3</name>
         <load_address>0x193c</load_address>
         <readonly>true</readonly>
         <executable>true</executable>
         <run_address>0x193c</run_address>
         <size>0x3a</size>
         <alignment>0x4</alignment>
         <input_file_ref idref="fl-ae"/>
      </object_component>
      <object_component id="oc-10b">
         <name>.text.SYSCFG_DL_TIMER_0_init</name>
         <load_address>0x1978</load_address>
         <readonly>true</readonly>
         <executable>true</executable>
         <run_address>0x1978</run_address>
         <size>0x38</size>
         <alignment>0x4</alignment>
         <input_file_ref idref="fl-2"/>
      </object_component>
      <object_component id="oc-70">
         <name>.text.__fixsfsi</name>
         <load_address>0x19b0</load_address>
         <readonly>true</readonly>
         <executable>true</executable>
         <run_address>0x19b0</run_address>
         <size>0x38</size>
         <alignment>0x4</alignment>
         <input_file_ref idref="fl-b3"/>
      </object_component>
      <object_component id="oc-59">
         <name>.text:_c_int00_noargs</name>
         <load_address>0x19e8</load_address>
         <readonly>true</readonly>
         <executable>true</executable>
         <run_address>0x19e8</run_address>
         <size>0x28</size>
         <alignment>0x4</alignment>
         <input_file_ref idref="fl-2e"/>
      </object_component>
      <object_component id="oc-167">
         <name>.text.memccpy</name>
         <load_address>0x1a10</load_address>
         <readonly>true</readonly>
         <executable>true</executable>
         <run_address>0x1a10</run_address>
         <size>0x22</size>
         <alignment>0x2</alignment>
         <input_file_ref idref="fl-2c"/>
      </object_component>
      <object_component id="oc-190">
         <name>.text.DL_UART_transmitDataBlocking</name>
         <load_address>0x1a34</load_address>
         <readonly>true</readonly>
         <executable>true</executable>
         <run_address>0x1a34</run_address>
         <size>0x20</size>
         <alignment>0x4</alignment>
         <input_file_ref idref="fl-13"/>
      </object_component>
      <object_component id="oc-132">
         <name>.text.DL_Timer_setCaptCompUpdateMethod</name>
         <load_address>0x1a54</load_address>
         <readonly>true</readonly>
         <executable>true</executable>
         <run_address>0x1a54</run_address>
         <size>0x1c</size>
         <alignment>0x4</alignment>
         <input_file_ref idref="fl-12"/>
      </object_component>
      <object_component id="oc-12f">
         <name>.text.DL_Timer_setClockConfig</name>
         <load_address>0x1a70</load_address>
         <readonly>true</readonly>
         <executable>true</executable>
         <run_address>0x1a70</run_address>
         <size>0x1c</size>
         <alignment>0x4</alignment>
         <input_file_ref idref="fl-12"/>
      </object_component>
      <object_component id="oc-131">
         <name>.text.DL_Timer_setCaptureCompareOutCtl</name>
         <load_address>0x1a8c</load_address>
         <readonly>true</readonly>
         <executable>true</executable>
         <run_address>0x1a8c</run_address>
         <size>0x18</size>
         <alignment>0x4</alignment>
         <input_file_ref idref="fl-12"/>
      </object_component>
      <object_component id="oc-15d">
         <name>.text.fputc</name>
         <load_address>0x1aa4</load_address>
         <readonly>true</readonly>
         <executable>true</executable>
         <run_address>0x1aa4</run_address>
         <size>0x14</size>
         <alignment>0x4</alignment>
         <input_file_ref idref="fl-1"/>
      </object_component>
      <object_component id="oc-13e">
         <name>.text.DL_UART_setClockConfig</name>
         <load_address>0x1ab8</load_address>
         <readonly>true</readonly>
         <executable>true</executable>
         <run_address>0x1ab8</run_address>
         <size>0x12</size>
         <alignment>0x2</alignment>
         <input_file_ref idref="fl-13"/>
      </object_component>
      <object_component id="oc-20">
         <name>.text:decompress:none</name>
         <load_address>0x1aca</load_address>
         <readonly>true</readonly>
         <executable>true</executable>
         <run_address>0x1aca</run_address>
         <size>0x12</size>
         <alignment>0x2</alignment>
         <input_file_ref idref="fl-34"/>
      </object_component>
      <object_component id="oc-a9">
         <name>.text.DL_Timer_setCaptureCompareValue</name>
         <load_address>0x1adc</load_address>
         <readonly>true</readonly>
         <executable>true</executable>
         <run_address>0x1adc</run_address>
         <size>0x10</size>
         <alignment>0x4</alignment>
         <input_file_ref idref="fl-12"/>
      </object_component>
      <object_component id="oc-56">
         <name>.text:decompress:ZI</name>
         <load_address>0x1aec</load_address>
         <readonly>true</readonly>
         <executable>true</executable>
         <run_address>0x1aec</run_address>
         <size>0x10</size>
         <alignment>0x2</alignment>
         <input_file_ref idref="fl-33"/>
      </object_component>
      <object_component id="oc-166">
         <name>.text.__aeabi_memset</name>
         <load_address>0x1afc</load_address>
         <readonly>true</readonly>
         <executable>true</executable>
         <run_address>0x1afc</run_address>
         <size>0xe</size>
         <alignment>0x4</alignment>
         <input_file_ref idref="fl-bd"/>
      </object_component>
      <object_component id="oc-165">
         <name>.text.strlen</name>
         <load_address>0x1b0a</load_address>
         <readonly>true</readonly>
         <executable>true</executable>
         <run_address>0x1b0a</run_address>
         <size>0xe</size>
         <alignment>0x2</alignment>
         <input_file_ref idref="fl-23"/>
      </object_component>
      <object_component id="oc-85">
         <name>.text.__aeabi_memclr</name>
         <load_address>0x1b18</load_address>
         <readonly>true</readonly>
         <executable>true</executable>
         <run_address>0x1b18</run_address>
         <size>0xc</size>
         <alignment>0x4</alignment>
         <input_file_ref idref="fl-bd"/>
      </object_component>
      <object_component id="oc-d0">
         <name>.text.DL_Common_delayCycles</name>
         <load_address>0x1b24</load_address>
         <readonly>true</readonly>
         <executable>true</executable>
         <run_address>0x1b24</run_address>
         <size>0xa</size>
         <alignment>0x2</alignment>
         <input_file_ref idref="fl-11"/>
      </object_component>
      <object_component id="oc-49">
         <name>.text.__aeabi_memcpy</name>
         <load_address>0x1b30</load_address>
         <readonly>true</readonly>
         <executable>true</executable>
         <run_address>0x1b30</run_address>
         <size>0x8</size>
         <alignment>0x4</alignment>
         <input_file_ref idref="fl-bc"/>
      </object_component>
      <object_component id="oc-11d">
         <name>.text._outc</name>
         <load_address>0x1b38</load_address>
         <readonly>true</readonly>
         <executable>true</executable>
         <run_address>0x1b38</run_address>
         <size>0x8</size>
         <alignment>0x2</alignment>
         <input_file_ref idref="fl-22"/>
      </object_component>
      <object_component id="oc-11c">
         <name>.text._outs</name>
         <load_address>0x1b40</load_address>
         <readonly>true</readonly>
         <executable>true</executable>
         <run_address>0x1b40</run_address>
         <size>0x8</size>
         <alignment>0x2</alignment>
         <input_file_ref idref="fl-22"/>
      </object_component>
      <object_component id="oc-2f">
         <name>.text.Reset_Handler</name>
         <load_address>0x1b48</load_address>
         <readonly>true</readonly>
         <executable>true</executable>
         <run_address>0x1b48</run_address>
         <size>0x4</size>
         <alignment>0x2</alignment>
         <input_file_ref idref="fl-3"/>
      </object_component>
      <object_component id="oc-8a">
         <name>.text._system_pre_init</name>
         <load_address>0x1b4c</load_address>
         <readonly>true</readonly>
         <executable>true</executable>
         <run_address>0x1b4c</run_address>
         <size>0x4</size>
         <alignment>0x2</alignment>
         <input_file_ref idref="fl-31"/>
      </object_component>
      <object_component id="oc-d7">
         <name>.text:abort</name>
         <load_address>0x1b50</load_address>
         <readonly>true</readonly>
         <executable>true</executable>
         <run_address>0x1b50</run_address>
         <size>0x4</size>
         <alignment>0x2</alignment>
         <input_file_ref idref="fl-3a"/>
      </object_component>
      <object_component id="oc-232">
         <name>.cinit..data.load</name>
         <load_address>0x1c08</load_address>
         <readonly>true</readonly>
         <run_address>0x1c08</run_address>
         <size>0x2f</size>
         <alignment>0x1</alignment>
      </object_component>
      <object_component id="oc-230">
         <name>__TI_handler_table</name>
         <load_address>0x1c38</load_address>
         <readonly>true</readonly>
         <run_address>0x1c38</run_address>
         <size>0xc</size>
         <alignment>0x4</alignment>
      </object_component>
      <object_component id="oc-233">
         <name>.cinit..bss.load</name>
         <load_address>0x1c44</load_address>
         <readonly>true</readonly>
         <run_address>0x1c44</run_address>
         <size>0x8</size>
         <alignment>0x4</alignment>
      </object_component>
      <object_component id="oc-231">
         <name>__TI_cinit_table</name>
         <load_address>0x1c4c</load_address>
         <readonly>true</readonly>
         <run_address>0x1c4c</run_address>
         <size>0x10</size>
         <alignment>0x4</alignment>
      </object_component>
      <object_component id="oc-13d">
         <name>.rodata.gTIMER_0TimerConfig</name>
         <load_address>0x1b58</load_address>
         <readonly>true</readonly>
         <run_address>0x1b58</run_address>
         <size>0x14</size>
         <alignment>0x4</alignment>
         <input_file_ref idref="fl-2"/>
      </object_component>
      <object_component id="oc-16b">
         <name>.rodata.str1.44690500295887128011</name>
         <load_address>0x1b6c</load_address>
         <readonly>true</readonly>
         <run_address>0x1b6c</run_address>
         <size>0x11</size>
         <alignment>0x1</alignment>
         <input_file_ref idref="fl-23"/>
      </object_component>
      <object_component id="oc-137">
         <name>.rodata.gCAPTURE_0ClockConfig</name>
         <load_address>0x1b7d</load_address>
         <readonly>true</readonly>
         <run_address>0x1b7d</run_address>
         <size>0x3</size>
         <alignment>0x1</alignment>
         <input_file_ref idref="fl-2"/>
      </object_component>
      <object_component id="oc-138">
         <name>.rodata.gCAPTURE_0CaptureConfig</name>
         <load_address>0x1b80</load_address>
         <readonly>true</readonly>
         <run_address>0x1b80</run_address>
         <size>0x10</size>
         <alignment>0x4</alignment>
         <input_file_ref idref="fl-2"/>
      </object_component>
      <object_component id="oc-13a">
         <name>.rodata.gCAPTURE_1CaptureConfig</name>
         <load_address>0x1b90</load_address>
         <readonly>true</readonly>
         <run_address>0x1b90</run_address>
         <size>0x10</size>
         <alignment>0x4</alignment>
         <input_file_ref idref="fl-2"/>
      </object_component>
      <object_component id="oc-162">
         <name>.rodata..Lswitch.table.DL_Timer_initCompareMode</name>
         <load_address>0x1ba0</load_address>
         <readonly>true</readonly>
         <run_address>0x1ba0</run_address>
         <size>0xc</size>
         <alignment>0x4</alignment>
         <input_file_ref idref="fl-12"/>
      </object_component>
      <object_component id="oc-d6">
         <name>.rodata.str1.161173632875555205051</name>
         <load_address>0x1bac</load_address>
         <readonly>true</readonly>
         <run_address>0x1bac</run_address>
         <size>0xb</size>
         <alignment>0x1</alignment>
         <input_file_ref idref="fl-1"/>
      </object_component>
      <object_component id="oc-146">
         <name>.rodata.gUART_0Config</name>
         <load_address>0x1bb8</load_address>
         <readonly>true</readonly>
         <run_address>0x1bb8</run_address>
         <size>0xa</size>
         <alignment>0x2</alignment>
         <input_file_ref idref="fl-2"/>
      </object_component>
      <object_component id="oc-148">
         <name>.rodata.gUART_1Config</name>
         <load_address>0x1bc2</load_address>
         <readonly>true</readonly>
         <run_address>0x1bc2</run_address>
         <size>0xa</size>
         <alignment>0x2</alignment>
         <input_file_ref idref="fl-2"/>
      </object_component>
      <object_component id="oc-14a">
         <name>.rodata.gUART_2Config</name>
         <load_address>0x1bcc</load_address>
         <readonly>true</readonly>
         <run_address>0x1bcc</run_address>
         <size>0xa</size>
         <alignment>0x2</alignment>
         <input_file_ref idref="fl-2"/>
      </object_component>
      <object_component id="oc-d5">
         <name>.rodata.str1.7130503275715014631</name>
         <load_address>0x1bd6</load_address>
         <readonly>true</readonly>
         <run_address>0x1bd6</run_address>
         <size>0x9</size>
         <alignment>0x1</alignment>
         <input_file_ref idref="fl-1"/>
      </object_component>
      <object_component id="oc-d4">
         <name>.rodata.str1.92454112862644078121</name>
         <load_address>0x1bdf</load_address>
         <readonly>true</readonly>
         <run_address>0x1bdf</run_address>
         <size>0x9</size>
         <alignment>0x1</alignment>
         <input_file_ref idref="fl-1"/>
      </object_component>
      <object_component id="oc-134">
         <name>.rodata.gPWM_0Config</name>
         <load_address>0x1be8</load_address>
         <readonly>true</readonly>
         <run_address>0x1be8</run_address>
         <size>0x8</size>
         <alignment>0x4</alignment>
         <input_file_ref idref="fl-2"/>
      </object_component>
      <object_component id="oc-139">
         <name>.rodata.gCAPTURE_1ClockConfig</name>
         <load_address>0x1bf0</load_address>
         <readonly>true</readonly>
         <run_address>0x1bf0</run_address>
         <size>0x3</size>
         <alignment>0x1</alignment>
         <input_file_ref idref="fl-2"/>
      </object_component>
      <object_component id="oc-133">
         <name>.rodata.gPWM_0ClockConfig</name>
         <load_address>0x1bf3</load_address>
         <readonly>true</readonly>
         <run_address>0x1bf3</run_address>
         <size>0x3</size>
         <alignment>0x1</alignment>
         <input_file_ref idref="fl-2"/>
      </object_component>
      <object_component id="oc-135">
         <name>.rodata.gQEI_0ClockConfig</name>
         <load_address>0x1bf6</load_address>
         <readonly>true</readonly>
         <run_address>0x1bf6</run_address>
         <size>0x3</size>
         <alignment>0x1</alignment>
         <input_file_ref idref="fl-2"/>
      </object_component>
      <object_component id="oc-13c">
         <name>.rodata.gTIMER_0ClockConfig</name>
         <load_address>0x1bf9</load_address>
         <readonly>true</readonly>
         <run_address>0x1bf9</run_address>
         <size>0x3</size>
         <alignment>0x1</alignment>
         <input_file_ref idref="fl-2"/>
      </object_component>
      <object_component id="oc-145">
         <name>.rodata.gUART_0ClockConfig</name>
         <load_address>0x1bfc</load_address>
         <readonly>true</readonly>
         <run_address>0x1bfc</run_address>
         <size>0x2</size>
         <alignment>0x1</alignment>
         <input_file_ref idref="fl-2"/>
      </object_component>
      <object_component id="oc-147">
         <name>.rodata.gUART_1ClockConfig</name>
         <load_address>0x1bfe</load_address>
         <readonly>true</readonly>
         <run_address>0x1bfe</run_address>
         <size>0x2</size>
         <alignment>0x1</alignment>
         <input_file_ref idref="fl-2"/>
      </object_component>
      <object_component id="oc-149">
         <name>.rodata.gUART_2ClockConfig</name>
         <load_address>0x1c00</load_address>
         <readonly>true</readonly>
         <run_address>0x1c00</run_address>
         <size>0x2</size>
         <alignment>0x1</alignment>
         <input_file_ref idref="fl-2"/>
      </object_component>
      <object_component id="oc-1f8">
         <name>.binit</name>
         <load_address>0x0</load_address>
         <readonly>true</readonly>
         <run_address>0x0</run_address>
         <size>0x0</size>
         <alignment>0x4</alignment>
      </object_component>
      <object_component id="oc-69">
         <name>.data.UART_Count_0</name>
         <load_address>0x20200608</load_address>
         <readwrite>true</readwrite>
         <run_address>0x20200608</run_address>
         <size>0x1</size>
         <alignment>0x1</alignment>
         <input_file_ref idref="fl-1"/>
      </object_component>
      <object_component id="oc-62">
         <name>.data.UART_Count_1</name>
         <load_address>0x20200609</load_address>
         <readwrite>true</readwrite>
         <run_address>0x20200609</run_address>
         <size>0x1</size>
         <alignment>0x1</alignment>
         <input_file_ref idref="fl-1"/>
      </object_component>
      <object_component id="oc-60">
         <name>.data.UART_Count_2</name>
         <load_address>0x2020060a</load_address>
         <readwrite>true</readwrite>
         <run_address>0x2020060a</run_address>
         <size>0x1</size>
         <alignment>0x1</alignment>
         <input_file_ref idref="fl-1"/>
      </object_component>
      <object_component id="oc-64">
         <name>.data.mission_flag</name>
         <load_address>0x2020060d</load_address>
         <readwrite>true</readwrite>
         <run_address>0x2020060d</run_address>
         <size>0x1</size>
         <alignment>0x1</alignment>
         <input_file_ref idref="fl-1"/>
      </object_component>
      <object_component id="oc-af">
         <name>.data.velocity_left</name>
         <load_address>0x202005f0</load_address>
         <readwrite>true</readwrite>
         <run_address>0x202005f0</run_address>
         <size>0x4</size>
         <alignment>0x4</alignment>
         <input_file_ref idref="fl-1"/>
      </object_component>
      <object_component id="oc-b0">
         <name>.data.velocity_right</name>
         <load_address>0x202005fc</load_address>
         <readwrite>true</readwrite>
         <run_address>0x202005fc</run_address>
         <size>0x4</size>
         <alignment>0x4</alignment>
         <input_file_ref idref="fl-1"/>
      </object_component>
      <object_component id="oc-77">
         <name>.data.velocity_left_read</name>
         <load_address>0x202005f8</load_address>
         <readwrite>true</readwrite>
         <run_address>0x202005f8</run_address>
         <size>0x4</size>
         <alignment>0x4</alignment>
         <input_file_ref idref="fl-1"/>
      </object_component>
      <object_component id="oc-7a">
         <name>.data.velocity_right_read</name>
         <load_address>0x20200604</load_address>
         <readwrite>true</readwrite>
         <run_address>0x20200604</run_address>
         <size>0x4</size>
         <alignment>0x4</alignment>
         <input_file_ref idref="fl-1"/>
      </object_component>
      <object_component id="oc-7c">
         <name>.data.velocity_left_filtered</name>
         <load_address>0x202005f4</load_address>
         <readwrite>true</readwrite>
         <run_address>0x202005f4</run_address>
         <size>0x4</size>
         <alignment>0x4</alignment>
         <input_file_ref idref="fl-1"/>
      </object_component>
      <object_component id="oc-7e">
         <name>.data.velocity_right_filtered</name>
         <load_address>0x20200600</load_address>
         <readwrite>true</readwrite>
         <run_address>0x20200600</run_address>
         <size>0x4</size>
         <alignment>0x4</alignment>
         <input_file_ref idref="fl-1"/>
      </object_component>
      <object_component id="oc-75">
         <name>.data.cnt1</name>
         <load_address>0x202005e0</load_address>
         <readwrite>true</readwrite>
         <run_address>0x202005e0</run_address>
         <size>0x4</size>
         <alignment>0x4</alignment>
         <input_file_ref idref="fl-1"/>
      </object_component>
      <object_component id="oc-78">
         <name>.data.cnt2</name>
         <load_address>0x202005e8</load_address>
         <readwrite>true</readwrite>
         <run_address>0x202005e8</run_address>
         <size>0x4</size>
         <alignment>0x4</alignment>
         <input_file_ref idref="fl-1"/>
      </object_component>
      <object_component id="oc-76">
         <name>.data.cnt1_last</name>
         <load_address>0x202005e4</load_address>
         <readwrite>true</readwrite>
         <run_address>0x202005e4</run_address>
         <size>0x4</size>
         <alignment>0x4</alignment>
         <input_file_ref idref="fl-1"/>
      </object_component>
      <object_component id="oc-79">
         <name>.data.cnt2_last</name>
         <load_address>0x202005ec</load_address>
         <readwrite>true</readwrite>
         <run_address>0x202005ec</run_address>
         <size>0x4</size>
         <alignment>0x4</alignment>
         <input_file_ref idref="fl-1"/>
      </object_component>
      <object_component id="oc-80">
         <name>.data.dir1</name>
         <load_address>0x2020060b</load_address>
         <readwrite>true</readwrite>
         <run_address>0x2020060b</run_address>
         <size>0x1</size>
         <alignment>0x1</alignment>
         <input_file_ref idref="fl-1"/>
      </object_component>
      <object_component id="oc-7f">
         <name>.data.dir2</name>
         <load_address>0x2020060c</load_address>
         <readwrite>true</readwrite>
         <run_address>0x2020060c</run_address>
         <size>0x1</size>
         <alignment>0x1</alignment>
         <input_file_ref idref="fl-1"/>
      </object_component>
      <object_component id="oc-7b">
         <name>.data.speed_Record_Left</name>
         <load_address>0x20200588</load_address>
         <readwrite>true</readwrite>
         <run_address>0x20200588</run_address>
         <size>0x28</size>
         <alignment>0x4</alignment>
         <input_file_ref idref="fl-1"/>
      </object_component>
      <object_component id="oc-7d">
         <name>.data.speed_Record_Right</name>
         <load_address>0x202005b0</load_address>
         <readwrite>true</readwrite>
         <run_address>0x202005b0</run_address>
         <size>0x28</size>
         <alignment>0x4</alignment>
         <input_file_ref idref="fl-1"/>
      </object_component>
      <object_component id="oc-118">
         <name>.data._lock</name>
         <load_address>0x202005d8</load_address>
         <readwrite>true</readwrite>
         <run_address>0x202005d8</run_address>
         <size>0x4</size>
         <alignment>0x4</alignment>
         <input_file_ref idref="fl-27"/>
      </object_component>
      <object_component id="oc-11e">
         <name>.data._unlock</name>
         <load_address>0x202005dc</load_address>
         <readwrite>true</readwrite>
         <run_address>0x202005dc</run_address>
         <size>0x4</size>
         <alignment>0x4</alignment>
         <input_file_ref idref="fl-27"/>
      </object_component>
      <object_component id="oc-11a">
         <name>.data._ftable</name>
         <load_address>0x20200498</load_address>
         <readwrite>true</readwrite>
         <run_address>0x20200498</run_address>
         <size>0xf0</size>
         <alignment>0x4</alignment>
         <input_file_ref idref="fl-2b"/>
      </object_component>
      <object_component id="oc-74">
         <name>.common:line</name>
         <uninitialized>true</uninitialized>
         <readwrite>true</readwrite>
         <run_address>0x20200490</run_address>
         <size>0x5</size>
         <alignment>0x1</alignment>
      </object_component>
      <object_component id="oc-6a">
         <name>.common:gEchoData_0</name>
         <uninitialized>true</uninitialized>
         <readwrite>true</readwrite>
         <run_address>0x20200178</run_address>
         <size>0x7f</size>
         <alignment>0x1</alignment>
      </object_component>
      <object_component id="oc-63">
         <name>.common:gEchoData_1</name>
         <uninitialized>true</uninitialized>
         <readwrite>true</readwrite>
         <run_address>0x202001f7</run_address>
         <size>0x7f</size>
         <alignment>0x1</alignment>
      </object_component>
      <object_component id="oc-61">
         <name>.common:gEchoData_2</name>
         <uninitialized>true</uninitialized>
         <readwrite>true</readwrite>
         <run_address>0x20200276</run_address>
         <size>0x7f</size>
         <alignment>0x1</alignment>
      </object_component>
      <object_component id="oc-10f">
         <name>.common:gPWM_0Backup</name>
         <uninitialized>true</uninitialized>
         <readwrite>true</readwrite>
         <run_address>0x202000bc</run_address>
         <size>0xbc</size>
         <alignment>0x4</alignment>
      </object_component>
      <object_component id="oc-110">
         <name>.common:gQEI_0Backup</name>
         <uninitialized>true</uninitialized>
         <readwrite>true</readwrite>
         <run_address>0x20200370</run_address>
         <size>0x78</size>
         <alignment>0x4</alignment>
      </object_component>
      <object_component id="oc-111">
         <name>.common:gCAPTURE_0Backup</name>
         <uninitialized>true</uninitialized>
         <readwrite>true</readwrite>
         <run_address>0x202002f8</run_address>
         <size>0x78</size>
         <alignment>0x4</alignment>
      </object_component>
      <object_component id="oc-112">
         <name>.common:gCAPTURE_1Backup</name>
         <uninitialized>true</uninitialized>
         <readwrite>true</readwrite>
         <run_address>0x20200000</run_address>
         <size>0xbc</size>
         <alignment>0x4</alignment>
      </object_component>
      <object_component id="oc-113">
         <name>.common:gTIMER_0Backup</name>
         <uninitialized>true</uninitialized>
         <readwrite>true</readwrite>
         <run_address>0x202003e8</run_address>
         <size>0x78</size>
         <alignment>0x4</alignment>
      </object_component>
      <object_component id="oc-114">
         <name>.common:gUART_2Backup</name>
         <uninitialized>true</uninitialized>
         <readwrite>true</readwrite>
         <run_address>0x20200460</run_address>
         <size>0x30</size>
         <alignment>0x4</alignment>
      </object_component>
      <object_component id="oc-1a">
         <name>.stack</name>
         <uninitialized>true</uninitialized>
         <readwrite>true</readwrite>
         <run_address>0x20207e00</run_address>
         <size>0x4</size>
         <alignment>0x4</alignment>
         <input_file_ref idref="fl-2e"/>
      </object_component>
      <object_component id="oc-235">
         <name>.stack</name>
         <uninitialized>true</uninitialized>
         <readwrite>true</readwrite>
         <run_address>0x20207e00</run_address>
         <size>0x0</size>
         <alignment>0x8</alignment>
      </object_component>
      <object_component id="oc-67">
         <name>.debug_loc</name>
         <load_address>0x0</load_address>
         <run_address>0x0</run_address>
         <size>0x3a8</size>
         <alignment>0x1</alignment>
         <input_file_ref idref="fl-1"/>
      </object_component>
      <object_component id="oc-106">
         <name>.debug_loc</name>
         <load_address>0x3a8</load_address>
         <run_address>0x3a8</run_address>
         <size>0x248</size>
         <alignment>0x1</alignment>
         <input_file_ref idref="fl-2"/>
      </object_component>
      <object_component id="oc-123">
         <name>.debug_loc</name>
         <load_address>0x5f0</load_address>
         <run_address>0x5f0</run_address>
         <size>0x13</size>
         <alignment>0x1</alignment>
         <input_file_ref idref="fl-11"/>
      </object_component>
      <object_component id="oc-ad">
         <name>.debug_loc</name>
         <load_address>0x603</load_address>
         <run_address>0x603</run_address>
         <size>0x18ad</size>
         <alignment>0x1</alignment>
         <input_file_ref idref="fl-12"/>
      </object_component>
      <object_component id="oc-13f">
         <name>.debug_loc</name>
         <load_address>0x1eb0</load_address>
         <run_address>0x1eb0</run_address>
         <size>0x7bc</size>
         <alignment>0x1</alignment>
         <input_file_ref idref="fl-13"/>
      </object_component>
      <object_component id="oc-cc">
         <name>.debug_loc</name>
         <load_address>0x266c</load_address>
         <run_address>0x266c</run_address>
         <size>0x10a</size>
         <alignment>0x1</alignment>
         <input_file_ref idref="fl-22"/>
      </object_component>
      <object_component id="oc-14f">
         <name>.debug_loc</name>
         <load_address>0x2776</load_address>
         <run_address>0x2776</run_address>
         <size>0x33d1</size>
         <alignment>0x1</alignment>
         <input_file_ref idref="fl-23"/>
      </object_component>
      <object_component id="oc-193">
         <name>.debug_loc</name>
         <load_address>0x5b47</load_address>
         <run_address>0x5b47</run_address>
         <size>0xbf</size>
         <alignment>0x1</alignment>
         <input_file_ref idref="fl-2c"/>
      </object_component>
      <object_component id="oc-44">
         <name>.debug_loc</name>
         <load_address>0x5c06</load_address>
         <run_address>0x5c06</run_address>
         <size>0xd8</size>
         <alignment>0x1</alignment>
         <input_file_ref idref="fl-2e"/>
      </object_component>
      <object_component id="oc-e1">
         <name>.debug_loc</name>
         <load_address>0x5cde</load_address>
         <run_address>0x5cde</run_address>
         <size>0x480</size>
         <alignment>0x1</alignment>
         <input_file_ref idref="fl-30"/>
      </object_component>
      <object_component id="oc-55">
         <name>.debug_loc</name>
         <load_address>0x615e</load_address>
         <run_address>0x615e</run_address>
         <size>0x16c</size>
         <alignment>0x1</alignment>
         <input_file_ref idref="fl-33"/>
      </object_component>
      <object_component id="oc-4f">
         <name>.debug_loc</name>
         <load_address>0x62ca</load_address>
         <run_address>0x62ca</run_address>
         <size>0x6f</size>
         <alignment>0x1</alignment>
         <input_file_ref idref="fl-34"/>
      </object_component>
      <object_component id="oc-47">
         <name>.debug_loc</name>
         <load_address>0x6339</load_address>
         <run_address>0x6339</run_address>
         <size>0x166</size>
         <alignment>0x1</alignment>
         <input_file_ref idref="fl-35"/>
      </object_component>
      <object_component id="oc-dd">
         <name>.debug_loc</name>
         <load_address>0x649f</load_address>
         <run_address>0x649f</run_address>
         <size>0x26</size>
         <alignment>0x1</alignment>
         <input_file_ref idref="fl-3a"/>
      </object_component>
      <object_component id="oc-1d4">
         <name>.debug_loc</name>
         <load_address>0x64c5</load_address>
         <run_address>0x64c5</run_address>
         <size>0x20</size>
         <alignment>0x1</alignment>
         <input_file_ref idref="fl-c4"/>
      </object_component>
      <object_component id="oc-65">
         <name>.debug_abbrev</name>
         <load_address>0x0</load_address>
         <run_address>0x0</run_address>
         <size>0x339</size>
         <alignment>0x1</alignment>
         <input_file_ref idref="fl-1"/>
      </object_component>
      <object_component id="oc-115">
         <name>.debug_abbrev</name>
         <load_address>0x339</load_address>
         <run_address>0x339</run_address>
         <size>0x25c</size>
         <alignment>0x1</alignment>
         <input_file_ref idref="fl-2"/>
      </object_component>
      <object_component id="oc-3e">
         <name>.debug_abbrev</name>
         <load_address>0x595</load_address>
         <run_address>0x595</run_address>
         <size>0x6d</size>
         <alignment>0x1</alignment>
         <input_file_ref idref="fl-3"/>
      </object_component>
      <object_component id="oc-121">
         <name>.debug_abbrev</name>
         <load_address>0x602</load_address>
         <run_address>0x602</run_address>
         <size>0x62</size>
         <alignment>0x1</alignment>
         <input_file_ref idref="fl-11"/>
      </object_component>
      <object_component id="oc-f8">
         <name>.debug_abbrev</name>
         <load_address>0x664</load_address>
         <run_address>0x664</run_address>
         <size>0x258</size>
         <alignment>0x1</alignment>
         <input_file_ref idref="fl-12"/>
      </object_component>
      <object_component id="oc-163">
         <name>.debug_abbrev</name>
         <load_address>0x8bc</load_address>
         <run_address>0x8bc</run_address>
         <size>0x27f</size>
         <alignment>0x1</alignment>
         <input_file_ref idref="fl-13"/>
      </object_component>
      <object_component id="oc-11f">
         <name>.debug_abbrev</name>
         <load_address>0xb3b</load_address>
         <run_address>0xb3b</run_address>
         <size>0x102</size>
         <alignment>0x1</alignment>
         <input_file_ref idref="fl-22"/>
      </object_component>
      <object_component id="oc-170">
         <name>.debug_abbrev</name>
         <load_address>0xc3d</load_address>
         <run_address>0xc3d</run_address>
         <size>0x2f5</size>
         <alignment>0x1</alignment>
         <input_file_ref idref="fl-23"/>
      </object_component>
      <object_component id="oc-157">
         <name>.debug_abbrev</name>
         <load_address>0xf32</load_address>
         <run_address>0xf32</run_address>
         <size>0x73</size>
         <alignment>0x1</alignment>
         <input_file_ref idref="fl-27"/>
      </object_component>
      <object_component id="oc-159">
         <name>.debug_abbrev</name>
         <load_address>0xfa5</load_address>
         <run_address>0xfa5</run_address>
         <size>0x77</size>
         <alignment>0x1</alignment>
         <input_file_ref idref="fl-2b"/>
      </object_component>
      <object_component id="oc-191">
         <name>.debug_abbrev</name>
         <load_address>0x101c</load_address>
         <run_address>0x101c</run_address>
         <size>0x8b</size>
         <alignment>0x1</alignment>
         <input_file_ref idref="fl-2c"/>
      </object_component>
      <object_component id="oc-40">
         <name>.debug_abbrev</name>
         <load_address>0x10a7</load_address>
         <run_address>0x10a7</run_address>
         <size>0xaf</size>
         <alignment>0x1</alignment>
         <input_file_ref idref="fl-2e"/>
      </object_component>
      <object_component id="oc-127">
         <name>.debug_abbrev</name>
         <load_address>0x1156</load_address>
         <run_address>0x1156</run_address>
         <size>0x186</size>
         <alignment>0x1</alignment>
         <input_file_ref idref="fl-30"/>
      </object_component>
      <object_component id="oc-c3">
         <name>.debug_abbrev</name>
         <load_address>0x12dc</load_address>
         <run_address>0x12dc</run_address>
         <size>0x39</size>
         <alignment>0x1</alignment>
         <input_file_ref idref="fl-31"/>
      </object_component>
      <object_component id="oc-83">
         <name>.debug_abbrev</name>
         <load_address>0x1315</load_address>
         <run_address>0x1315</run_address>
         <size>0xc2</size>
         <alignment>0x1</alignment>
         <input_file_ref idref="fl-33"/>
      </object_component>
      <object_component id="oc-4d">
         <name>.debug_abbrev</name>
         <load_address>0x13d7</load_address>
         <run_address>0x13d7</run_address>
         <size>0x70</size>
         <alignment>0x1</alignment>
         <input_file_ref idref="fl-34"/>
      </object_component>
      <object_component id="oc-45">
         <name>.debug_abbrev</name>
         <load_address>0x1447</load_address>
         <run_address>0x1447</run_address>
         <size>0x8d</size>
         <alignment>0x1</alignment>
         <input_file_ref idref="fl-35"/>
      </object_component>
      <object_component id="oc-124">
         <name>.debug_abbrev</name>
         <load_address>0x14d4</load_address>
         <run_address>0x14d4</run_address>
         <size>0xb3</size>
         <alignment>0x1</alignment>
         <input_file_ref idref="fl-3a"/>
      </object_component>
      <object_component id="oc-fa">
         <name>.debug_abbrev</name>
         <load_address>0x1587</load_address>
         <run_address>0x1587</run_address>
         <size>0x27</size>
         <alignment>0x1</alignment>
         <input_file_ref idref="fl-ab"/>
      </object_component>
      <object_component id="oc-f6">
         <name>.debug_abbrev</name>
         <load_address>0x15ae</load_address>
         <run_address>0x15ae</run_address>
         <size>0x27</size>
         <alignment>0x1</alignment>
         <input_file_ref idref="fl-ac"/>
      </object_component>
      <object_component id="oc-f5">
         <name>.debug_abbrev</name>
         <load_address>0x15d5</load_address>
         <run_address>0x15d5</run_address>
         <size>0x27</size>
         <alignment>0x1</alignment>
         <input_file_ref idref="fl-ad"/>
      </object_component>
      <object_component id="oc-12d">
         <name>.debug_abbrev</name>
         <load_address>0x15fc</load_address>
         <run_address>0x15fc</run_address>
         <size>0x27</size>
         <alignment>0x1</alignment>
         <input_file_ref idref="fl-ae"/>
      </object_component>
      <object_component id="oc-fb">
         <name>.debug_abbrev</name>
         <load_address>0x1623</load_address>
         <run_address>0x1623</run_address>
         <size>0x27</size>
         <alignment>0x1</alignment>
         <input_file_ref idref="fl-af"/>
      </object_component>
      <object_component id="oc-f0">
         <name>.debug_abbrev</name>
         <load_address>0x164a</load_address>
         <run_address>0x164a</run_address>
         <size>0x27</size>
         <alignment>0x1</alignment>
         <input_file_ref idref="fl-b1"/>
      </object_component>
      <object_component id="oc-ba">
         <name>.debug_abbrev</name>
         <load_address>0x1671</load_address>
         <run_address>0x1671</run_address>
         <size>0x27</size>
         <alignment>0x1</alignment>
         <input_file_ref idref="fl-b3"/>
      </object_component>
      <object_component id="oc-f7">
         <name>.debug_abbrev</name>
         <load_address>0x1698</load_address>
         <run_address>0x1698</run_address>
         <size>0x27</size>
         <alignment>0x1</alignment>
         <input_file_ref idref="fl-b4"/>
      </object_component>
      <object_component id="oc-b1">
         <name>.debug_abbrev</name>
         <load_address>0x16bf</load_address>
         <run_address>0x16bf</run_address>
         <size>0x27</size>
         <alignment>0x1</alignment>
         <input_file_ref idref="fl-b6"/>
      </object_component>
      <object_component id="oc-82">
         <name>.debug_abbrev</name>
         <load_address>0x16e6</load_address>
         <run_address>0x16e6</run_address>
         <size>0x27</size>
         <alignment>0x1</alignment>
         <input_file_ref idref="fl-bc"/>
      </object_component>
      <object_component id="oc-c2">
         <name>.debug_abbrev</name>
         <load_address>0x170d</load_address>
         <run_address>0x170d</run_address>
         <size>0x25</size>
         <alignment>0x1</alignment>
         <input_file_ref idref="fl-bd"/>
      </object_component>
      <object_component id="oc-199">
         <name>.debug_abbrev</name>
         <load_address>0x1732</load_address>
         <run_address>0x1732</run_address>
         <size>0x27</size>
         <alignment>0x1</alignment>
         <input_file_ref idref="fl-be"/>
      </object_component>
      <object_component id="oc-1d2">
         <name>.debug_abbrev</name>
         <load_address>0x1759</load_address>
         <run_address>0x1759</run_address>
         <size>0x59</size>
         <alignment>0x1</alignment>
         <input_file_ref idref="fl-c4"/>
      </object_component>
      <object_component id="oc-fc">
         <name>.debug_abbrev</name>
         <load_address>0x17b2</load_address>
         <run_address>0x17b2</run_address>
         <size>0x25</size>
         <alignment>0x1</alignment>
         <input_file_ref idref="fl-c5"/>
      </object_component>
      <object_component id="oc-12e">
         <name>.debug_abbrev</name>
         <load_address>0x17d7</load_address>
         <run_address>0x17d7</run_address>
         <size>0x25</size>
         <alignment>0x1</alignment>
         <input_file_ref idref="fl-c6"/>
      </object_component>
      <object_component id="oc-237">
         <name>.debug_abbrev</name>
         <load_address>0x17fc</load_address>
         <run_address>0x17fc</run_address>
         <size>0xf</size>
         <alignment>0x0</alignment>
      </object_component>
      <object_component id="oc-38">
         <name>.debug_info</name>
         <load_address>0x0</load_address>
         <run_address>0x0</run_address>
         <size>0x23e0</size>
         <alignment>0x1</alignment>
         <input_file_ref idref="fl-1"/>
      </object_component>
      <object_component id="oc-c6">
         <name>.debug_info</name>
         <load_address>0x23e0</load_address>
         <run_address>0x23e0</run_address>
         <size>0x4482</size>
         <alignment>0x1</alignment>
         <input_file_ref idref="fl-2"/>
      </object_component>
      <object_component id="oc-19">
         <name>.debug_info</name>
         <load_address>0x6862</load_address>
         <run_address>0x6862</run_address>
         <size>0x80</size>
         <alignment>0x1</alignment>
         <input_file_ref idref="fl-3"/>
      </object_component>
      <object_component id="oc-d2">
         <name>.debug_info</name>
         <load_address>0x68e2</load_address>
         <run_address>0x68e2</run_address>
         <size>0x75</size>
         <alignment>0x1</alignment>
         <input_file_ref idref="fl-11"/>
      </object_component>
      <object_component id="oc-ab">
         <name>.debug_info</name>
         <load_address>0x6957</load_address>
         <run_address>0x6957</run_address>
         <size>0x2f7d</size>
         <alignment>0x1</alignment>
         <input_file_ref idref="fl-12"/>
      </object_component>
      <object_component id="oc-142">
         <name>.debug_info</name>
         <load_address>0x98d4</load_address>
         <run_address>0x98d4</run_address>
         <size>0x1259</size>
         <alignment>0x1</alignment>
         <input_file_ref idref="fl-13"/>
      </object_component>
      <object_component id="oc-cb">
         <name>.debug_info</name>
         <load_address>0xab2d</load_address>
         <run_address>0xab2d</run_address>
         <size>0x1e4</size>
         <alignment>0x1</alignment>
         <input_file_ref idref="fl-22"/>
      </object_component>
      <object_component id="oc-14e">
         <name>.debug_info</name>
         <load_address>0xad11</load_address>
         <run_address>0xad11</run_address>
         <size>0x1f4b</size>
         <alignment>0x1</alignment>
         <input_file_ref idref="fl-23"/>
      </object_component>
      <object_component id="oc-119">
         <name>.debug_info</name>
         <load_address>0xcc5c</load_address>
[...]
         <object_component_ref idref="oc-7f"/>
      </symbol>
      <symbol id="sm-77">
         <name>Buffer_Handle_0</name>
         <value>0x345</value>
         <object_component_ref idref="oc-68"/>
      </symbol>
      <symbol id="sm-78">
         <name>gEchoData_0</name>
         <value>0x20200178</value>
      </symbol>
      <symbol id="sm-79">
         <name>velocity_left</name>
         <value>0x202005f0</value>
         <object_component_ref idref="oc-af"/>
      </symbol>
      <symbol id="sm-7a">
         <name>velocity_right</name>
         <value>0x202005fc</value>
         <object_component_ref idref="oc-b0"/>
      </symbol>
      <symbol id="sm-7b">
         <name>gEchoData_1</name>
         <value>0x202001f7</value>
      </symbol>
      <symbol id="sm-7c">
         <name>gEchoData_2</name>
         <value>0x20200276</value>
      </symbol>
      <symbol id="sm-7d">
         <name>UART0_IRQHandler</name>
         <value>0x178d</value>
         <object_component_ref idref="oc-3a"/>
      </symbol>
      <symbol id="sm-7e">
         <name>UART_Count_0</name>
         <value>0x20200608</value>
         <object_component_ref idref="oc-69"/>
      </symbol>
      <symbol id="sm-7f">
         <name>UART1_IRQHandler</name>
         <value>0x8a1</value>
         <object_component_ref idref="oc-39"/>
      </symbol>
      <symbol id="sm-80">
         <name>UART_Count_1</name>
         <value>0x20200609</value>
         <object_component_ref idref="oc-62"/>
      </symbol>
      <symbol id="sm-81">
         <name>UART3_IRQHandler</name>
         <value>0x7a5</value>
         <object_component_ref idref="oc-34"/>
      </symbol>
      <symbol id="sm-82">
         <name>UART_Count_2</name>
         <value>0x2020060a</value>
         <object_component_ref idref="oc-60"/>
      </symbol>
      <symbol id="sm-cc">
         <name>SYSCFG_DL_init</name>
         <value>0x1459</value>
         <object_component_ref idref="oc-c5"/>
      </symbol>
      <symbol id="sm-cd">
         <name>SYSCFG_DL_initPower</name>
         <value>0x1105</value>
         <object_component_ref idref="oc-103"/>
      </symbol>
      <symbol id="sm-ce">
         <name>SYSCFG_DL_GPIO_init</name>
         <value>0x106d</value>
         <object_component_ref idref="oc-104"/>
      </symbol>
      <symbol id="sm-cf">
         <name>SYSCFG_DL_SYSCTL_init</name>
         <value>0x16cd</value>
         <object_component_ref idref="oc-105"/>
      </symbol>
      <symbol id="sm-d0">
         <name>SYSCFG_DL_PWM_0_init</name>
         <value>0xc31</value>
         <object_component_ref idref="oc-107"/>
      </symbol>
      <symbol id="sm-d1">
         <name>SYSCFG_DL_QEI_0_init</name>
         <value>0x1589</value>
         <object_component_ref idref="oc-108"/>
      </symbol>
      <symbol id="sm-d2">
         <name>SYSCFG_DL_CAPTURE_0_init</name>
         <value>0x184d</value>
         <object_component_ref idref="oc-109"/>
      </symbol>
      <symbol id="sm-d3">
         <name>SYSCFG_DL_CAPTURE_1_init</name>
         <value>0x1889</value>
         <object_component_ref idref="oc-10a"/>
      </symbol>
      <symbol id="sm-d4">
         <name>SYSCFG_DL_TIMER_0_init</name>
         <value>0x1979</value>
         <object_component_ref idref="oc-10b"/>
      </symbol>
      <symbol id="sm-d5">
         <name>SYSCFG_DL_UART_0_init</name>
         <value>0x1309</value>
         <object_component_ref idref="oc-10c"/>
      </symbol>
      <symbol id="sm-d6">
         <name>SYSCFG_DL_UART_1_init</name>
         <value>0x1379</value>
         <object_component_ref idref="oc-10d"/>
      </symbol>
      <symbol id="sm-d7">
         <name>SYSCFG_DL_UART_2_init</name>
         <value>0x13e9</value>
         <object_component_ref idref="oc-10e"/>
      </symbol>
      <symbol id="sm-d8">
         <name>gPWM_0Backup</name>
         <value>0x202000bc</value>
      </symbol>
      <symbol id="sm-d9">
         <name>gQEI_0Backup</name>
         <value>0x20200370</value>
      </symbol>
      <symbol id="sm-da">
         <name>gCAPTURE_0Backup</name>
         <value>0x202002f8</value>
      </symbol>
      <symbol id="sm-db">
         <name>gCAPTURE_1Backup</name>
         <value>0x20200000</value>
      </symbol>
      <symbol id="sm-dc">
         <name>gTIMER_0Backup</name>
         <value>0x202003e8</value>
      </symbol>
      <symbol id="sm-dd">
         <name>gUART_2Backup</name>
         <value>0x20200460</value>
      </symbol>
      <symbol id="sm-e8">
         <name>Default_Handler</name>
         <value>0x693</value>
         <object_component_ref idref="oc-33"/>
      </symbol>
      <symbol id="sm-e9">
         <name>Reset_Handler</name>
         <value>0x1b49</value>
         <object_component_ref idref="oc-2f"/>
      </symbol>
      <symbol id="sm-ea">
         <name>interruptVectors</name>
         <value>0x0</value>
         <object_component_ref idref="oc-18"/>
      </symbol>
      <symbol id="sm-eb">
         <name>NMI_Handler</name>
         <value>0x693</value>
         <object_component_ref idref="oc-33"/>
      </symbol>
      <symbol id="sm-ec">
         <name>HardFault_Handler</name>
         <value>0x693</value>
         <object_component_ref idref="oc-33"/>
      </symbol>
      <symbol id="sm-ed">
         <name>SVC_Handler</name>
         <value>0x693</value>
         <object_component_ref idref="oc-33"/>
      </symbol>
      <symbol id="sm-ee">
         <name>PendSV_Handler</name>
         <value>0x693</value>
         <object_component_ref idref="oc-33"/>
      </symbol>
      <symbol id="sm-ef">
         <name>SysTick_Handler</name>
         <value>0x693</value>
         <object_component_ref idref="oc-33"/>
      </symbol>
      <symbol id="sm-f0">
         <name>GROUP0_IRQHandler</name>
         <value>0x693</value>
         <object_component_ref idref="oc-33"/>
      </symbol>
      <symbol id="sm-f1">
         <name>GROUP1_IRQHandler</name>
         <value>0x693</value>
         <object_component_ref idref="oc-33"/>
      </symbol>
      <symbol id="sm-f2">
         <name>TIMG8_IRQHandler</name>
         <value>0x693</value>
         <object_component_ref idref="oc-33"/>
      </symbol>
      <symbol id="sm-f3">
         <name>ADC0_IRQHandler</name>
         <value>0x693</value>
         <object_component_ref idref="oc-33"/>
      </symbol>
      <symbol id="sm-f4">
         <name>ADC1_IRQHandler</name>
         <value>0x693</value>
         <object_component_ref idref="oc-33"/>
      </symbol>
      <symbol id="sm-f5">
         <name>CANFD0_IRQHandler</name>
         <value>0x693</value>
         <object_component_ref idref="oc-33"/>
      </symbol>
      <symbol id="sm-f6">
         <name>DAC0_IRQHandler</name>
         <value>0x693</value>
         <object_component_ref idref="oc-33"/>
      </symbol>
      <symbol id="sm-f7">
         <name>SPI0_IRQHandler</name>
         <value>0x693</value>
         <object_component_ref idref="oc-33"/>
      </symbol>
      <symbol id="sm-f8">
         <name>SPI1_IRQHandler</name>
         <value>0x693</value>
         <object_component_ref idref="oc-33"/>
      </symbol>
      <symbol id="sm-f9">
         <name>UART2_IRQHandler</name>
         <value>0x693</value>
         <object_component_ref idref="oc-33"/>
      </symbol>
      <symbol id="sm-fa">
         <name>TIMG0_IRQHandler</name>
         <value>0x693</value>
         <object_component_ref idref="oc-33"/>
      </symbol>
      <symbol id="sm-fb">
         <name>TIMA0_IRQHandler</name>
         <value>0x693</value>
         <object_component_ref idref="oc-33"/>
      </symbol>
      <symbol id="sm-fc">
         <name>TIMG12_IRQHandler</name>
         <value>0x693</value>
         <object_component_ref idref="oc-33"/>
      </symbol>
      <symbol id="sm-fd">
         <name>I2C0_IRQHandler</name>
         <value>0x693</value>
         <object_component_ref idref="oc-33"/>
      </symbol>
      <symbol id="sm-fe">
         <name>I2C1_IRQHandler</name>
         <value>0x693</value>
         <object_component_ref idref="oc-33"/>
      </symbol>
      <symbol id="sm-ff">
         <name>AES_IRQHandler</name>
         <value>0x693</value>
         <object_component_ref idref="oc-33"/>
      </symbol>
      <symbol id="sm-100">
         <name>RTC_IRQHandler</name>
         <value>0x693</value>
         <object_component_ref idref="oc-33"/>
      </symbol>
      <symbol id="sm-101">
         <name>DMA_IRQHandler</name>
         <value>0x693</value>
         <object_component_ref idref="oc-33"/>
      </symbol>
      <symbol id="sm-102">
         <name>__TI_ATRegion0_src_addr</name>
         <value>0x0</value>
      </symbol>
      <symbol id="sm-103">
         <name>__TI_ATRegion0_trg_addr</name>
         <value>0x0</value>
      </symbol>
      <symbol id="sm-104">
         <name>__TI_ATRegion0_region_sz</name>
         <value>0x0</value>
      </symbol>
      <symbol id="sm-105">
         <name>__TI_ATRegion1_src_addr</name>
         <value>0x0</value>
      </symbol>
      <symbol id="sm-106">
         <name>__TI_ATRegion1_trg_addr</name>
         <value>0x0</value>
      </symbol>
      <symbol id="sm-107">
         <name>__TI_ATRegion1_region_sz</name>
         <value>0x0</value>
      </symbol>
      <symbol id="sm-108">
         <name>__TI_ATRegion2_src_addr</name>
         <value>0x0</value>
      </symbol>
      <symbol id="sm-109">
         <name>__TI_ATRegion2_trg_addr</name>
         <value>0x0</value>
      </symbol>
      <symbol id="sm-10a">
         <name>__TI_ATRegion2_region_sz</name>
         <value>0x0</value>
      </symbol>
      <symbol id="sm-113">
         <name>DL_Common_delayCycles</name>
         <value>0x1b25</value>
         <object_component_ref idref="oc-d0"/>
      </symbol>
      <symbol id="sm-136">
         <name>DL_Timer_setClockConfig</name>
         <value>0x1a71</value>
         <object_component_ref idref="oc-12f"/>
      </symbol>
      <symbol id="sm-137">
         <name>DL_Timer_initTimerMode</name>
         <value>0x98d</value>
         <object_component_ref idref="oc-13b"/>
      </symbol>
      <symbol id="sm-138">
         <name>DL_Timer_setCaptureCompareValue</name>
         <value>0x1add</value>
         <object_component_ref idref="oc-a9"/>
      </symbol>
      <symbol id="sm-139">
         <name>DL_Timer_initCaptureMode</name>
         <value>0x695</value>
         <object_component_ref idref="oc-136"/>
      </symbol>
      <symbol id="sm-13a">
         <name>DL_Timer_initPWMMode</name>
         <value>0xcf9</value>
         <object_component_ref idref="oc-161"/>
      </symbol>
      <symbol id="sm-13b">
         <name>DL_Timer_setCaptureCompareOutCtl</name>
         <value>0x1a8d</value>
         <object_component_ref idref="oc-131"/>
      </symbol>
      <symbol id="sm-13c">
         <name>DL_Timer_setCaptCompUpdateMethod</name>
         <value>0x1a55</value>
         <object_component_ref idref="oc-132"/>
      </symbol>
      <symbol id="sm-13d">
         <name>DL_TimerA_initPWMMode</name>
         <value>0x1211</value>
         <object_component_ref idref="oc-130"/>
      </symbol>
      <symbol id="sm-14d">
         <name>DL_UART_init</name>
         <value>0x1641</value>
         <object_component_ref idref="oc-144"/>
      </symbol>
      <symbol id="sm-14e">
         <name>DL_UART_setClockConfig</name>
         <value>0x1ab9</value>
         <object_component_ref idref="oc-13e"/>
      </symbol>
      <symbol id="sm-14f">
         <name>DL_UART_transmitDataBlocking</name>
         <value>0x1a35</value>
         <object_component_ref idref="oc-190"/>
      </symbol>
      <symbol id="sm-160">
         <name>printf</name>
         <value>0x15e5</value>
         <object_component_ref idref="oc-ca"/>
      </symbol>
      <symbol id="sm-176">
         <name>__TI_printfi_minimal</name>
         <value>0xc1</value>
         <object_component_ref idref="oc-14b"/>
      </symbol>
      <symbol id="sm-182">
         <name>_nop</name>
         <value>0x120f</value>
         <object_component_ref idref="oc-153"/>
      </symbol>
      <symbol id="sm-183">
         <name>_lock</name>
         <value>0x202005d8</value>
         <object_component_ref idref="oc-118"/>
      </symbol>
      <symbol id="sm-184">
         <name>_unlock</name>
         <value>0x202005dc</value>
         <object_component_ref idref="oc-11e"/>
      </symbol>
      <symbol id="sm-18c">
         <name>_ftable</name>
         <value>0x20200498</value>
         <object_component_ref idref="oc-11a"/>
      </symbol>
      <symbol id="sm-195">
         <name>memccpy</name>
         <value>0x1a11</value>
         <object_component_ref idref="oc-167"/>
      </symbol>
      <symbol id="sm-1a1">
         <name>_c_int00_noargs</name>
         <value>0x19e9</value>
         <object_component_ref idref="oc-59"/>
      </symbol>
      <symbol id="sm-1a2">
         <name>__stack</name>
         <value>0x20207e00</value>
         <object_component_ref idref="oc-1a"/>
      </symbol>
      <symbol id="sm-1ae">
         <name>__TI_auto_init_nobinit_nopinit</name>
         <value>0x1901</value>
         <object_component_ref idref="oc-de"/>
      </symbol>
      <symbol id="sm-1b6">
         <name>_system_pre_init</name>
         <value>0x1b4d</value>
         <object_component_ref idref="oc-8a"/>
      </symbol>
      <symbol id="sm-1c1">
         <name>__TI_zero_init</name>
         <value>0x1aed</value>
         <object_component_ref idref="oc-56"/>
      </symbol>
      <symbol id="sm-1ca">
         <name>__TI_decompress_none</name>
         <value>0x1acb</value>
         <object_component_ref idref="oc-20"/>
      </symbol>
      <symbol id="sm-1d5">
         <name>__TI_decompress_lzss</name>
         <value>0x1291</value>
         <object_component_ref idref="oc-1c"/>
      </symbol>
      <symbol id="sm-1e2">
         <name>abort</name>
         <value>0x1b51</value>
         <object_component_ref idref="oc-d7"/>
      </symbol>
      <symbol id="sm-1e3">
         <name>C$$EXIT</name>
         <value>0x1b50</value>
         <object_component_ref idref="oc-d7"/>
      </symbol>
      <symbol id="sm-1f4">
         <name>__aeabi_fadd</name>
         <value>0xb63</value>
         <object_component_ref idref="oc-b2"/>
      </symbol>
      <symbol id="sm-1f5">
         <name>__addsf3</name>
         <value>0xb63</value>
         <object_component_ref idref="oc-b2"/>
      </symbol>
      <symbol id="sm-1f6">
         <name>__aeabi_fsub</name>
         <value>0xb59</value>
         <object_component_ref idref="oc-b2"/>
      </symbol>
      <symbol id="sm-1f7">
         <name>__subsf3</name>
         <value>0xb59</value>
         <object_component_ref idref="oc-b2"/>
      </symbol>
      <symbol id="sm-1fd">
         <name>__aeabi_dadd</name>
         <value>0x50b</value>
         <object_component_ref idref="oc-a1"/>
      </symbol>
      <symbol id="sm-1fe">
         <name>__adddf3</name>
         <value>0x50b</value>
         <object_component_ref idref="oc-a1"/>
      </symbol>
      <symbol id="sm-1ff">
         <name>__aeabi_dsub</name>
         <value>0x501</value>
         <object_component_ref idref="oc-a1"/>
      </symbol>
      <symbol id="sm-200">
         <name>__subdf3</name>
         <value>0x501</value>
         <object_component_ref idref="oc-a1"/>
      </symbol>
      <symbol id="sm-206">
         <name>__aeabi_dmul</name>
         <value>0xa75</value>
         <object_component_ref idref="oc-9d"/>
      </symbol>
      <symbol id="sm-207">
         <name>__muldf3</name>
         <value>0xa75</value>
         <object_component_ref idref="oc-9d"/>
      </symbol>
      <symbol id="sm-20d">
         <name>__muldsi3</name>
         <value>0x193d</value>
         <object_component_ref idref="oc-f1"/>
      </symbol>
      <symbol id="sm-213">
         <name>__aeabi_fdiv</name>
         <value>0x118d</value>
         <object_component_ref idref="oc-b6"/>
      </symbol>
      <symbol id="sm-214">
         <name>__divsf3</name>
         <value>0x118d</value>
         <object_component_ref idref="oc-b6"/>
      </symbol>
      <symbol id="sm-21a">
         <name>__aeabi_f2d</name>
         <value>0x180d</value>
         <object_component_ref idref="oc-99"/>
      </symbol>
      <symbol id="sm-21b">
         <name>__extendsfdf2</name>
         <value>0x180d</value>
         <object_component_ref idref="oc-99"/>
      </symbol>
      <symbol id="sm-221">
         <name>__aeabi_f2iz</name>
         <value>0x19b1</value>
         <object_component_ref idref="oc-70"/>
      </symbol>
      <symbol id="sm-222">
         <name>__fixsfsi</name>
         <value>0x19b1</value>
         <object_component_ref idref="oc-70"/>
      </symbol>
      <symbol id="sm-228">
         <name>__aeabi_d2uiz</name>
         <value>0x1689</value>
         <object_component_ref idref="oc-a5"/>
      </symbol>
      <symbol id="sm-229">
         <name>__fixunsdfsi</name>
         <value>0x1689</value>
         <object_component_ref idref="oc-a5"/>
      </symbol>
      <symbol id="sm-22f">
         <name>__aeabi_i2f</name>
         <value>0x18c5</value>
         <object_component_ref idref="oc-6b"/>
      </symbol>
      <symbol id="sm-230">
         <name>__floatsisf</name>
         <value>0x18c5</value>
         <object_component_ref idref="oc-6b"/>
      </symbol>
      <symbol id="sm-236">
         <name>__aeabi_memcpy</name>
         <value>0x1b31</value>
         <object_component_ref idref="oc-49"/>
      </symbol>
      <symbol id="sm-237">
         <name>__aeabi_memcpy4</name>
         <value>0x1b31</value>
         <object_component_ref idref="oc-49"/>
      </symbol>
      <symbol id="sm-238">
         <name>__aeabi_memcpy8</name>
         <value>0x1b31</value>
         <object_component_ref idref="oc-49"/>
      </symbol>
      <symbol id="sm-241">
         <name>__aeabi_memset</name>
         <value>0x1afd</value>
         <object_component_ref idref="oc-166"/>
      </symbol>
      <symbol id="sm-242">
         <name>__aeabi_memset4</name>
         <value>0x1afd</value>
         <object_component_ref idref="oc-166"/>
      </symbol>
      <symbol id="sm-243">
         <name>__aeabi_memset8</name>
         <value>0x1afd</value>
         <object_component_ref idref="oc-166"/>
      </symbol>
      <symbol id="sm-244">
         <name>__aeabi_memclr</name>
         <value>0x1b19</value>
         <object_component_ref idref="oc-85"/>
      </symbol>
      <symbol id="sm-245">
         <name>__aeabi_memclr4</name>
         <value>0x1b19</value>
         <object_component_ref idref="oc-85"/>
      </symbol>
      <symbol id="sm-246">
         <name>__aeabi_memclr8</name>
         <value>0x1b19</value>
         <object_component_ref idref="oc-85"/>
      </symbol>
      <symbol id="sm-24c">
         <name>__aeabi_uidiv</name>
         <value>0x17cd</value>
         <object_component_ref idref="oc-16c"/>
      </symbol>
      <symbol id="sm-24d">
         <name>__aeabi_uidivmod</name>
         <value>0x17cd</value>
         <object_component_ref idref="oc-16c"/>
      </symbol>
      <symbol id="sm-258">
         <name>__aeabi_idiv0</name>
         <value>0x106b</value>
         <object_component_ref idref="oc-194"/>
      </symbol>
      <symbol id="sm-271">
         <name>memcpy</name>
         <value>0xfd1</value>
         <object_component_ref idref="oc-c0"/>
      </symbol>
      <symbol id="sm-280">
         <name>memset</name>
         <value>0x1525</value>
         <object_component_ref idref="oc-102"/>
      </symbol>
      <symbol id="sm-281">
         <name>__TI_static_base__</name>
         <value>0x0</value>
      </symbol>
      <symbol id="sm-284">
         <name>__mpu_init</name>
         <value>0x0</value>
      </symbol>
      <symbol id="sm-285">
         <name>_system_post_cinit</name>
         <value>0x0</value>
      </symbol>
   </symbol_table>
   <title>Link successful</title>
</link_info>
