******************************************************************************
            TI ARM Clang Linker PC v3.2.2                      
******************************************************************************
>> Linked Mon Jul 29 21:41:11 2024

OUTPUT FILE NAME:   <empty_LP_MSPM0G3507_nortos_ticlang.out>
ENTRY POINT SYMBOL: "_c_int00_noargs"  address: 000019e9


MEMORY CONFIGURATION

         name            origin    length      used     unused   attr    fill
----------------------  --------  ---------  --------  --------  ----  --------
  FLASH                 00000000   00020000  00001c60  0001e3a0  R  X
  SRAM                  20200000   00008000  0000080b  000077f5  RW X
  BCR_CONFIG            41c00000   00000080  00000000  00000080  R   
  BSL_CONFIG            41c00100   00000080  00000000  00000080  R   


SEGMENT ALLOCATION MAP

run origin  load origin   length   init length attrs members
----------  ----------- ---------- ----------- ----- -------
00000000    00000000    00001c60   00001c60    r-x
  00000000    00000000    000000c0   000000c0    r-- .intvecs
  000000c0    000000c0    00001a98   00001a98    r-x .text
  00001b58    00001b58    000000b0   000000b0    r-- .rodata
  00001c08    00001c08    00000058   00000058    r-- .cinit
20200000    20200000    0000060e   00000000    rw-
  20200000    20200000    00000495   00000000    rw- .bss
  20200498    20200498    00000176   00000000    rw- .data
20207e00    20207e00    00000200   00000000    rw-
  20207e00    20207e00    00000200   00000000    rw- .stack


SECTION ALLOCATION MAP

 output                                  attributes/
section   page    origin      length       input sections
--------  ----  ----------  ----------   ----------------
.intvecs   0    00000000    000000c0     
                  00000000    000000c0     startup_mspm0g350x_ticlang.o (.intvecs)

.text      0    000000c0    00001a98     
                  000000c0    00000284     libc.a : _printfi.c.obj (.text:__TI_printfi_minimal)
                  00000344    000001bc     empty.o (.text.Buffer_Handle_0)
                  00000500    00000192     libclang_rt.builtins.a : adddf3.S.obj (.text.adddf3_subdf3)
                  00000692    00000002     startup_mspm0g350x_ticlang.o (.text.Default_Handler)
                  00000694    00000110     driverlib.a : dl_timer.o (.text.DL_Timer_initCaptureMode)
                  000007a4    000000fc     empty.o (.text.UART3_IRQHandler)
                  000008a0    000000ec     empty.o (.text.UART1_IRQHandler)
                  0000098c    000000e8     driverlib.a : dl_timer.o (.text.DL_Timer_initTimerMode)
                  00000a74    000000e4     libclang_rt.builtins.a : muldf3.S.obj (.text.__muldf3)
                  00000b58    000000d8                            : addsf3.S.obj (.text)
                  00000c30    000000c8     ti_msp_dl_config.o (.text.SYSCFG_DL_PWM_0_init)
                  00000cf8    000000c4     driverlib.a : dl_timer.o (.text.DL_Timer_initPWMMode)
                  00000dbc    000000c4     empty.o (.text.fputs)
                  00000e80    000000a8     empty.o (.text.TIMG6_IRQHandler)
                  00000f28    000000a8     empty.o (.text.main)
                  00000fd0    0000009a     libc.a : memcpy16.S.obj (.text:memcpy)
                  0000106a    00000002     libclang_rt.builtins.a : aeabi_div0.c.obj (.text.__aeabi_idiv0)
                  0000106c    00000098     ti_msp_dl_config.o (.text.SYSCFG_DL_GPIO_init)
                  00001104    00000088     ti_msp_dl_config.o (.text.SYSCFG_DL_initPower)
                  0000118c    00000082     libclang_rt.builtins.a : divsf3.S.obj (.text.__divsf3)
                  0000120e    00000002     libc.a : _lock.c.obj (.text._nop)
                  00001210    00000080     driverlib.a : dl_timer.o (.text.DL_TimerA_initPWMMode)
                  00001290    00000078     libc.a : copy_decompress_lzss.c.obj (.text:decompress:lzss)
                  00001308    00000070     ti_msp_dl_config.o (.text.SYSCFG_DL_UART_0_init)
                  00001378    00000070     ti_msp_dl_config.o (.text.SYSCFG_DL_UART_1_init)
                  000013e8    00000070     ti_msp_dl_config.o (.text.SYSCFG_DL_UART_2_init)
                  00001458    00000068     ti_msp_dl_config.o (.text.SYSCFG_DL_init)
                  000014c0    00000064     empty.o (.text.Speed_Low_Filter)
                  00001524    00000062     libc.a : memset16.S.obj (.text:memset)
                  00001586    00000002     --HOLE-- [fill = 0]
                  00001588    0000005c     ti_msp_dl_config.o (.text.SYSCFG_DL_QEI_0_init)
                  000015e4    0000005c     libc.a : printf.c.obj (.text.printf)
                  00001640    00000048     driverlib.a : dl_uart.o (.text.DL_UART_init)
                  00001688    00000042     libclang_rt.builtins.a : fixunsdfsi.S.obj (.text.__fixunsdfsi)
                  000016ca    00000002     --HOLE-- [fill = 0]
                  000016cc    00000040     ti_msp_dl_config.o (.text.SYSCFG_DL_SYSCTL_init)
                  0000170c    00000040     empty.o (.text.TIMA1_IRQHandler)
                  0000174c    00000040     empty.o (.text.TIMG7_IRQHandler)
                  0000178c    00000040     empty.o (.text.UART0_IRQHandler)
                  000017cc    00000040     libclang_rt.builtins.a : aeabi_uidivmod.S.obj (.text.__aeabi_uidivmod)
                  0000180c    00000040                            : extendsfdf2.S.obj (.text.__extendsfdf2)
                  0000184c    0000003c     ti_msp_dl_config.o (.text.SYSCFG_DL_CAPTURE_0_init)
                  00001888    0000003c     ti_msp_dl_config.o (.text.SYSCFG_DL_CAPTURE_1_init)
                  000018c4    0000003c     libclang_rt.builtins.a : floatsisf.S.obj (.text.__floatsisf)
                  00001900    0000003c     libc.a : autoinit.c.obj (.text:__TI_auto_init_nobinit_nopinit)
                  0000193c    0000003a     libclang_rt.builtins.a : muldsi3.S.obj (.text.__muldsi3)
                  00001976    00000002     --HOLE-- [fill = 0]
                  00001978    00000038     ti_msp_dl_config.o (.text.SYSCFG_DL_TIMER_0_init)
                  000019b0    00000038     libclang_rt.builtins.a : fixsfsi.S.obj (.text.__fixsfsi)
                  000019e8    00000028     libc.a : boot_cortex_m.c.obj (.text:_c_int00_noargs)
                  00001a10    00000022            : memccpy.c.obj (.text.memccpy)
                  00001a32    00000002     --HOLE-- [fill = 0]
                  00001a34    00000020     driverlib.a : dl_uart.o (.text.DL_UART_transmitDataBlocking)
                  00001a54    0000001c                 : dl_timer.o (.text.DL_Timer_setCaptCompUpdateMethod)
                  00001a70    0000001c                 : dl_timer.o (.text.DL_Timer_setClockConfig)
                  00001a8c    00000018                 : dl_timer.o (.text.DL_Timer_setCaptureCompareOutCtl)
                  00001aa4    00000014     empty.o (.text.fputc)
                  00001ab8    00000012     driverlib.a : dl_uart.o (.text.DL_UART_setClockConfig)
                  00001aca    00000012     libc.a : copy_decompress_none.c.obj (.text:decompress:none)
                  00001adc    00000010     driverlib.a : dl_timer.o (.text.DL_Timer_setCaptureCompareValue)
                  00001aec    00000010     libc.a : copy_zero_init.c.obj (.text:decompress:ZI)
                  00001afc    0000000e     libclang_rt.builtins.a : aeabi_memset.S.obj (.text.__aeabi_memset)
                  00001b0a    0000000e     libc.a : _printfi.c.obj (.text.strlen)
                  00001b18    0000000c     libclang_rt.builtins.a : aeabi_memset.S.obj (.text.__aeabi_memclr)
                  00001b24    0000000a     driverlib.a : dl_common.o (.text.DL_Common_delayCycles)
                  00001b2e    00000002     --HOLE-- [fill = 0]
                  00001b30    00000008     libclang_rt.builtins.a : aeabi_memcpy.S.obj (.text.__aeabi_memcpy)
                  00001b38    00000008     libc.a : printf.c.obj (.text._outc)
                  00001b40    00000008            : printf.c.obj (.text._outs)
                  00001b48    00000004     startup_mspm0g350x_ticlang.o (.text.Reset_Handler)
                  00001b4c    00000004     libc.a : pre_init.c.obj (.text._system_pre_init)
                  00001b50    00000004            : exit.c.obj (.text:abort)
                  00001b54    00000004     --HOLE-- [fill = 0]

.cinit     0    00001c08    00000058     
                  00001c08    0000002f     (.cinit..data.load) [load image, compression = lzss]
                  00001c37    00000001     --HOLE-- [fill = 0]
                  00001c38    0000000c     (__TI_handler_table)
                  00001c44    00000008     (.cinit..bss.load) [load image, compression = zero_init]
                  00001c4c    00000010     (__TI_cinit_table)
                  00001c5c    00000004     --HOLE-- [fill = 0]

.rodata    0    00001b58    000000b0     
                  00001b58    00000014     ti_msp_dl_config.o (.rodata.gTIMER_0TimerConfig)
                  00001b6c    00000011     libc.a : _printfi.c.obj (.rodata.str1.44690500295887128011)
                  00001b7d    00000003     ti_msp_dl_config.o (.rodata.gCAPTURE_0ClockConfig)
                  00001b80    00000010     ti_msp_dl_config.o (.rodata.gCAPTURE_0CaptureConfig)
                  00001b90    00000010     ti_msp_dl_config.o (.rodata.gCAPTURE_1CaptureConfig)
                  00001ba0    0000000c     driverlib.a : dl_timer.o (.rodata..Lswitch.table.DL_Timer_initCompareMode)
                  00001bac    0000000b     empty.o (.rodata.str1.161173632875555205051)
                  00001bb7    00000001     --HOLE-- [fill = 0]
                  00001bb8    0000000a     ti_msp_dl_config.o (.rodata.gUART_0Config)
                  00001bc2    0000000a     ti_msp_dl_config.o (.rodata.gUART_1Config)
                  00001bcc    0000000a     ti_msp_dl_config.o (.rodata.gUART_2Config)
                  00001bd6    00000009     empty.o (.rodata.str1.7130503275715014631)
                  00001bdf    00000009     empty.o (.rodata.str1.92454112862644078121)
                  00001be8    00000008     ti_msp_dl_config.o (.rodata.gPWM_0Config)
                  00001bf0    00000003     ti_msp_dl_config.o (.rodata.gCAPTURE_1ClockConfig)
                  00001bf3    00000003     ti_msp_dl_config.o (.rodata.gPWM_0ClockConfig)
                  00001bf6    00000003     ti_msp_dl_config.o (.rodata.gQEI_0ClockConfig)
                  00001bf9    00000003     ti_msp_dl_config.o (.rodata.gTIMER_0ClockConfig)
                  00001bfc    00000002     ti_msp_dl_config.o (.rodata.gUART_0ClockConfig)
                  00001bfe    00000002     ti_msp_dl_config.o (.rodata.gUART_1ClockConfig)
                  00001c00    00000002     ti_msp_dl_config.o (.rodata.gUART_2ClockConfig)
                  00001c02    00000006     --HOLE-- [fill = 0]

.init_array 
*          0    00000000    00000000     UNINITIALIZED

.binit     0    00000000    00000000     

.bss       0    20200000    00000495     UNINITIALIZED
                  20200000    000000bc     (.common:gCAPTURE_1Backup)
                  202000bc    000000bc     (.common:gPWM_0Backup)
                  20200178    0000007f     (.common:gEchoData_0)
                  202001f7    0000007f     (.common:gEchoData_1)
                  20200276    0000007f     (.common:gEchoData_2)
                  202002f5    00000003     --HOLE--
                  202002f8    00000078     (.common:gCAPTURE_0Backup)
                  20200370    00000078     (.common:gQEI_0Backup)
                  202003e8    00000078     (.common:gTIMER_0Backup)
                  20200460    00000030     (.common:gUART_2Backup)
                  20200490    00000005     (.common:line)

.data      0    20200498    00000176     UNINITIALIZED
                  20200498    000000f0     libc.a : defs.c.obj (.data._ftable)
                  20200588    00000028     empty.o (.data.speed_Record_Left)
                  202005b0    00000028     empty.o (.data.speed_Record_Right)
                  202005d8    00000004     libc.a : _lock.c.obj (.data._lock)
                  202005dc    00000004            : _lock.c.obj (.data._unlock)
                  202005e0    00000004     empty.o (.data.cnt1)
                  202005e4    00000004     empty.o (.data.cnt1_last)
                  202005e8    00000004     empty.o (.data.cnt2)
                  202005ec    00000004     empty.o (.data.cnt2_last)
                  202005f0    00000004     empty.o (.data.velocity_left)
                  202005f4    00000004     empty.o (.data.velocity_left_filtered)
                  202005f8    00000004     empty.o (.data.velocity_left_read)
                  202005fc    00000004     empty.o (.data.velocity_right)
                  20200600    00000004     empty.o (.data.velocity_right_filtered)
                  20200604    00000004     empty.o (.data.velocity_right_read)
                  20200608    00000001     empty.o (.data.UART_Count_0)
                  20200609    00000001     empty.o (.data.UART_Count_1)
                  2020060a    00000001     empty.o (.data.UART_Count_2)
                  2020060b    00000001     empty.o (.data.dir1)
                  2020060c    00000001     empty.o (.data.dir2)
                  2020060d    00000001     empty.o (.data.mission_flag)

.stack     0    20207e00    00000200     UNINITIALIZED
                  20207e00    00000004     libc.a : boot_cortex_m.c.obj (.stack)
                  20207e04    000001fc     --HOLE--

__llvm_prf_cnts 
*          0    20200000    00000000     UNINITIALIZED

__llvm_prf_bits 
*          0    20200000    00000000     UNINITIALIZED

MODULE SUMMARY

       Module                         code   ro data   rw data
       ------                         ----   -------   -------
    .\
       empty.o                        1776   29        512    
       ti_msp_dl_config.o             1260   111       784    
       startup_mspm0g350x_ticlang.o   6      192       0      
    +--+------------------------------+------+---------+---------+
       Total:                         3042   332       1296   
                                                              
    D:/CCS1217/mspm0_sdk_2_01_00_03/source/ti/driverlib/lib/ticlang/m0p/mspm0g1x0x_g3x0x/driverlib.a
       dl_timer.o                     924    12        0      
       dl_uart.o                      122    0         0      
       dl_common.o                    10     0         0      
    +--+------------------------------+------+---------+---------+
       Total:                         1056   12        0      
                                                              
    D:\CCS1217\ccs\tools\compiler\ti-cgt-armllvm_3.2.2.LTS\lib\armv6m-ti-none-eabi/c/libc.a
       _printfi.c.obj                 658    17        0      
       defs.c.obj                     0      0         240    
       memcpy16.S.obj                 154    0         0      
       copy_decompress_lzss.c.obj     120    0         0      
       printf.c.obj                   108    0         0      
       memset16.S.obj                 98     0         0      
       autoinit.c.obj                 60     0         0      
       boot_cortex_m.c.obj            40     0         0      
       memccpy.c.obj                  34     0         0      
       copy_decompress_none.c.obj     18     0         0      
       copy_zero_init.c.obj           16     0         0      
       _lock.c.obj                    2      0         8      
       exit.c.obj                     4      0         0      
       pre_init.c.obj                 4      0         0      
    +--+------------------------------+------+---------+---------+
       Total:                         1316   17        248    
                                                              
    D:\CCS1217\ccs\tools\compiler\ti-cgt-armllvm_3.2.2.LTS\lib\clang/15.0.7/lib/armv6m-ti-none-eabi/libclang_rt.builtins.a
       adddf3.S.obj                   402    0         0      
       muldf3.S.obj                   228    0         0      
       addsf3.S.obj                   216    0         0      
       divsf3.S.obj                   130    0         0      
       fixunsdfsi.S.obj               66     0         0      
       aeabi_uidivmod.S.obj           64     0         0      
       extendsfdf2.S.obj              64     0         0      
       floatsisf.S.obj                60     0         0      
       muldsi3.S.obj                  58     0         0      
       fixsfsi.S.obj                  56     0         0      
       aeabi_memset.S.obj             26     0         0      
       aeabi_memcpy.S.obj             8      0         0      
       aeabi_div0.c.obj               2      0         0      
    +--+------------------------------+------+---------+---------+
       Total:                         1380   0         0      
                                                              
       Stack:                         0      0         512    
       Linker Generated:              0      83        0      
    +--+------------------------------+------+---------+---------+
       Grand Total:                   6794   444       2056   


LINKER GENERATED COPY TABLES

__TI_cinit_table @ 00001c4c records: 2, size/record: 8, table size: 16
	.data: load addr=00001c08, load size=0000002f bytes, run addr=20200498, run size=00000176 bytes, compression=lzss
	.bss: load addr=00001c44, load size=00000008 bytes, run addr=20200000, run size=00000495 bytes, compression=zero_init


LINKER GENERATED HANDLER TABLE

__TI_handler_table @ 00001c38 records: 3, size/record: 4, table size: 12
	index: 0, handler: __TI_decompress_lzss
	index: 1, handler: __TI_decompress_none
	index: 2, handler: __TI_zero_init


GLOBAL SYMBOLS: SORTED ALPHABETICALLY BY Name 

address   name                            
-------   ----                            
00000693  ADC0_IRQHandler                 
00000693  ADC1_IRQHandler                 
00000693  AES_IRQHandler                  
00000345  Buffer_Handle_0                 
00001b50  C$$EXIT                         
00000693  CANFD0_IRQHandler               
00000693  DAC0_IRQHandler                 
00001b25  DL_Common_delayCycles           
00001211  DL_TimerA_initPWMMode           
00000695  DL_Timer_initCaptureMode        
00000cf9  DL_Timer_initPWMMode            
0000098d  DL_Timer_initTimerMode          
00001a55  DL_Timer_setCaptCompUpdateMethod
00001a8d  DL_Timer_setCaptureCompareOutCtl
00001add  DL_Timer_setCaptureCompareValue 
00001a71  DL_Timer_setClockConfig         
00001641  DL_UART_init                    
00001ab9  DL_UART_setClockConfig          
00001a35  DL_UART_transmitDataBlocking    
00000693  DMA_IRQHandler                  
00000693  Default_Handler                 
00000693  GROUP0_IRQHandler               
00000693  GROUP1_IRQHandler               
00000693  HardFault_Handler               
00000693  I2C0_IRQHandler                 
00000693  I2C1_IRQHandler                 
00000693  NMI_Handler                     
00000693  PendSV_Handler                  
00000693  RTC_IRQHandler                  
00001b49  Reset_Handler                   
00000693  SPI0_IRQHandler                 
00000693  SPI1_IRQHandler                 
00000693  SVC_Handler                     
0000184d  SYSCFG_DL_CAPTURE_0_init        
00001889  SYSCFG_DL_CAPTURE_1_init        
0000106d  SYSCFG_DL_GPIO_init             
00000c31  SYSCFG_DL_PWM_0_init            
00001589  SYSCFG_DL_QEI_0_init            
000016cd  SYSCFG_DL_SYSCTL_init           
00001979  SYSCFG_DL_TIMER_0_init          
00001309  SYSCFG_DL_UART_0_init           
00001379  SYSCFG_DL_UART_1_init           
000013e9  SYSCFG_DL_UART_2_init           
00001459  SYSCFG_DL_init                  
00001105  SYSCFG_DL_initPower             
000014c1  Speed_Low_Filter                
00000693  SysTick_Handler                 
00000693  TIMA0_IRQHandler                
0000170d  TIMA1_IRQHandler                
00000693  TIMG0_IRQHandler                
00000693  TIMG12_IRQHandler               
00000e81  TIMG6_IRQHandler                
0000174d  TIMG7_IRQHandler                
00000693  TIMG8_IRQHandler                
0000178d  UART0_IRQHandler                
000008a1  UART1_IRQHandler                
00000693  UART2_IRQHandler                
000007a5  UART3_IRQHandler                
20200608  UART_Count_0                    
20200609  UART_Count_1                    
2020060a  UART_Count_2                    
20208000  __STACK_END                     
00000200  __STACK_SIZE                    
00000000  __TI_ATRegion0_region_sz        
00000000  __TI_ATRegion0_src_addr         
00000000  __TI_ATRegion0_trg_addr         
00000000  __TI_ATRegion1_region_sz        
00000000  __TI_ATRegion1_src_addr         
00000000  __TI_ATRegion1_trg_addr         
00000000  __TI_ATRegion2_region_sz        
00000000  __TI_ATRegion2_src_addr         
00000000  __TI_ATRegion2_trg_addr         
00001c4c  __TI_CINIT_Base                 
00001c5c  __TI_CINIT_Limit                
00001c5c  __TI_CINIT_Warm                 
00001c38  __TI_Handler_Table_Base         
00001c44  __TI_Handler_Table_Limit        
00001901  __TI_auto_init_nobinit_nopinit  
00001291  __TI_decompress_lzss            
00001acb  __TI_decompress_none            
ffffffff  __TI_pprof_out_hndl             
000000c1  __TI_printfi_minimal            
ffffffff  __TI_prof_data_size             
ffffffff  __TI_prof_data_start            
00000000  __TI_static_base__              
00001aed  __TI_zero_init                  
0000050b  __adddf3                        
00000b63  __addsf3                        
00001689  __aeabi_d2uiz                   
0000050b  __aeabi_dadd                    
00000a75  __aeabi_dmul                    
00000501  __aeabi_dsub                    
0000180d  __aeabi_f2d                     
000019b1  __aeabi_f2iz                    
00000b63  __aeabi_fadd                    
0000118d  __aeabi_fdiv                    
00000b59  __aeabi_fsub                    
000018c5  __aeabi_i2f                     
0000106b  __aeabi_idiv0                   
00001b19  __aeabi_memclr                  
00001b19  __aeabi_memclr4                 
00001b19  __aeabi_memclr8                 
00001b31  __aeabi_memcpy                  
00001b31  __aeabi_memcpy4                 
00001b31  __aeabi_memcpy8                 
00001afd  __aeabi_memset                  
00001afd  __aeabi_memset4                 
00001afd  __aeabi_memset8                 
000017cd  __aeabi_uidiv                   
000017cd  __aeabi_uidivmod                
ffffffff  __binit__                       
0000118d  __divsf3                        
0000180d  __extendsfdf2                   
000019b1  __fixsfsi                       
00001689  __fixunsdfsi                    
000018c5  __floatsisf                     
UNDEFED   __mpu_init                      
00000a75  __muldf3                        
0000193d  __muldsi3                       
20207e00  __stack                         
20200000  __start___llvm_prf_bits         
20200000  __start___llvm_prf_cnts         
20200000  __stop___llvm_prf_bits          
20200000  __stop___llvm_prf_cnts          
00000501  __subdf3                        
00000b59  __subsf3                        
000019e9  _c_int00_noargs                 
20200498  _ftable                         
202005d8  _lock                           
0000120f  _nop                            
UNDEFED   _system_post_cinit              
00001b4d  _system_pre_init                
202005dc  _unlock                         
00001b51  abort                           
ffffffff  binit                           
202005e0  cnt1                            
202005e4  cnt1_last                       
202005e8  cnt2                            
202005ec  cnt2_last                       
2020060b  dir1                            
2020060c  dir2                            
00001aa5  fputc                           
00000dbd  fputs                           
202002f8  gCAPTURE_0Backup                
20200000  gCAPTURE_1Backup                
20200178  gEchoData_0                     
202001f7  gEchoData_1                     
20200276  gEchoData_2                     
202000bc  gPWM_0Backup                    
20200370  gQEI_0Backup                    
202003e8  gTIMER_0Backup                  
20200460  gUART_2Backup                   
00000000  interruptVectors                
20200490  line                            
00000f29  main                            
00001a11  memccpy                         
00000fd1  memcpy                          
00001525  memset                          
2020060d  mission_flag                    
000015e5  printf                          
20200588  speed_Record_Left               
202005b0  speed_Record_Right              
202005f0  velocity_left                   
202005f4  velocity_left_filtered          
202005f8  velocity_left_read              
202005fc  velocity_right                  
20200600  velocity_right_filtered         
20200604  velocity_right_read             


GLOBAL SYMBOLS: SORTED BY Symbol Address 

address   name                            
-------   ----                            
00000000  __TI_ATRegion0_region_sz        
00000000  __TI_ATRegion0_src_addr         
00000000  __TI_ATRegion0_trg_addr         
00000000  __TI_ATRegion1_region_sz        
00000000  __TI_ATRegion1_src_addr         
00000000  __TI_ATRegion1_trg_addr         
00000000  __TI_ATRegion2_region_sz        
00000000  __TI_ATRegion2_src_addr         
00000000  __TI_ATRegion2_trg_addr         
00000000  __TI_static_base__              
00000000  interruptVectors                
000000c1  __TI_printfi_minimal            
00000200  __STACK_SIZE                    
00000345  Buffer_Handle_0                 
00000501  __aeabi_dsub                    
00000501  __subdf3                        
0000050b  __adddf3                        
0000050b  __aeabi_dadd                    
00000693  ADC0_IRQHandler                 
00000693  ADC1_IRQHandler                 
00000693  AES_IRQHandler                  
00000693  CANFD0_IRQHandler               
00000693  DAC0_IRQHandler                 
00000693  DMA_IRQHandler                  
00000693  Default_Handler                 
00000693  GROUP0_IRQHandler               
00000693  GROUP1_IRQHandler               
00000693  HardFault_Handler               
00000693  I2C0_IRQHandler                 
00000693  I2C1_IRQHandler                 
00000693  NMI_Handler                     
00000693  PendSV_Handler                  
00000693  RTC_IRQHandler                  
00000693  SPI0_IRQHandler                 
00000693  SPI1_IRQHandler                 
00000693  SVC_Handler                     
00000693  SysTick_Handler                 
00000693  TIMA0_IRQHandler                
00000693  TIMG0_IRQHandler                
00000693  TIMG12_IRQHandler               
00000693  TIMG8_IRQHandler                
00000693  UART2_IRQHandler                
00000695  DL_Timer_initCaptureMode        
000007a5  UART3_IRQHandler                
000008a1  UART1_IRQHandler                
0000098d  DL_Timer_initTimerMode          
00000a75  __aeabi_dmul                    
00000a75  __muldf3                        
00000b59  __aeabi_fsub                    
00000b59  __subsf3                        
00000b63  __addsf3                        
00000b63  __aeabi_fadd                    
00000c31  SYSCFG_DL_PWM_0_init            
00000cf9  DL_Timer_initPWMMode            
00000dbd  fputs                           
00000e81  TIMG6_IRQHandler                
00000f29  main                            
00000fd1  memcpy                          
0000106b  __aeabi_idiv0                   
0000106d  SYSCFG_DL_GPIO_init             
00001105  SYSCFG_DL_initPower             
0000118d  __aeabi_fdiv                    
0000118d  __divsf3                        
0000120f  _nop                            
00001211  DL_TimerA_initPWMMode           
00001291  __TI_decompress_lzss            
00001309  SYSCFG_DL_UART_0_init           
00001379  SYSCFG_DL_UART_1_init           
000013e9  SYSCFG_DL_UART_2_init           
00001459  SYSCFG_DL_init                  
000014c1  Speed_Low_Filter                
00001525  memset                          
00001589  SYSCFG_DL_QEI_0_init            
000015e5  printf                          
00001641  DL_UART_init                    
00001689  __aeabi_d2uiz                   
00001689  __fixunsdfsi                    
000016cd  SYSCFG_DL_SYSCTL_init           
0000170d  TIMA1_IRQHandler                
0000174d  TIMG7_IRQHandler                
0000178d  UART0_IRQHandler                
000017cd  __aeabi_uidiv                   
000017cd  __aeabi_uidivmod                
0000180d  __aeabi_f2d                     
0000180d  __extendsfdf2                   
0000184d  SYSCFG_DL_CAPTURE_0_init        
00001889  SYSCFG_DL_CAPTURE_1_init        
000018c5  __aeabi_i2f                     
000018c5  __floatsisf                     
00001901  __TI_auto_init_nobinit_nopinit  
0000193d  __muldsi3                       
00001979  SYSCFG_DL_TIMER_0_init          
000019b1  __aeabi_f2iz                    
000019b1  __fixsfsi                       
000019e9  _c_int00_noargs                 
00001a11  memccpy                         
00001a35  DL_UART_transmitDataBlocking    
00001a55  DL_Timer_setCaptCompUpdateMethod
00001a71  DL_Timer_setClockConfig         
00001a8d  DL_Timer_setCaptureCompareOutCtl
00001aa5  fputc                           
00001ab9  DL_UART_setClockConfig          
00001acb  __TI_decompress_none            
00001add  DL_Timer_setCaptureCompareValue 
00001aed  __TI_zero_init                  
00001afd  __aeabi_memset                  
00001afd  __aeabi_memset4                 
00001afd  __aeabi_memset8                 
00001b19  __aeabi_memclr                  
00001b19  __aeabi_memclr4                 
00001b19  __aeabi_memclr8                 
00001b25  DL_Common_delayCycles           
00001b31  __aeabi_memcpy                  
00001b31  __aeabi_memcpy4                 
00001b31  __aeabi_memcpy8                 
00001b49  Reset_Handler                   
00001b4d  _system_pre_init                
00001b50  C$$EXIT                         
00001b51  abort                           
00001c38  __TI_Handler_Table_Base         
00001c44  __TI_Handler_Table_Limit        
00001c4c  __TI_CINIT_Base                 
00001c5c  __TI_CINIT_Limit                
00001c5c  __TI_CINIT_Warm                 
20200000  __start___llvm_prf_bits         
20200000  __start___llvm_prf_cnts         
20200000  __stop___llvm_prf_bits          
20200000  __stop___llvm_prf_cnts          
20200000  gCAPTURE_1Backup                
202000bc  gPWM_0Backup                    
20200178  gEchoData_0                     
202001f7  gEchoData_1                     
20200276  gEchoData_2                     
202002f8  gCAPTURE_0Backup                
20200370  gQEI_0Backup                    
202003e8  gTIMER_0Backup                  
20200460  gUART_2Backup                   
20200490  line                            
20200498  _ftable                         
20200588  speed_Record_Left               
202005b0  speed_Record_Right              
202005d8  _lock                           
202005dc  _unlock                         
202005e0  cnt1                            
202005e4  cnt1_last                       
202005e8  cnt2                            
202005ec  cnt2_last                       
202005f0  velocity_left                   
202005f4  velocity_left_filtered          
202005f8  velocity_left_read              
202005fc  velocity_right                  
20200600  velocity_right_filtered         
20200604  velocity_right_read             
20200608  UART_Count_0                    
20200609  UART_Count_1                    
2020060a  UART_Count_2                    
2020060b  dir1                            
2020060c  dir2                            
2020060d  mission_flag                    
20207e00  __stack                         
20208000  __STACK_END                     
ffffffff  __TI_pprof_out_hndl             
ffffffff  __TI_prof_data_size             
ffffffff  __TI_prof_data_start            
ffffffff  __binit__                       
ffffffff  binit                           
UNDEFED   __mpu_init                      
UNDEFED   _system_post_cinit              

[168 symbols]
